Component: ARM Compiler 5.06 update 7 (build 960) Tool: armlink [4d3601]

==============================================================================

Section Cross References

    can.o(i.Can_CheckCanStatus) refers to control.o(.data) for pC
    can.o(i.Can_CheckStatus) refers to can.o(i.Can_CheckCanStatus) for Can_CheckCanStatus
    can.o(i.Can_CheckStatus) refers to control.o(.data) for pC
    can.o(i.Can_Conf) refers to can.o(i.Can_StructConf) for Can_StructConf
    can.o(i.Can_Conf) refers to can.o(i.Can_FiltersConf) for Can_FiltersConf
    can.o(i.Can_Conf) refers to can.o(i.Can_TxBufferConf) for Can_TxBufferConf
    can.o(i.Can_Conf) refers to can.o(i.Can_FdcanConf) for Can_FdcanConf
    can.o(i.Can_FdcanConf) refers to can.o(i.__NVIC_EnableIRQ) for __NVIC_EnableIRQ
    can.o(i.Can_FdcanConf) refers to control.o(.data) for pC
    can.o(i.Can_FiltersConf) refers to control.o(.data) for pC
    can.o(i.Can_ReadFrameChangeConfResponse) refers to control.o(.data) for pC
    can.o(i.Can_ReadFrameChangeFsmResponse) refers to control.o(.data) for pC
    can.o(i.Can_ReadFrameMoveResponse) refers to control.o(.data) for pC
    can.o(i.Can_ReadFramesFromBuffer) refers to can.o(i.Can_ReadFrameMoveResponse) for Can_ReadFrameMoveResponse
    can.o(i.Can_ReadFramesFromBuffer) refers to can.o(i.Can_ReadFrameChangeFsmResponse) for Can_ReadFrameChangeFsmResponse
    can.o(i.Can_ReadFramesFromBuffer) refers to can.o(i.Can_ReadFrameChangeConfResponse) for Can_ReadFrameChangeConfResponse
    can.o(i.Can_SendDataToJoints) refers to can.o(i.Can_SendFrameToDevices) for Can_SendFrameToDevices
    can.o(i.Can_SendDataToJoints) refers to can.o(i.Can_CheckStatus) for Can_CheckStatus
    can.o(i.Can_SendDataToJoints) refers to control.o(.data) for pC
    can.o(i.Can_SendFrameChangeFsm) refers to control.o(.data) for pC
    can.o(i.Can_SendFrameChangeMode) refers to control.o(.data) for pC
    can.o(i.Can_SendFrameMove) refers to control.o(.data) for pC
    can.o(i.Can_SendFrameOccurred) refers to control.o(.data) for pC
    can.o(i.Can_SendFrameResetAllDevices) refers to control.o(.data) for pC
    can.o(i.Can_SendFrameResetGripper) refers to control.o(.data) for pC
    can.o(i.Can_SendFrameResetJoint0) refers to control.o(.data) for pC
    can.o(i.Can_SendFrameResetJoint1) refers to control.o(.data) for pC
    can.o(i.Can_SendFrameResetJoint2) refers to control.o(.data) for pC
    can.o(i.Can_SendFrameResetJoint3) refers to control.o(.data) for pC
    can.o(i.Can_SendFrameResetJoint4) refers to control.o(.data) for pC
    can.o(i.Can_SendFrameResetJoint5) refers to control.o(.data) for pC
    can.o(i.Can_SendFrameToDevices) refers to control.o(.data) for pC
    can.o(i.Can_StructConf) refers to control.o(.data) for pC
    can.o(i.Can_TxBufferConf) refers to control.o(.data) for pC
    can.o(i.Can_TxBufferConf) refers to can.o(i.Can_SendFrameMove) for Can_SendFrameMove
    can.o(i.Can_TxBufferConf) refers to can.o(i.Can_SendFrameChangeFsm) for Can_SendFrameChangeFsm
    can.o(i.Can_TxBufferConf) refers to can.o(i.Can_SendFrameChangeMode) for Can_SendFrameChangeMode
    can.o(i.Can_TxBufferConf) refers to can.o(i.Can_SendFrameResetAllDevices) for Can_SendFrameResetAllDevices
    can.o(i.Can_TxBufferConf) refers to can.o(i.Can_SendFrameResetJoint0) for Can_SendFrameResetJoint0
    can.o(i.Can_TxBufferConf) refers to can.o(i.Can_SendFrameResetJoint1) for Can_SendFrameResetJoint1
    can.o(i.Can_TxBufferConf) refers to can.o(i.Can_SendFrameResetJoint2) for Can_SendFrameResetJoint2
    can.o(i.Can_TxBufferConf) refers to can.o(i.Can_SendFrameResetJoint3) for Can_SendFrameResetJoint3
    can.o(i.Can_TxBufferConf) refers to can.o(i.Can_SendFrameResetJoint4) for Can_SendFrameResetJoint4
    can.o(i.Can_TxBufferConf) refers to can.o(i.Can_SendFrameResetJoint5) for Can_SendFrameResetJoint5
    can.o(i.Can_TxBufferConf) refers to can.o(i.Can_SendFrameResetGripper) for Can_SendFrameResetGripper
    can.o(i.FDCAN1_IT0_IRQHandler) refers to can.o(i.Can_SendFrameOccurred) for Can_SendFrameOccurred
    can.o(i.FDCAN1_IT0_IRQHandler) refers to can.o(i.Can_ReadFramesFromBuffer) for Can_ReadFramesFromBuffer
    control.o(i.Control_CheckErrorFlags) refers to control.o(i.Control_CheckParkBrakeTimeout) for Control_CheckParkBrakeTimeout
    control.o(i.Control_CheckErrorFlags) refers to control.o(i.Control_SafetyOutOff) for Control_SafetyOutOff
    control.o(i.Control_CheckErrorFlags) refers to control.o(.data) for .data
    control.o(i.Control_CheckLimits) refers to control.o(.data) for .data
    control.o(i.Control_CheckParkBrakeTimeout) refers to inputsoutputs.o(i.IO_ParkBrakeInRead) for IO_ParkBrakeInRead
    control.o(i.Control_CheckParkBrakeTimeout) refers to control.o(.data) for .data
    control.o(i.Control_ClearExternallErrorsViaCan) refers to control.o(.data) for .data
[...]
    MBS_ActTelemetry                         0x08000999   Thumb Code  1494  mb_rtu_slave.o(i.MBS_ActTelemetry)
    i.MBS_ClrStr                             0x08000f6e   Section        0  mb_rtu_slave.o(i.MBS_ClrStr)
    MBS_ClrStr                               0x08000f6f   Thumb Code    16  mb_rtu_slave.o(i.MBS_ClrStr)
    i.MBS_ComUart2Conf                       0x08000f80   Section        0  mb_rtu_slave.o(i.MBS_ComUart2Conf)
    MBS_ComUart2Conf                         0x08000f81   Thumb Code   164  mb_rtu_slave.o(i.MBS_ComUart2Conf)
    i.MBS_Conf                               0x08001044   Section        0  mb_rtu_slave.o(i.MBS_Conf)
    i.MBS_Crc16                              0x08001090   Section        0  mb_rtu_slave.o(i.MBS_Crc16)
    MBS_Crc16                                0x08001091   Thumb Code    48  mb_rtu_slave.o(i.MBS_Crc16)
    i.MBS_ReadRequest                        0x080010c0   Section        0  mb_rtu_slave.o(i.MBS_ReadRequest)
    MBS_ReadRequest                          0x080010c1   Thumb Code   364  mb_rtu_slave.o(i.MBS_ReadRequest)
    i.MBS_ReinitDmaReadStream                0x08001230   Section        0  mb_rtu_slave.o(i.MBS_ReinitDmaReadStream)
    MBS_ReinitDmaReadStream                  0x08001231   Thumb Code    34  mb_rtu_slave.o(i.MBS_ReinitDmaReadStream)
    i.MBS_ReinitDmaWriteStream               0x08001258   Section        0  mb_rtu_slave.o(i.MBS_ReinitDmaWriteStream)
    MBS_ReinitDmaWriteStream                 0x08001259   Thumb Code    30  mb_rtu_slave.o(i.MBS_ReinitDmaWriteStream)
    i.MBS_ResponseError_IDR                  0x0800127c   Section        0  mb_rtu_slave.o(i.MBS_ResponseError_IDR)
    MBS_ResponseError_IDR                    0x0800127d   Thumb Code    68  mb_rtu_slave.o(i.MBS_ResponseError_IDR)
    i.MBS_Response_RnDQ                      0x080012c4   Section        0  mb_rtu_slave.o(i.MBS_Response_RnDQ)
    MBS_Response_RnDQ                        0x080012c5   Thumb Code   132  mb_rtu_slave.o(i.MBS_Response_RnDQ)
    i.MBS_Response_RnHR                      0x0800134c   Section        0  mb_rtu_slave.o(i.MBS_Response_RnHR)
    MBS_Response_RnHR                        0x0800134d   Thumb Code   132  mb_rtu_slave.o(i.MBS_Response_RnHR)
    i.MBS_Response_W1HR                      0x080013d4   Section        0  mb_rtu_slave.o(i.MBS_Response_W1HR)
    MBS_Response_W1HR                        0x080013d5   Thumb Code    96  mb_rtu_slave.o(i.MBS_Response_W1HR)
    i.MBS_Response_WnDQ                      0x08001438   Section        0  mb_rtu_slave.o(i.MBS_Response_WnDQ)
    MBS_Response_WnDQ                        0x08001439   Thumb Code   166  mb_rtu_slave.o(i.MBS_Response_WnDQ)
    i.MBS_Response_WnHR                      0x080014e4   Section        0  mb_rtu_slave.o(i.MBS_Response_WnHR)
    MBS_Response_WnHR                        0x080014e5   Thumb Code   124  mb_rtu_slave.o(i.MBS_Response_WnHR)
    i.MBS_StructConf                         0x08001564   Section        0  mb_rtu_slave.o(i.MBS_StructConf)
    MBS_StructConf                           0x08001565   Thumb Code    80  mb_rtu_slave.o(i.MBS_StructConf)
    i.MBS_UseNewArmModel                     0x080015c0   Section        0  mb_rtu_slave.o(i.MBS_UseNewArmModel)
    MBS_UseNewArmModel                       0x080015c1   Thumb Code   288  mb_rtu_slave.o(i.MBS_UseNewArmModel)
    i.MBS_UseNewPidParam                     0x080016e8   Section        0  mb_rtu_slave.o(i.MBS_UseNewPidParam)
    MBS_UseNewPidParam                       0x080016e9   Thumb Code   266  mb_rtu_slave.o(i.MBS_UseNewPidParam)
    i.SystemInit                             0x080017fc   Section        0  system_stm32h7xx_dualcore_boot_cm4_cm7.o(i.SystemInit)
    i.TIM5_IRQHandler                        0x080018fc   Section        0  mb_rtu_slave.o(i.TIM5_IRQHandler)
    i.USART2_IRQHandler                      0x08001924   Section        0  mb_rtu_slave.o(i.USART2_IRQHandler)
    i.__ARM_fpclassify                       0x08001968   Section        0  fpclassify.o(i.__ARM_fpclassify)
    i.__NVIC_EnableIRQ                       0x08001998   Section        0  mb_rtu_slave.o(i.__NVIC_EnableIRQ)
    __NVIC_EnableIRQ                         0x08001999   Thumb Code    26  mb_rtu_slave.o(i.__NVIC_EnableIRQ)
    i.__hardfp_acos                          0x080019b8   Section        0  acos.o(i.__hardfp_acos)
    i.__hardfp_atan                          0x08001bd0   Section        0  atan.o(i.__hardfp_atan)
    i.__hardfp_atan2                         0x08001dd0   Section        0  atan2.o(i.__hardfp_atan2)
    i.__hardfp_cos                           0x08001f98   Section        0  cos.o(i.__hardfp_cos)
    i.__hardfp_pow                           0x08002048   Section        0  pow.o(i.__hardfp_pow)
    i.__hardfp_sin                           0x08002940   Section        0  sin.o(i.__hardfp_sin)
    i.__hardfp_sqrt                          0x080029f0   Section        0  sqrt.o(i.__hardfp_sqrt)
    i.__ieee754_rem_pio2                     0x08002a58   Section        0  rred.o(i.__ieee754_rem_pio2)
    i.__kernel_cos                           0x08002d68   Section        0  cos_i.o(i.__kernel_cos)
    i.__kernel_poly                          0x08002e48   Section        0  poly.o(i.__kernel_poly)
    i.__kernel_sin                           0x08002eb8   Section        0  sin_i.o(i.__kernel_sin)
    i.__mathlib_dbl_divzero                  0x08002f60   Section        0  dunder.o(i.__mathlib_dbl_divzero)
    i.__mathlib_dbl_infnan                   0x08002f80   Section        0  dunder.o(i.__mathlib_dbl_infnan)
    i.__mathlib_dbl_infnan2                  0x08002f86   Section        0  dunder.o(i.__mathlib_dbl_infnan2)
    i.__mathlib_dbl_invalid                  0x08002f90   Section        0  dunder.o(i.__mathlib_dbl_invalid)
    i.__mathlib_dbl_overflow                 0x08002fa8   Section        0  dunder.o(i.__mathlib_dbl_overflow)
    i.__mathlib_dbl_underflow                0x08002fc0   Section        0  dunder.o(i.__mathlib_dbl_underflow)
    i.atan                                   0x08002fd8   Section        0  atan.o(i.atan)
    i.fabs                                   0x08002fe8   Section        0  fabs.o(i.fabs)
    i.main                                   0x08003000   Section        0  main.o(i.main)
    i.sqrt                                   0x0800300a   Section        0  sqrt.o(i.sqrt)
    x$fpl$dcheck1                            0x08003074   Section       16  dcheck1.o(x$fpl$dcheck1)
    $v0                                      0x08003074   Number         0  dcheck1.o(x$fpl$dcheck1)
    x$fpl$fpinit                             0x08003084   Section       10  fpinit.o(x$fpl$fpinit)
    $v0                                      0x08003084   Number         0  fpinit.o(x$fpl$fpinit)
    x$fpl$retnan                             0x0800308e   Section      100  retnan.o(x$fpl$retnan)
    $v0                                      0x0800308e   Number         0  retnan.o(x$fpl$retnan)
    x$fpl$scalbn                             0x080030f2   Section       92  scalbn.o(x$fpl$scalbn)
    $v0                                      0x080030f2   Number         0  scalbn.o(x$fpl$scalbn)
    x$fpl$trapveneer                         0x0800314e   Section       48  trapv.o(x$fpl$trapveneer)
    $v0                                      0x0800314e   Number         0  trapv.o(x$fpl$trapveneer)
    x$fpl$usenofp                            0x0800317e   Section        0  usenofp.o(x$fpl$usenofp)
    .constdata                               0x08003180   Section       80  acos.o(.constdata)
    pS                                       0x08003180   Data          48  acos.o(.constdata)
    qS                                       0x080031b0   Data          32  acos.o(.constdata)
    .constdata                               0x080031d0   Section      136  pow.o(.constdata)
    bp                                       0x080031d0   Data          16  pow.o(.constdata)
    dp_h                                     0x080031e0   Data          16  pow.o(.constdata)
    dp_l                                     0x080031f0   Data          16  pow.o(.constdata)
    L                                        0x08003200   Data          48  pow.o(.constdata)
    P                                        0x08003230   Data          40  pow.o(.constdata)
    .constdata                               0x08003258   Section      152  atan.o(.constdata)
    atanhi                                   0x08003258   Data          32  atan.o(.constdata)
    atanlo                                   0x08003278   Data          32  atan.o(.constdata)
    aTodd                                    0x08003298   Data          40  atan.o(.constdata)
    aTeven                                   0x080032c0   Data          48  atan.o(.constdata)
    .constdata                               0x080032f0   Section       48  cos_i.o(.constdata)
    C                                        0x080032f0   Data          48  cos_i.o(.constdata)
    .constdata                               0x08003320   Section        8  qnan.o(.constdata)
    .constdata                               0x08003328   Section      200  rred.o(.constdata)
    pio2s                                    0x08003328   Data          48  rred.o(.constdata)
    twooverpi                                0x08003358   Data         152  rred.o(.constdata)
    .constdata                               0x080033f0   Section       40  sin_i.o(.constdata)
    S                                        0x080033f0   Data          40  sin_i.o(.constdata)
    .data                                    0x20000000   Section        4  control.o(.data)
    .data                                    0x20000008   Section       56  rnea.o(.data)
    .data                                    0x20000040   Section        8  trajgen.o(.data)
    .bss                                     0x20000048   Section    30040  control.o(.bss)
    .bss                                     0x200075a0   Section     8832  rnea.o(.bss)
    .bss                                     0x20009820   Section       96  libspace.o(.bss)
    HEAP                                     0x20009880   Section     3840  startup_stm32h745xx.o(HEAP)
    Heap_Mem                                 0x20009880   Data        3840  startup_stm32h745xx.o(HEAP)
    STACK                                    0x2000a780   Section    61440  startup_stm32h745xx.o(STACK)
    Stack_Mem                                0x2000a780   Data       61440  startup_stm32h745xx.o(STACK)
    __initial_sp                             0x20019780   Data           0  startup_stm32h745xx.o(STACK)
    .ARM.__at_0x24000000                     0x24000000   Section    496888  control.o(.ARM.__at_0x24000000)
    .ARM.__at_0x30000000                     0x30000000   Section    40128  control.o(.ARM.__at_0x30000000)
    .ARM.__at_0x38000000                     0x38000000   Section     5024  control.o(.ARM.__at_0x38000000)

    Global Symbols

    Symbol Name                              Value     Ov Type        Size  Object(Section)

    Long Thumb to Thumb Veneer to MBS_Act    0x00000001   Thumb Code    10  anon$$obj.o(Veneer$$Code)
    BuildAttributes$$THM_ISAv4$E$P$D$K$B$S$7EM$VFPv5_D16$PE$PLD8$A:L22UL41UL21$X:L11$S22US41US21$IEEE1$IW$USESV6$~STKCKD$USESV7$~SHL$OTIME$ROPI$IEEEX$EBA8$UX$STANDARDLIB$REQ8$PRES8$EABIv2 0x00000000   Number         0  anon$$obj.o ABSOLUTE
    __ARM_use_no_argv                        0x00000000   Number         0  main.o ABSOLUTE
    __ARM_exceptions_init                     - Undefined Weak Reference
    __alloca_initialize                       - Undefined Weak Reference
    __arm_fini_                               - Undefined Weak Reference
    __arm_preinit_                            - Undefined Weak Reference
    __cpp_initialize__aeabi_                  - Undefined Weak Reference
    __cxa_finalize                            - Undefined Weak Reference
    __rt_locale                               - Undefined Weak Reference
    __sigvec_lookup                           - Undefined Weak Reference
    _atexit_init                              - Undefined Weak Reference
    _call_atexit_fns                          - Undefined Weak Reference
    _clock_init                               - Undefined Weak Reference
    _fp_trap_init                             - Undefined Weak Reference
    _fp_trap_shutdown                         - Undefined Weak Reference
    _get_lc_collate                           - Undefined Weak Reference
    _get_lc_ctype                             - Undefined Weak Reference
    _get_lc_monetary                          - Undefined Weak Reference
    _get_lc_numeric                           - Undefined Weak Reference
    _get_lc_time                              - Undefined Weak Reference
    _getenv_init                              - Undefined Weak Reference
    _handle_redirection                       - Undefined Weak Reference
    _init_alloc                               - Undefined Weak Reference
    _init_user_alloc                          - Undefined Weak Reference
    _initio                                   - Undefined Weak Reference
    _rand_init                                - Undefined Weak Reference
    _signal_finish                            - Undefined Weak Reference
    _signal_init                              - Undefined Weak Reference
    _terminate_alloc                          - Undefined Weak Reference
    _terminate_user_alloc                     - Undefined Weak Reference
    _terminateio                              - Undefined Weak Reference
    Long Thumb to Thumb Veneer to MBS_Conf   0x0000000b   Thumb Code    10  anon$$obj.o(Veneer$$Code)
    Long Thumb to Thumb Veneer to __aeabi_memcpy 0x00000015   Thumb Code    10  anon$$obj.o(Veneer$$Code)
    Long Thumb to Thumb Veneer to __hardfp_cos 0x0000001f   Thumb Code    10  anon$$obj.o(Veneer$$Code)
    Long Thumb to Thumb Veneer to __hardfp_sin 0x00000029   Thumb Code    10  anon$$obj.o(Veneer$$Code)
    Long Thumb to Thumb Veneer to __aeabi_memcpy4 0x00000033   Thumb Code    10  anon$$obj.o(Veneer$$Code)
    Long Thumb to Thumb Veneer to __hardfp_pow 0x0000003d   Thumb Code    10  anon$$obj.o(Veneer$$Code)
    Long Thumb to Thumb Veneer to __hardfp_sqrt 0x00000047   Thumb Code    10  anon$$obj.o(Veneer$$Code)
    Long Thumb to Thumb Veneer to __hardfp_atan2 0x00000051   Thumb Code    10  anon$$obj.o(Veneer$$Code)
    Long Thumb to Thumb Veneer to __hardfp_acos 0x0000005b   Thumb Code    10  anon$$obj.o(Veneer$$Code)
    Can_Conf                                 0x00000279   Thumb Code    30  can.o(i.Can_Conf)
    __Vectors_Size                           0x00000298   Number         0  startup_stm32h745xx.o ABSOLUTE
    Can_SendDataToJoints                     0x00000af9   Thumb Code    92  can.o(i.Can_SendDataToJoints)
    Control_ClearExternallErrorsViaCan       0x000021f1   Thumb Code    80  control.o(i.Control_ClearExternallErrorsViaCan)
    Control_ClearInternallErrorsInJtc        0x00002245   Thumb Code   232  control.o(i.Control_ClearInternallErrorsInJtc)
    Control_ResetDevicesViaCan               0x000030a1   Thumb Code   106  control.o(i.Control_ResetDevicesViaCan)
    Control_SetDefualtArmModel               0x00003345   Thumb Code   876  control.o(i.Control_SetDefualtArmModel)
    Control_SystemConf                       0x00003875   Thumb Code   390  control.o(i.Control_SystemConf)
    Control_TrajClear                        0x00003ab9   Thumb Code   124  control.o(i.Control_TrajClear)
    DMA1_Stream3_IRQHandler                  0x00003d55   Thumb Code    18  debug.o(i.DMA1_Stream3_IRQHandler)
    Debug_Conf                               0x00003e29   Thumb Code    32  debug.o(i.Debug_Conf)
    Debug_PrepareFrame                       0x00003e8d   Thumb Code   924  debug.o(i.Debug_PrepareFrame)
    FDCAN1_IT0_IRQHandler                    0x00004361   Thumb Code    36  can.o(i.FDCAN1_IT0_IRQHandler)
    FDCAN1_IT1_IRQHandler                    0x00004389   Thumb Code   102  can.o(i.FDCAN1_IT1_IRQHandler)
    Gripper_SetResetValuesVariables          0x000043f5   Thumb Code     4  gripper.o(i.Gripper_SetResetValuesVariables)
    Gripper_SetStartValuesVariables          0x000043f9   Thumb Code    52  gripper.o(i.Gripper_SetStartValuesVariables)
    IO_Conf                                  0x00004645   Thumb Code    42  inputsoutputs.o(i.IO_Conf)
    IO_InputsAct                             0x00004679   Thumb Code    70  inputsoutputs.o(i.IO_InputsAct)
    IO_OutputsAct                            0x000046c9   Thumb Code    72  inputsoutputs.o(i.IO_OutputsAct)
    IO_ParkBrakeInRead                       0x00004719   Thumb Code    14  inputsoutputs.o(i.IO_ParkBrakeInRead)
    IO_ParkBrakeLock                         0x0000472d   Thumb Code    20  inputsoutputs.o(i.IO_ParkBrakeLock)
    IO_ParkBrakeUnlock                       0x00004745   Thumb Code    18  inputsoutputs.o(i.IO_ParkBrakeUnlock)
    Joints_CalcFrictionCompensate            0x00004a11   Thumb Code    22  joints.o(i.Joints_CalcFrictionCompensate)
    Joints_CalcInitRegsTorque                0x00004cf5   Thumb Code   126  joints.o(i.Joints_CalcInitRegsTorque)
    Joints_CalcPIDs                          0x00004d79   Thumb Code   272  joints.o(i.Joints_CalcPIDs)
    Joints_FindMinMaxVelTempInFrictionTabeIdx 0x00004e95   Thumb Code   178  joints.o(i.Joints_FindMinMaxVelTempInFrictionTabeIdx)
    Joints_SetDefaultFriction                0x00004f4d   Thumb Code    22  joints.o(i.Joints_SetDefaultFriction)
    Joints_SetDefaultPidParam                0x000052e5   Thumb Code   216  joints.o(i.Joints_SetDefaultPidParam)
    Joints_SetDefaultVariables               0x00005429   Thumb Code   134  joints.o(i.Joints_SetDefaultVariables)
    Joints_SetResetValuesVariables           0x000054bd   Thumb Code   164  joints.o(i.Joints_SetResetValuesVariables)
    Joints_SetStartValuesVariables           0x0000556d   Thumb Code   340  joints.o(i.Joints_SetStartValuesVariables)
    Joints_StartIrValuesVariables            0x0000572d   Thumb Code    76  joints.o(i.Joints_StartIrValuesVariables)
    Joints_StopIrValuesVariables             0x00005785   Thumb Code    44  joints.o(i.Joints_StopIrValuesVariables)
    Kin_Conf                                 0x000057bd   Thumb Code   208  rnea.o(i.Kin_Conf)
    Kin_FKCalc                               0x000058a9   Thumb Code   124  rnea.o(i.Kin_FKCalc)
    Kin_IKCalc                               0x00005f81   Thumb Code   230  rnea.o(i.Kin_IKCalc)
    Kin_RobPosAct                            0x000069a5   Thumb Code    86  rnea.o(i.Kin_RobPosAct)
    RNEA_CalcTorques                         0x00006e59   Thumb Code  5296  rnea.o(i.RNEA_CalcTorques)
    RNEA_Conf                                0x0000830d   Thumb Code  3762  rnea.o(i.RNEA_Conf)
    SysTick_Handler                          0x000091d1   Thumb Code    12  control.o(i.SysTick_Handler)
    TG_Conf                                  0x000091e1   Thumb Code     4  trajgen.o(i.TG_Conf)
    TG_SetDefaultVariables                   0x0000a6a9   Thumb Code   420  trajgen.o(i.TG_SetDefaultVariables)
    TG_TrajGen                               0x0000a879   Thumb Code   206  trajgen.o(i.TG_TrajGen)
    TIM7_IRQHandler                          0x0000a961   Thumb Code    24  control.o(i.TIM7_IRQHandler)
    USART3_IRQHandler                        0x0000a97d   Thumb Code    34  debug.o(i.USART3_IRQHandler)
    FricTabDefaultJoint0                     0x0000aaf8   Data        3520  joints.o(.constdata)
    FricTabDefaultJoint1                     0x0000b8b8   Data        3520  joints.o(.constdata)
    FricTabDefaultJoint2                     0x0000c678   Data        3520  joints.o(.constdata)
    FricTabDefaultJoint3                     0x0000d438   Data        3520  joints.o(.constdata)
    FricTabDefaultJoint4                     0x0000e1f8   Data        3520  joints.o(.constdata)
    FricTabDefaultJoint5                     0x0000efb8   Data        3520  joints.o(.constdata)
    __Vectors                                0x08000000   Data           4  startup_stm32h745xx.o(RESET)
    __Vectors_End                            0x08000298   Data           0  startup_stm32h745xx.o(RESET)
    __main                                   0x08000299   Thumb Code     8  __main.o(!!!main)
    __scatterload                            0x080002a1   Thumb Code     0  __scatter.o(!!!scatter)
    __scatterload_rt2                        0x080002a1   Thumb Code    44  __scatter.o(!!!scatter)
    __scatterload_rt2_thumb_only             0x080002a1   Thumb Code     0  __scatter.o(!!!scatter)
    __scatterload_null                       0x080002af   Thumb Code     0  __scatter.o(!!!scatter)
    __decompress                             0x080002d5   Thumb Code    90  __dczerorl2.o(!!dczerorl2)
    __decompress1                            0x080002d5   Thumb Code     0  __dczerorl2.o(!!dczerorl2)
    __scatterload_copy                       0x08000331   Thumb Code    26  __scatter_copy.o(!!handler_copy)
    __scatterload_zeroinit                   0x0800034d   Thumb Code    28  __scatter_zi.o(!!handler_zi)
    __rt_lib_init                            0x08000369   Thumb Code     0  libinit.o(.ARM.Collect$$libinit$$00000000)
    __rt_lib_init_fp_1                       0x0800036b   Thumb Code     0  libinit2.o(.ARM.Collect$$libinit$$00000001)
    __rt_lib_init_alloca_1                   0x0800036f   Thumb Code     0  libinit2.o(.ARM.Collect$$libinit$$0000002E)
    __rt_lib_init_argv_1                     0x0800036f   Thumb Code     0  libinit2.o(.ARM.Collect$$libinit$$0000002C)
    __rt_lib_init_atexit_1                   0x0800036f   Thumb Code     0  libinit2.o(.ARM.Collect$$libinit$$0000001B)
    __rt_lib_init_clock_1                    0x0800036f   Thumb Code     0  libinit2.o(.ARM.Collect$$libinit$$00000021)
    __rt_lib_init_cpp_1                      0x0800036f   Thumb Code     0  libinit2.o(.ARM.Collect$$libinit$$00000032)
    __rt_lib_init_exceptions_1               0x0800036f   Thumb Code     0  libinit2.o(.ARM.Collect$$libinit$$00000030)
    __rt_lib_init_fp_trap_1                  0x0800036f   Thumb Code     0  libinit2.o(.ARM.Collect$$libinit$$0000001F)
    __rt_lib_init_getenv_1                   0x0800036f   Thumb Code     0  libinit2.o(.ARM.Collect$$libinit$$00000023)
    __rt_lib_init_heap_1                     0x0800036f   Thumb Code     0  libinit2.o(.ARM.Collect$$libinit$$0000000A)
    __rt_lib_init_lc_collate_1               0x0800036f   Thumb Code     0  libinit2.o(.ARM.Collect$$libinit$$00000011)
    __rt_lib_init_lc_ctype_1                 0x0800036f   Thumb Code     0  libinit2.o(.ARM.Collect$$libinit$$00000013)
    __rt_lib_init_lc_monetary_1              0x0800036f   Thumb Code     0  libinit2.o(.ARM.Collect$$libinit$$00000015)
    __rt_lib_init_lc_numeric_1               0x0800036f   Thumb Code     0  libinit2.o(.ARM.Collect$$libinit$$00000017)
    __rt_lib_init_lc_time_1                  0x0800036f   Thumb Code     0  libinit2.o(.ARM.Collect$$libinit$$00000019)
    __rt_lib_init_preinit_1                  0x0800036f   Thumb Code     0  libinit2.o(.ARM.Collect$$libinit$$00000004)
    __rt_lib_init_rand_1                     0x0800036f   Thumb Code     0  libinit2.o(.ARM.Collect$$libinit$$0000000E)
    __rt_lib_init_return                     0x0800036f   Thumb Code     0  libinit2.o(.ARM.Collect$$libinit$$00000033)
    __rt_lib_init_signal_1                   0x0800036f   Thumb Code     0  libinit2.o(.ARM.Collect$$libinit$$0000001D)
    __rt_lib_init_stdio_1                    0x0800036f   Thumb Code     0  libinit2.o(.ARM.Collect$$libinit$$00000025)
    __rt_lib_init_user_alloc_1               0x0800036f   Thumb Code     0  libinit2.o(.ARM.Collect$$libinit$$0000000C)
    __rt_lib_shutdown                        0x08000371   Thumb Code     0  libshutdown.o(.ARM.Collect$$libshutdown$$00000000)
    __rt_lib_shutdown_cpp_1                  0x08000373   Thumb Code     0  libshutdown2.o(.ARM.Collect$$libshutdown$$00000004)
    __rt_lib_shutdown_fini_1                 0x08000373   Thumb Code     0  libshutdown2.o(.ARM.Collect$$libshutdown$$00000002)
    __rt_lib_shutdown_fp_trap_1              0x08000373   Thumb Code     0  libshutdown2.o(.ARM.Collect$$libshutdown$$00000009)
    __rt_lib_shutdown_heap_1                 0x08000373   Thumb Code     0  libshutdown2.o(.ARM.Collect$$libshutdown$$00000011)
    __rt_lib_shutdown_return                 0x08000373   Thumb Code     0  libshutdown2.o(.ARM.Collect$$libshutdown$$00000012)
    __rt_lib_shutdown_signal_1               0x08000373   Thumb Code     0  libshutdown2.o(.ARM.Collect$$libshutdown$$0000000C)
    __rt_lib_shutdown_stdio_1                0x08000373   Thumb Code     0  libshutdown2.o(.ARM.Collect$$libshutdown$$00000006)
    __rt_lib_shutdown_user_alloc_1           0x08000373   Thumb Code     0  libshutdown2.o(.ARM.Collect$$libshutdown$$0000000E)
    __rt_entry                               0x08000375   Thumb Code     0  __rtentry.o(.ARM.Collect$$rtentry$$00000000)
    __rt_entry_presh_1                       0x08000375   Thumb Code     0  __rtentry2.o(.ARM.Collect$$rtentry$$00000002)
    __rt_entry_sh                            0x08000375   Thumb Code     0  __rtentry4.o(.ARM.Collect$$rtentry$$00000004)
    __rt_entry_li                            0x0800037b   Thumb Code     0  __rtentry2.o(.ARM.Collect$$rtentry$$0000000A)
    __rt_entry_postsh_1                      0x0800037b   Thumb Code     0  __rtentry2.o(.ARM.Collect$$rtentry$$00000009)
    __rt_entry_main                          0x0800037f   Thumb Code     0  __rtentry2.o(.ARM.Collect$$rtentry$$0000000D)
    __rt_entry_postli_1                      0x0800037f   Thumb Code     0  __rtentry2.o(.ARM.Collect$$rtentry$$0000000C)
    __rt_exit                                0x08000387   Thumb Code     0  rtexit.o(.ARM.Collect$$rtexit$$00000000)
    __rt_exit_ls                             0x08000389   Thumb Code     0  rtexit2.o(.ARM.Collect$$rtexit$$00000003)
    __rt_exit_prels_1                        0x08000389   Thumb Code     0  rtexit2.o(.ARM.Collect$$rtexit$$00000002)
    __rt_exit_exit                           0x0800038d   Thumb Code     0  rtexit2.o(.ARM.Collect$$rtexit$$00000004)
    Reset_Handler                            0x08000395   Thumb Code     8  startup_stm32h745xx.o(.text)
    NMI_Handler                              0x0800039d   Thumb Code     2  startup_stm32h745xx.o(.text)
    HardFault_Handler                        0x0800039f   Thumb Code     2  startup_stm32h745xx.o(.text)
    MemManage_Handler                        0x080003a1   Thumb Code     2  startup_stm32h745xx.o(.text)
    BusFault_Handler                         0x080003a3   Thumb Code     2  startup_stm32h745xx.o(.text)
    UsageFault_Handler                       0x080003a5   Thumb Code     2  startup_stm32h745xx.o(.text)
    SVC_Handler                              0x080003a7   Thumb Code     2  startup_stm32h745xx.o(.text)
    DebugMon_Handler                         0x080003a9   Thumb Code     2  startup_stm32h745xx.o(.text)
    PendSV_Handler                           0x080003ab   Thumb Code     2  startup_stm32h745xx.o(.text)
    ADC3_IRQHandler                          0x080003af   Thumb Code     0  startup_stm32h745xx.o(.text)
    ADC_IRQHandler                           0x080003af   Thumb Code     0  startup_stm32h745xx.o(.text)
    BDMA_Channel0_IRQHandler                 0x080003af   Thumb Code     0  startup_stm32h745xx.o(.text)
    BDMA_Channel1_IRQHandler                 0x080003af   Thumb Code     0  startup_stm32h745xx.o(.text)
    BDMA_Channel2_IRQHandler                 0x080003af   Thumb Code     0  startup_stm32h745xx.o(.text)
    BDMA_Channel3_IRQHandler                 0x080003af   Thumb Code     0  startup_stm32h745xx.o(.text)
    BDMA_Channel4_IRQHandler                 0x080003af   Thumb Code     0  startup_stm32h745xx.o(.text)
    BDMA_Channel5_IRQHandler                 0x080003af   Thumb Code     0  startup_stm32h745xx.o(.text)
    BDMA_Channel6_IRQHandler                 0x080003af   Thumb Code     0  startup_stm32h745xx.o(.text)
    BDMA_Channel7_IRQHandler                 0x080003af   Thumb Code     0  startup_stm32h745xx.o(.text)
    CEC_IRQHandler                           0x080003af   Thumb Code     0  startup_stm32h745xx.o(.text)
    CM4_SEV_IRQHandler                       0x080003af   Thumb Code     0  startup_stm32h745xx.o(.text)
    CM7_SEV_IRQHandler                       0x080003af   Thumb Code     0  startup_stm32h745xx.o(.text)
    COMP1_IRQHandler                         0x080003af   Thumb Code     0  startup_stm32h745xx.o(.text)
    CRS_IRQHandler                           0x080003af   Thumb Code     0  startup_stm32h745xx.o(.text)
    DCMI_IRQHandler                          0x080003af   Thumb Code     0  startup_stm32h745xx.o(.text)
    DFSDM1_FLT0_IRQHandler                   0x080003af   Thumb Code     0  startup_stm32h745xx.o(.text)
    DFSDM1_FLT1_IRQHandler                   0x080003af   Thumb Code     0  startup_stm32h745xx.o(.text)
    DFSDM1_FLT2_IRQHandler                   0x080003af   Thumb Code     0  startup_stm32h745xx.o(.text)
    DFSDM1_FLT3_IRQHandler                   0x080003af   Thumb Code     0  startup_stm32h745xx.o(.text)
    DMA1_Stream2_IRQHandler                  0x080003af   Thumb Code     0  startup_stm32h745xx.o(.text)
    DMA1_Stream4_IRQHandler                  0x080003af   Thumb Code     0  startup_stm32h745xx.o(.text)
    DMA1_Stream5_IRQHandler                  0x080003af   Thumb Code     0  startup_stm32h745xx.o(.text)
    DMA1_Stream6_IRQHandler                  0x080003af   Thumb Code     0  startup_stm32h745xx.o(.text)
    DMA1_Stream7_IRQHandler                  0x080003af   Thumb Code     0  startup_stm32h745xx.o(.text)
    DMA2D_IRQHandler                         0x080003af   Thumb Code     0  startup_stm32h745xx.o(.text)
    DMA2_Stream0_IRQHandler                  0x080003af   Thumb Code     0  startup_stm32h745xx.o(.text)
    DMA2_Stream1_IRQHandler                  0x080003af   Thumb Code     0  startup_stm32h745xx.o(.text)
    DMA2_Stream2_IRQHandler                  0x080003af   Thumb Code     0  startup_stm32h745xx.o(.text)
    DMA2_Stream3_IRQHandler                  0x080003af   Thumb Code     0  startup_stm32h745xx.o(.text)
    DMA2_Stream4_IRQHandler                  0x080003af   Thumb Code     0  startup_stm32h745xx.o(.text)
    DMA2_Stream5_IRQHandler                  0x080003af   Thumb Code     0  startup_stm32h745xx.o(.text)
    DMA2_Stream6_IRQHandler                  0x080003af   Thumb Code     0  startup_stm32h745xx.o(.text)
    DMA2_Stream7_IRQHandler                  0x080003af   Thumb Code     0  startup_stm32h745xx.o(.text)
    DMAMUX1_OVR_IRQHandler                   0x080003af   Thumb Code     0  startup_stm32h745xx.o(.text)
    DMAMUX2_OVR_IRQHandler                   0x080003af   Thumb Code     0  startup_stm32h745xx.o(.text)
    ECC_IRQHandler                           0x080003af   Thumb Code     0  startup_stm32h745xx.o(.text)
    ETH_IRQHandler                           0x080003af   Thumb Code     0  startup_stm32h745xx.o(.text)
    ETH_WKUP_IRQHandler                      0x080003af   Thumb Code     0  startup_stm32h745xx.o(.text)
    EXTI0_IRQHandler                         0x080003af   Thumb Code     0  startup_stm32h745xx.o(.text)
    EXTI15_10_IRQHandler                     0x080003af   Thumb Code     0  startup_stm32h745xx.o(.text)
    EXTI1_IRQHandler                         0x080003af   Thumb Code     0  startup_stm32h745xx.o(.text)
    EXTI2_IRQHandler                         0x080003af   Thumb Code     0  startup_stm32h745xx.o(.text)
    EXTI3_IRQHandler                         0x080003af   Thumb Code     0  startup_stm32h745xx.o(.text)
    EXTI4_IRQHandler                         0x080003af   Thumb Code     0  startup_stm32h745xx.o(.text)
    EXTI9_5_IRQHandler                       0x080003af   Thumb Code     0  startup_stm32h745xx.o(.text)
    FDCAN2_IT0_IRQHandler                    0x080003af   Thumb Code     0  startup_stm32h745xx.o(.text)
    FDCAN2_IT1_IRQHandler                    0x080003af   Thumb Code     0  startup_stm32h745xx.o(.text)
    FDCAN_CAL_IRQHandler                     0x080003af   Thumb Code     0  startup_stm32h745xx.o(.text)
    FLASH_IRQHandler                         0x080003af   Thumb Code     0  startup_stm32h745xx.o(.text)
    FMC_IRQHandler                           0x080003af   Thumb Code     0  startup_stm32h745xx.o(.text)
    FPU_IRQHandler                           0x080003af   Thumb Code     0  startup_stm32h745xx.o(.text)
    HOLD_CORE_IRQHandler                     0x080003af   Thumb Code     0  startup_stm32h745xx.o(.text)
    HRTIM1_FLT_IRQHandler                    0x080003af   Thumb Code     0  startup_stm32h745xx.o(.text)
    HRTIM1_Master_IRQHandler                 0x080003af   Thumb Code     0  startup_stm32h745xx.o(.text)
    HRTIM1_TIMA_IRQHandler                   0x080003af   Thumb Code     0  startup_stm32h745xx.o(.text)
    HRTIM1_TIMB_IRQHandler                   0x080003af   Thumb Code     0  startup_stm32h745xx.o(.text)
    HRTIM1_TIMC_IRQHandler                   0x080003af   Thumb Code     0  startup_stm32h745xx.o(.text)
    HRTIM1_TIMD_IRQHandler                   0x080003af   Thumb Code     0  startup_stm32h745xx.o(.text)
    HRTIM1_TIME_IRQHandler                   0x080003af   Thumb Code     0  startup_stm32h745xx.o(.text)
    HSEM1_IRQHandler                         0x080003af   Thumb Code     0  startup_stm32h745xx.o(.text)
    HSEM2_IRQHandler                         0x080003af   Thumb Code     0  startup_stm32h745xx.o(.text)
    I2C1_ER_IRQHandler                       0x080003af   Thumb Code     0  startup_stm32h745xx.o(.text)
    I2C1_EV_IRQHandler                       0x080003af   Thumb Code     0  startup_stm32h745xx.o(.text)
    I2C2_ER_IRQHandler                       0x080003af   Thumb Code     0  startup_stm32h745xx.o(.text)
    I2C2_EV_IRQHandler                       0x080003af   Thumb Code     0  startup_stm32h745xx.o(.text)
    I2C3_ER_IRQHandler                       0x080003af   Thumb Code     0  startup_stm32h745xx.o(.text)
    I2C3_EV_IRQHandler                       0x080003af   Thumb Code     0  startup_stm32h745xx.o(.text)
    I2C4_ER_IRQHandler                       0x080003af   Thumb Code     0  startup_stm32h745xx.o(.text)
    I2C4_EV_IRQHandler                       0x080003af   Thumb Code     0  startup_stm32h745xx.o(.text)
    JPEG_IRQHandler                          0x080003af   Thumb Code     0  startup_stm32h745xx.o(.text)
    LPTIM1_IRQHandler                        0x080003af   Thumb Code     0  startup_stm32h745xx.o(.text)
    LPTIM2_IRQHandler                        0x080003af   Thumb Code     0  startup_stm32h745xx.o(.text)
    LPTIM3_IRQHandler                        0x080003af   Thumb Code     0  startup_stm32h745xx.o(.text)
    LPTIM4_IRQHandler                        0x080003af   Thumb Code     0  startup_stm32h745xx.o(.text)
    LPTIM5_IRQHandler                        0x080003af   Thumb Code     0  startup_stm32h745xx.o(.text)
    LPUART1_IRQHandler                       0x080003af   Thumb Code     0  startup_stm32h745xx.o(.text)
    LTDC_ER_IRQHandler                       0x080003af   Thumb Code     0  startup_stm32h745xx.o(.text)
    LTDC_IRQHandler                          0x080003af   Thumb Code     0  startup_stm32h745xx.o(.text)
    MDIOS_IRQHandler                         0x080003af   Thumb Code     0  startup_stm32h745xx.o(.text)
    MDIOS_WKUP_IRQHandler                    0x080003af   Thumb Code     0  startup_stm32h745xx.o(.text)
    MDMA_IRQHandler                          0x080003af   Thumb Code     0  startup_stm32h745xx.o(.text)
    OTG_FS_EP1_IN_IRQHandler                 0x080003af   Thumb Code     0  startup_stm32h745xx.o(.text)
    OTG_FS_EP1_OUT_IRQHandler                0x080003af   Thumb Code     0  startup_stm32h745xx.o(.text)
    OTG_FS_IRQHandler                        0x080003af   Thumb Code     0  startup_stm32h745xx.o(.text)
    OTG_FS_WKUP_IRQHandler                   0x080003af   Thumb Code     0  startup_stm32h745xx.o(.text)
    OTG_HS_EP1_IN_IRQHandler                 0x080003af   Thumb Code     0  startup_stm32h745xx.o(.text)
    OTG_HS_EP1_OUT_IRQHandler                0x080003af   Thumb Code     0  startup_stm32h745xx.o(.text)
    OTG_HS_IRQHandler                        0x080003af   Thumb Code     0  startup_stm32h745xx.o(.text)
    OTG_HS_WKUP_IRQHandler                   0x080003af   Thumb Code     0  startup_stm32h745xx.o(.text)
    PVD_AVD_IRQHandler                       0x080003af   Thumb Code     0  startup_stm32h745xx.o(.text)
    QUADSPI_IRQHandler                       0x080003af   Thumb Code     0  startup_stm32h745xx.o(.text)
    RCC_IRQHandler                           0x080003af   Thumb Code     0  startup_stm32h745xx.o(.text)
    RNG_IRQHandler                           0x080003af   Thumb Code     0  startup_stm32h745xx.o(.text)
    RTC_Alarm_IRQHandler                     0x080003af   Thumb Code     0  startup_stm32h745xx.o(.text)
    RTC_WKUP_IRQHandler                      0x080003af   Thumb Code     0  startup_stm32h745xx.o(.text)
    SAI1_IRQHandler                          0x080003af   Thumb Code     0  startup_stm32h745xx.o(.text)
    SAI2_IRQHandler                          0x080003af   Thumb Code     0  startup_stm32h745xx.o(.text)
    SAI3_IRQHandler                          0x080003af   Thumb Code     0  startup_stm32h745xx.o(.text)
    SAI4_IRQHandler                          0x080003af   Thumb Code     0  startup_stm32h745xx.o(.text)
    SDMMC1_IRQHandler                        0x080003af   Thumb Code     0  startup_stm32h745xx.o(.text)
    SDMMC2_IRQHandler                        0x080003af   Thumb Code     0  startup_stm32h745xx.o(.text)
    SPDIF_RX_IRQHandler                      0x080003af   Thumb Code     0  startup_stm32h745xx.o(.text)
    SPI1_IRQHandler                          0x080003af   Thumb Code     0  startup_stm32h745xx.o(.text)
    SPI2_IRQHandler                          0x080003af   Thumb Code     0  startup_stm32h745xx.o(.text)
    SPI3_IRQHandler                          0x080003af   Thumb Code     0  startup_stm32h745xx.o(.text)
    SPI4_IRQHandler                          0x080003af   Thumb Code     0  startup_stm32h745xx.o(.text)
    SPI5_IRQHandler                          0x080003af   Thumb Code     0  startup_stm32h745xx.o(.text)
    SPI6_IRQHandler                          0x080003af   Thumb Code     0  startup_stm32h745xx.o(.text)
    SWPMI1_IRQHandler                        0x080003af   Thumb Code     0  startup_stm32h745xx.o(.text)
    TAMP_STAMP_IRQHandler                    0x080003af   Thumb Code     0  startup_stm32h745xx.o(.text)
    TIM15_IRQHandler                         0x080003af   Thumb Code     0  startup_stm32h745xx.o(.text)
    TIM16_IRQHandler                         0x080003af   Thumb Code     0  startup_stm32h745xx.o(.text)
    TIM17_IRQHandler                         0x080003af   Thumb Code     0  startup_stm32h745xx.o(.text)
    TIM1_BRK_IRQHandler                      0x080003af   Thumb Code     0  startup_stm32h745xx.o(.text)
    TIM1_CC_IRQHandler                       0x080003af   Thumb Code     0  startup_stm32h745xx.o(.text)
    TIM1_TRG_COM_IRQHandler                  0x080003af   Thumb Code     0  startup_stm32h745xx.o(.text)
    TIM1_UP_IRQHandler                       0x080003af   Thumb Code     0  startup_stm32h745xx.o(.text)
    TIM2_IRQHandler                          0x080003af   Thumb Code     0  startup_stm32h745xx.o(.text)
    TIM3_IRQHandler                          0x080003af   Thumb Code     0  startup_stm32h745xx.o(.text)
    TIM4_IRQHandler                          0x080003af   Thumb Code     0  startup_stm32h745xx.o(.text)
    TIM6_DAC_IRQHandler                      0x080003af   Thumb Code     0  startup_stm32h745xx.o(.text)
    TIM8_BRK_TIM12_IRQHandler                0x080003af   Thumb Code     0  startup_stm32h745xx.o(.text)
    TIM8_CC_IRQHandler                       0x080003af   Thumb Code     0  startup_stm32h745xx.o(.text)
    TIM8_TRG_COM_TIM14_IRQHandler            0x080003af   Thumb Code     0  startup_stm32h745xx.o(.text)
    TIM8_UP_TIM13_IRQHandler                 0x080003af   Thumb Code     0  startup_stm32h745xx.o(.text)
    UART4_IRQHandler                         0x080003af   Thumb Code     0  startup_stm32h745xx.o(.text)
    UART5_IRQHandler                         0x080003af   Thumb Code     0  startup_stm32h745xx.o(.text)
    UART7_IRQHandler                         0x080003af   Thumb Code     0  startup_stm32h745xx.o(.text)
    UART8_IRQHandler                         0x080003af   Thumb Code     0  startup_stm32h745xx.o(.text)
    USART1_IRQHandler                        0x080003af   Thumb Code     0  startup_stm32h745xx.o(.text)
    USART6_IRQHandler                        0x080003af   Thumb Code     0  startup_stm32h745xx.o(.text)
    WAKEUP_PIN_IRQHandler                    0x080003af   Thumb Code     0  startup_stm32h745xx.o(.text)
    WWDG_IRQHandler                          0x080003af   Thumb Code     0  startup_stm32h745xx.o(.text)
    WWDG_RST_IRQHandler                      0x080003af   Thumb Code     0  startup_stm32h745xx.o(.text)
    __user_initial_stackheap                 0x080003b1   Thumb Code     0  startup_stm32h745xx.o(.text)
    __aeabi_memcpy                           0x080003d5   Thumb Code     0  rt_memcpy_v6.o(.text)
    __rt_memcpy                              0x080003d5   Thumb Code   138  rt_memcpy_v6.o(.text)
    _memcpy_lastbytes                        0x0800043b   Thumb Code     0  rt_memcpy_v6.o(.text)
    __aeabi_memcpy4                          0x0800045f   Thumb Code     0  rt_memcpy_w.o(.text)
    __aeabi_memcpy8                          0x0800045f   Thumb Code     0  rt_memcpy_w.o(.text)
    __rt_memcpy_w                            0x0800045f   Thumb Code   100  rt_memcpy_w.o(.text)
    _memcpy_lastbytes_aligned                0x080004a7   Thumb Code     0  rt_memcpy_w.o(.text)
    __use_two_region_memory                  0x080004c3   Thumb Code     2  heapauxi.o(.text)
    __rt_heap_escrow$2region                 0x080004c5   Thumb Code     2  heapauxi.o(.text)
    __rt_heap_expand$2region                 0x080004c7   Thumb Code     2  heapauxi.o(.text)
    __read_errno                             0x080004c9   Thumb Code    10  _rserrno.o(.text)
    __set_errno                              0x080004d3   Thumb Code    12  _rserrno.o(.text)
    __aeabi_errno_addr                       0x080004e1   Thumb Code     8  rt_errno_addr_intlibspace.o(.text)
    __errno$intlibspace                      0x080004e1   Thumb Code     0  rt_errno_addr_intlibspace.o(.text)
    __rt_errno_addr$intlibspace              0x080004e1   Thumb Code     0  rt_errno_addr_intlibspace.o(.text)
    __user_libspace                          0x080004e9   Thumb Code     8  libspace.o(.text)
    __user_perproc_libspace                  0x080004e9   Thumb Code     0  libspace.o(.text)
    __user_perthread_libspace                0x080004e9   Thumb Code     0  libspace.o(.text)
    __user_setup_stackheap                   0x080004f1   Thumb Code    74  sys_stackheap_outer.o(.text)
    exit                                     0x0800053b   Thumb Code    18  exit.o(.text)
    _sys_exit                                0x0800054d   Thumb Code     8  sys_exit.o(.text)
    __I$use$semihosting                      0x08000559   Thumb Code     0  use_no_semi.o(.text)
    __use_no_semihosting_swi                 0x08000559   Thumb Code     2  use_no_semi.o(.text)
    Long Thumb to Thumb Veneer to Joints_SetDefaultPidParam 0x0800055b   Thumb Code    10  anon$$obj.o(Veneer$$Code)
    __semihosting_library_function           0x0800055b   Thumb Code     0  indicate_semi.o(.text)
    Long Thumb to Thumb Veneer to Control_SetDefualtArmModel 0x08000565   Thumb Code    10  anon$$obj.o(Veneer$$Code)
    Long Thumb to Thumb Veneer to RNEA_Conf  0x0800056f   Thumb Code    10  anon$$obj.o(Veneer$$Code)
    Long Thumb to Thumb Veneer to Joints_SetDefaultFriction 0x08000579   Thumb Code    10  anon$$obj.o(Veneer$$Code)
    Long Thumb to Thumb Veneer to Control_ClearInternallErrorsInJtc 0x08000583   Thumb Code    10  anon$$obj.o(Veneer$$Code)
    Long Thumb to Thumb Veneer to Control_ClearExternallErrorsViaCan 0x0800058d   Thumb Code    10  anon$$obj.o(Veneer$$Code)
    Long Thumb to Thumb Veneer to Control_ResetDevicesViaCan 0x08000597   Thumb Code    10  anon$$obj.o(Veneer$$Code)
    Long Thumb to Thumb Veneer to Control_SystemConf 0x080005a1   Thumb Code    10  anon$$obj.o(Veneer$$Code)
    Long Thumb to Thumb Veneer to TG_TrajGen 0x080005ab   Thumb Code    10  anon$$obj.o(Veneer$$Code)
    DMA1_Stream0_IRQHandler                  0x080005b5   Thumb Code    24  mb_rtu_slave.o(i.DMA1_Stream0_IRQHandler)
    DMA1_Stream1_IRQHandler                  0x080005d1   Thumb Code    18  mb_rtu_slave.o(i.DMA1_Stream1_IRQHandler)
    MBS_Act                                  0x080005e9   Thumb Code    18  mb_rtu_slave.o(i.MBS_Act)
    MBS_Conf                                 0x08001045   Thumb Code    70  mb_rtu_slave.o(i.MBS_Conf)
    SystemInit                               0x080017fd   Thumb Code   216  system_stm32h7xx_dualcore_boot_cm4_cm7.o(i.SystemInit)
    TIM5_IRQHandler                          0x080018fd   Thumb Code    36  mb_rtu_slave.o(i.TIM5_IRQHandler)
    USART2_IRQHandler                        0x08001925   Thumb Code    50  mb_rtu_slave.o(i.USART2_IRQHandler)
    __ARM_fpclassify                         0x08001969   Thumb Code    48  fpclassify.o(i.__ARM_fpclassify)
    __hardfp_acos                            0x080019b9   Thumb Code   422  acos.o(i.__hardfp_acos)
    __hardfp_atan                            0x08001bd1   Thumb Code   402  atan.o(i.__hardfp_atan)
    __hardfp_atan2                           0x08001dd1   Thumb Code   392  atan2.o(i.__hardfp_atan2)
    __hardfp_cos                             0x08001f99   Thumb Code   158  cos.o(i.__hardfp_cos)
    __hardfp_pow                             0x08002049   Thumb Code  2140  pow.o(i.__hardfp_pow)
    __hardfp_sin                             0x08002941   Thumb Code   158  sin.o(i.__hardfp_sin)
    __hardfp_sqrt                            0x080029f1   Thumb Code   102  sqrt.o(i.__hardfp_sqrt)
    __ieee754_rem_pio2                       0x08002a59   Thumb Code   646  rred.o(i.__ieee754_rem_pio2)
    __kernel_cos                             0x08002d69   Thumb Code   182  cos_i.o(i.__kernel_cos)
    __kernel_poly                            0x08002e49   Thumb Code   112  poly.o(i.__kernel_poly)
    __kernel_sin                             0x08002eb9   Thumb Code   144  sin_i.o(i.__kernel_sin)
    __mathlib_dbl_divzero                    0x08002f61   Thumb Code    14  dunder.o(i.__mathlib_dbl_divzero)
    __mathlib_dbl_infnan                     0x08002f81   Thumb Code     6  dunder.o(i.__mathlib_dbl_infnan)
    __mathlib_dbl_infnan2                    0x08002f87   Thumb Code     6  dunder.o(i.__mathlib_dbl_infnan2)
    __mathlib_dbl_invalid                    0x08002f91   Thumb Code    10  dunder.o(i.__mathlib_dbl_invalid)
    __mathlib_dbl_overflow                   0x08002fa9   Thumb Code    10  dunder.o(i.__mathlib_dbl_overflow)
    __mathlib_dbl_underflow                  0x08002fc1   Thumb Code    10  dunder.o(i.__mathlib_dbl_underflow)
    atan                                     0x08002fd9   Thumb Code    16  atan.o(i.atan)
    fabs                                     0x08002fe9   Thumb Code    24  fabs.o(i.fabs)
    main                                     0x08003001   Thumb Code    10  main.o(i.main)
    sqrt                                     0x0800300b   Thumb Code   106  sqrt.o(i.sqrt)
    __fpl_dcheck_NaN1                        0x08003075   Thumb Code    10  dcheck1.o(x$fpl$dcheck1)
    _fp_init                                 0x08003085   Thumb Code    10  fpinit.o(x$fpl$fpinit)
    __fplib_config_fpu_vfp                   0x0800308d   Thumb Code     0  fpinit.o(x$fpl$fpinit)
    __fplib_config_pureend_doubles           0x0800308d   Thumb Code     0  fpinit.o(x$fpl$fpinit)
    __fpl_return_NaN                         0x0800308f   Thumb Code   100  retnan.o(x$fpl$retnan)
    __ARM_scalbn                             0x080030f3   Thumb Code    92  scalbn.o(x$fpl$scalbn)
    __fpl_cmpreturn                          0x0800314f   Thumb Code    48  trapv.o(x$fpl$trapveneer)
    __I$use$fp                               0x0800317e   Number         0  usenofp.o(x$fpl$usenofp)
    __mathlib_zero                           0x08003320   Data           8  qnan.o(.constdata)
    Region$$Table$$Base                      0x08003418   Number         0  anon$$obj.o(Region$$Table)
    Region$$Table$$Limit                     0x08003478   Number         0  anon$$obj.o(Region$$Table)
    pC                                       0x20000000   Data           4  control.o(.data)
    qq1                                      0x20000008   Data           8  rnea.o(.data)
    d1                                       0x20000010   Data           8  rnea.o(.data)
    a2                                       0x20000018   Data           8  rnea.o(.data)
    a3                                       0x20000020   Data           8  rnea.o(.data)
    d4                                       0x20000028   Data           8  rnea.o(.data)
    d5                                       0x20000030   Data           8  rnea.o(.data)
    d6                                       0x20000038   Data           8  rnea.o(.data)
    accmax                                   0x20000040   Data           8  trajgen.o(.data)
    Control                                  0x20000048   Data       30040  control.o(.bss)
    mxDim                                    0x200075a0   Data         336  rnea.o(.bss)
    mxcDim                                   0x200076f0   Data         288  rnea.o(.bss)
    m                                        0x20007810   Data          48  rnea.o(.bss)
    g0                                       0x20007840   Data          24  rnea.o(.bss)
    MIvec                                    0x20007858   Data         288  rnea.o(.bss)
    MI                                       0x20007978   Data         432  rnea.o(.bss)
    Mxtemp                                   0x20007b28   Data         896  rnea.o(.bss)
    Mx                                       0x20007ea8   Data         896  rnea.o(.bss)
    Mxc                                      0x20008228   Data         896  rnea.o(.bss)
    Rx                                       0x200085a8   Data         504  rnea.o(.bss)
    Rxc                                      0x200087a0   Data         504  rnea.o(.bss)
    R                                        0x20008998   Data         504  rnea.o(.bss)
    Rc                                       0x20008b90   Data         504  rnea.o(.bss)
    Rxt                                      0x20008d88   Data         504  rnea.o(.bss)
    Rxct                                     0x20008f80   Data         504  rnea.o(.bss)
    Rt                                       0x20009178   Data         504  rnea.o(.bss)
    Rct                                      0x20009370   Data         504  rnea.o(.bss)
    g                                        0x20009568   Data         168  rnea.o(.bss)
    r                                        0x20009610   Data         144  rnea.o(.bss)
    rc                                       0x200096a0   Data         144  rnea.o(.bss)
    rcinv                                    0x20009730   Data         144  rnea.o(.bss)
    offset                                   0x200097c0   Data          48  rnea.o(.bss)
    dir                                      0x200097f0   Data          48  rnea.o(.bss)
    __libspace_start                         0x20009820   Data          96  libspace.o(.bss)
    __temporary_stack_top$libspace           0x20009880   Data           0  libspace.o(.bss)
    Traj                                     0x24000000   Data       496888  control.o(.ARM.__at_0x24000000)
    Debug                                    0x30000000   Data       40128  control.o(.ARM.__at_0x30000000)
    Mbs                                      0x38000000   Data        5024  control.o(.ARM.__at_0x38000000)



==============================================================================

Memory Map of the image

  Image Entry point : 0x08000299

  Load Region LR_IROM1 (Base: 0x08000000, Size: 0x000977a8, Max: 0x00100000, ABSOLUTE, COMPRESSED[0x000142f0])

    Execution Region RW_IRAM4 (Exec base: 0x00000000, Load base: 0x08004538, Size: 0x0000fd90, Max: 0x00010000, ABSOLUTE)

    Exec Addr    Load Addr    Size         Type   Attr      Idx    E Section Name        Object

    0x00000000   0x08004538   0x0000000a   Ven    RO         1593    Veneer$$Code        anon$$obj.o
    0x0000000a   0x08004542   0x0000000a   Ven    RO         1594    Veneer$$Code        anon$$obj.o
    0x00000014   0x0800454c   0x0000000a   Ven    RO         1595    Veneer$$Code        anon$$obj.o
    0x0000001e   0x08004556   0x0000000a   Ven    RO         1596    Veneer$$Code        anon$$obj.o
    0x00000028   0x08004560   0x0000000a   Ven    RO         1597    Veneer$$Code        anon$$obj.o
    0x00000032   0x0800456a   0x0000000a   Ven    RO         1598    Veneer$$Code        anon$$obj.o
    0x0000003c   0x08004574   0x0000000a   Ven    RO         1599    Veneer$$Code        anon$$obj.o
    0x00000046   0x0800457e   0x0000000a   Ven    RO         1600    Veneer$$Code        anon$$obj.o
    0x00000050   0x08004588   0x0000000a   Ven    RO         1601    Veneer$$Code        anon$$obj.o
    0x0000005a   0x08004592   0x0000000a   Ven    RO         1602    Veneer$$Code        anon$$obj.o
    0x00000064   0x0800459c   0x0000019c   Code   RO            4    i.Can_CheckCanStatus  can.o
    0x00000200   0x08004738   0x00000078   Code   RO            5    i.Can_CheckStatus   can.o
    0x00000278   0x080047b0   0x00000024   Code   RO            6    i.Can_Conf          can.o
    0x0000029c   0x080047d4   0x000000d4   Code   RO            7    i.Can_FdcanConf     can.o
    0x00000370   0x080048a8   0x0000019c   Code   RO            8    i.Can_FiltersConf   can.o
    0x0000050c   0x08004a44   0x00000174   Code   RO            9    i.Can_ReadFrameChangeConfResponse  can.o
    0x00000680   0x08004bb8   0x00000160   Code   RO           10    i.Can_ReadFrameChangeFsmResponse  can.o
    0x000007e0   0x08004d18   0x000002ac   Code   RO           11    i.Can_ReadFrameMoveResponse  can.o
    0x00000a8c   0x08004fc4   0x0000006c   Code   RO           12    i.Can_ReadFramesFromBuffer  can.o
    0x00000af8   0x08005030   0x00000060   Code   RO           13    i.Can_SendDataToJoints  can.o
    0x00000b58   0x08005090   0x00000188   Code   RO           14    i.Can_SendFrameChangeFsm  can.o
    0x00000ce0   0x08005218   0x000001a8   Code   RO           15    i.Can_SendFrameChangeMode  can.o
    0x00000e88   0x080053c0   0x000001d0   Code   RO           16    i.Can_SendFrameMove  can.o
    0x00001058   0x08005590   0x00000068   Code   RO           17    i.Can_SendFrameOccurred  can.o
    0x000010c0   0x080055f8   0x00000150   Code   RO           18    i.Can_SendFrameResetAllDevices  can.o
    0x00001210   0x08005748   0x00000150   Code   RO           19    i.Can_SendFrameResetGripper  can.o
    0x00001360   0x08005898   0x00000150   Code   RO           20    i.Can_SendFrameResetJoint0  can.o
    0x000014b0   0x080059e8   0x00000150   Code   RO           21    i.Can_SendFrameResetJoint1  can.o
    0x00001600   0x08005b38   0x00000150   Code   RO           22    i.Can_SendFrameResetJoint2  can.o
    0x00001750   0x08005c88   0x00000150   Code   RO           23    i.Can_SendFrameResetJoint3  can.o
    0x000018a0   0x08005dd8   0x00000150   Code   RO           24    i.Can_SendFrameResetJoint4  can.o
    0x000019f0   0x08005f28   0x00000150   Code   RO           25    i.Can_SendFrameResetJoint5  can.o
    0x00001b40   0x08006078   0x00000084   Code   RO           26    i.Can_SendFrameToDevices  can.o
    0x00001bc4   0x080060fc   0x00000048   Code   RO           27    i.Can_StructConf    can.o
    0x00001c0c   0x08006144   0x00000240   Code   RO           28    i.Can_TxBufferConf  can.o
    0x00001e4c   0x08006384   0x00000208   Code   RO          268    i.Control_CheckErrorFlags  control.o
    0x00002054   0x0800658c   0x0000015c   Code   RO          269    i.Control_CheckLimits  control.o
    0x000021b0   0x080066e8   0x00000040   Code   RO          270    i.Control_CheckParkBrakeTimeout  control.o
    0x000021f0   0x08006728   0x00000054   Code   RO          271    i.Control_ClearExternallErrorsViaCan  control.o
    0x00002244   0x0800677c   0x000000ec   Code   RO          272    i.Control_ClearInternallErrorsInJtc  control.o
    0x00002330   0x08006868   0x000000dc   Code   RO          273    i.Control_ClockConf  control.o
    0x0000240c   0x08006944   0x000000fc   Code   RO          275    i.Control_JtcAct    control.o
    0x00002508   0x08006a40   0x00000118   Code   RO          276    i.Control_JtcCheckState  control.o
    0x00002620   0x08006b58   0x00000280   Code   RO          277    i.Control_JtcCheckStateInit  control.o
    0x000028a0   0x08006dd8   0x000000f8   Code   RO          278    i.Control_JtcHoldPos  control.o
    0x00002998   0x08006ed0   0x00000088   Code   RO          279    i.Control_JtcInit   control.o
    0x00002a20   0x08006f58   0x00000144   Code   RO          280    i.Control_JtcInitDeparkStage  control.o
    0x00002b64   0x0800709c   0x000000ec   Code   RO          281    i.Control_JtcInitPosAccurateStage  control.o
    0x00002c50   0x08007188   0x000000a4   Code   RO          282    i.Control_JtcInitPreInitStage  control.o
    0x00002cf4   0x0800722c   0x000000c0   Code   RO          283    i.Control_JtcOperate  control.o
    0x00002db4   0x080072ec   0x00000064   Code   RO          284    i.Control_JtcPrepareSetedValuesForHoldPos  control.o
    0x00002e18   0x08007350   0x00000040   Code   RO          285    i.Control_JtcPrepareSetedValuesForInit  control.o
    0x00002e58   0x08007390   0x00000084   Code   RO          286    i.Control_JtcPrepareSetedValuesForOperate  control.o
    0x00002edc   0x08007414   0x0000001c   Code   RO          287    i.Control_JtcSetGripperToEnable  control.o
    0x00002ef8   0x08007430   0x00000028   Code   RO          288    i.Control_JtcSetJointToEnable  control.o
    0x00002f20   0x08007458   0x00000038   Code   RO          289    i.Control_JtcSetJointToReadyToOperate  control.o
    0x00002f58   0x08007490   0x000000ac   Code   RO          290    i.Control_JtcTeaching  control.o
    0x00003004   0x0800753c   0x0000009c   Code   RO          291    i.Control_JtcVariableConf  control.o
    0x000030a0   0x080075d8   0x00000070   Code   RO          292    i.Control_ResetDevicesViaCan  control.o
    0x00003110   0x08007648   0x00000010   Code   RO          293    i.Control_SafetyOutOff  control.o
    0x00003120   0x08007658   0x00000064   Code   RO          294    i.Control_SendCommandClearErrorsToJoints  control.o
    0x00003184   0x080076bc   0x000001c0   Code   RO          295    i.Control_SendCommandResetDevice  control.o
    0x00003344   0x0800787c   0x000004c0   Code   RO          296    i.Control_SetDefualtArmModel  control.o
    0x00003804   0x08007d3c   0x00000068   Code   RO          297    i.Control_SetNewTorqueValues  control.o
    0x0000386c   0x08007da4   0x00000006   Code   RO          298    i.Control_SetTable  control.o
    0x00003872   0x08007daa   0x00000002   PAD
    0x00003874   0x08007dac   0x000001ac   Code   RO          299    i.Control_SystemConf  control.o
    0x00003a20   0x08007f58   0x00000098   Code   RO          300    i.Control_TrajCheckState  control.o
    0x00003ab8   0x08007ff0   0x00000088   Code   RO          301    i.Control_TrajClear  control.o
    0x00003b40   0x08008078   0x00000028   Code   RO          302    i.Control_TrajClearPointDouble  control.o
    0x00003b68   0x080080a0   0x000001ec   Code   RO          303    i.Control_TrajInterpolate  control.o
    0x00003d54   0x0800828c   0x00000018   Code   RO         1155    i.DMA1_Stream3_IRQHandler  debug.o
    0x00003d6c   0x080082a4   0x000000bc   Code   RO         1156    i.Debug_ComUart3Conf  debug.o
    0x00003e28   0x08008360   0x00000028   Code   RO         1157    i.Debug_Conf        debug.o
    0x00003e50   0x08008388   0x0000003a   Code   RO         1158    i.Debug_Crc16       debug.o
    0x00003e8a   0x080083c2   0x00000002   PAD
    0x00003e8c   0x080083c4   0x000003bc   Code   RO         1159    i.Debug_PrepareFrame  debug.o
    0x00004248   0x08008780   0x0000005c   Code   RO         1160    i.Debug_ReadFrame   debug.o
    0x000042a4   0x080087dc   0x000000bc   Code   RO         1161    i.Debug_SendFrame   debug.o
    0x00004360   0x08008898   0x00000028   Code   RO           29    i.FDCAN1_IT0_IRQHandler  can.o
    0x00004388   0x080088c0   0x0000006c   Code   RO           30    i.FDCAN1_IT1_IRQHandler  can.o
    0x000043f4   0x0800892c   0x00000004   Code   RO          819    i.Gripper_SetResetValuesVariables  gripper.o
    0x000043f8   0x08008930   0x00000038   Code   RO          820    i.Gripper_SetStartValuesVariables  gripper.o
    0x00004430   0x08008968   0x00000094   Code   RO          635    i.HRX               rnea.o
    0x000044c4   0x080089fc   0x00000094   Code   RO          636    i.HRY               rnea.o
    0x00004558   0x08008a90   0x00000094   Code   RO          637    i.HRZ               rnea.o
    0x000045ec   0x08008b24   0x00000058   Code   RO          638    i.HT                rnea.o
    0x00004644   0x08008b7c   0x00000034   Code   RO         1100    i.IO_Conf           inputsoutputs.o
    0x00004678   0x08008bb0   0x00000050   Code   RO         1101    i.IO_InputsAct      inputsoutputs.o
    0x000046c8   0x08008c00   0x00000050   Code   RO         1102    i.IO_OutputsAct     inputsoutputs.o
    0x00004718   0x08008c50   0x00000014   Code   RO         1103    i.IO_ParkBrakeInRead  inputsoutputs.o
    0x0000472c   0x08008c64   0x00000018   Code   RO         1104    i.IO_ParkBrakeLock  inputsoutputs.o
    0x00004744   0x08008c7c   0x00000018   Code   RO         1105    i.IO_ParkBrakeUnlock  inputsoutputs.o
    0x0000475c   0x08008c94   0x000002b2   Code   RO          639    i.InvMat4           rnea.o
    0x00004a0e   0x08008f46   0x00000002   PAD
    0x00004a10   0x08008f48   0x0000001c   Code   RO          521    i.Joints_CalcFrictionCompensate  joints.o
    0x00004a2c   0x08008f64   0x0000010c   Code   RO          522    i.Joints_CalcFrictionCompensatePolynomial  joints.o
    0x00004b38   0x08009070   0x000001bc   Code   RO          523    i.Joints_CalcFrictionCompensateTable  joints.o
    0x00004cf4   0x0800922c   0x00000084   Code   RO          524    i.Joints_CalcInitRegsTorque  joints.o
    0x00004d78   0x080092b0   0x0000011c   Code   RO          525    i.Joints_CalcPIDs   joints.o
    0x00004e94   0x080093cc   0x000000b8   Code   RO          526    i.Joints_FindMinMaxVelTempInFrictionTabeIdx  joints.o
    0x00004f4c   0x08009484   0x0000001c   Code   RO          527    i.Joints_SetDefaultFriction  joints.o
    0x00004f68   0x080094a0   0x000002c4   Code   RO          528    i.Joints_SetDefaultFrictionPolynomial  joints.o
    0x0000522c   0x08009764   0x000000b8   Code   RO          529    i.Joints_SetDefaultFrictionTable  joints.o
    0x000052e4   0x0800981c   0x00000144   Code   RO          530    i.Joints_SetDefaultPidParam  joints.o
    0x00005428   0x08009960   0x00000094   Code   RO          531    i.Joints_SetDefaultVariables  joints.o
    0x000054bc   0x080099f4   0x000000b0   Code   RO          532    i.Joints_SetResetValuesVariables  joints.o
    0x0000556c   0x08009aa4   0x000001c0   Code   RO          533    i.Joints_SetStartValuesVariables  joints.o
    0x0000572c   0x08009c64   0x00000058   Code   RO          534    i.Joints_StartIrValuesVariables  joints.o
    0x00005784   0x08009cbc   0x00000038   Code   RO          535    i.Joints_StopIrValuesVariables  joints.o
    0x000057bc   0x08009cf4   0x000000ec   Code   RO          640    i.Kin_Conf          rnea.o
    0x000058a8   0x08009de0   0x0000007c   Code   RO          641    i.Kin_FKCalc        rnea.o
    0x00005924   0x08009e5c   0x0000065c   Code   RO          642    i.Kin_FKRaw         rnea.o
    0x00005f80   0x0800a4b8   0x000000e6   Code   RO          643    i.Kin_IKCalc        rnea.o
    0x00006066   0x0800a59e   0x00000002   PAD
    0x00006068   0x0800a5a0   0x00000886   Code   RO          644    i.Kin_IKRaw         rnea.o
    0x000068ee   0x0800ae26   0x000000b6   Code   RO          645    i.Kin_QuatToRotmat  rnea.o
    0x000069a4   0x0800aedc   0x0000005c   Code   RO          646    i.Kin_RobPosAct     rnea.o
    0x00006a00   0x0800af38   0x00000140   Code   RO          647    i.Kin_RotmatToQuat  rnea.o
    0x00006b40   0x0800b078   0x00000048   Code   RO          648    i.Kin_SolIsReal     rnea.o
    0x00006b88   0x0800b0c0   0x00000050   Code   RO          649    i.Mat3Ones          rnea.o
    0x00006bd8   0x0800b110   0x0000004c   Code   RO          650    i.Mat3Transpose     rnea.o
    0x00006c24   0x0800b15c   0x00000088   Code   RO          651    i.Mat3xMat3         rnea.o
    0x00006cac   0x0800b1e4   0x00000068   Code   RO          652    i.Mat3xVec3         rnea.o
    0x00006d14   0x0800b24c   0x0000004c   Code   RO          653    i.Mat4Ones          rnea.o
    0x00006d60   0x0800b298   0x00000048   Code   RO          654    i.Mat4ToMat3        rnea.o
    0x00006da8   0x0800b2e0   0x0000002e   Code   RO          655    i.Mat4ToVec3        rnea.o
    0x00006dd6   0x0800b30e   0x00000002   PAD
    0x00006dd8   0x0800b310   0x00000080   Code   RO          656    i.Mat4xMat4         rnea.o
    0x00006e58   0x0800b390   0x000014b4   Code   RO          657    i.RNEA_CalcTorques  rnea.o
    0x0000830c   0x0800c844   0x00000ec4   Code   RO          658    i.RNEA_Conf         rnea.o
    0x000091d0   0x0800d708   0x00000010   Code   RO          304    i.SysTick_Handler   control.o
    0x000091e0   0x0800d718   0x00000004   Code   RO         1000    i.TG_Conf           trajgen.o
    0x000091e4   0x0800d71c   0x00000288   Code   RO         1001    i.TG_GetSeqFromMbs  trajgen.o
    0x0000946c   0x0800d9a4   0x00000090   Code   RO         1002    i.TG_GetSeqPointConfSpace  trajgen.o
    0x000094fc   0x0800da34   0x00000228   Code   RO         1003    i.TG_GetSeqPointKartesianSpace  trajgen.o
    0x00009724   0x0800dc5c   0x0000032c   Code   RO         1004    i.TG_SLP_FindAllTimeStamps  trajgen.o
    0x00009a50   0x0800df88   0x000000e4   Code   RO         1005    i.TG_SLP_FindOneTimeStamps  trajgen.o
    0x00009b34   0x0800e06c   0x0000017c   Code   RO         1006    i.TG_SLP_FindPath   trajgen.o
    0x00009cb0   0x0800e1e8   0x0000018c   Code   RO         1007    i.TG_SLP_FindTrace  trajgen.o
    0x00009e3c   0x0800e374   0x00000668   Code   RO         1008    i.TG_SLP_FindTraj   trajgen.o
    0x0000a4a4   0x0800e9dc   0x00000046   Code   RO         1009    i.TG_SLP_GetPt12    trajgen.o
    0x0000a4ea   0x0800ea22   0x0000005a   Code   RO         1010    i.TG_SLP_dq2        trajgen.o
    0x0000a544   0x0800ea7c   0x0000014a   Code   RO         1011    i.TG_SLP_q2         trajgen.o
    0x0000a68e   0x0800ebc6   0x0000001a   Code   RO         1012    i.TG_SLP_q3         trajgen.o
    0x0000a6a8   0x0800ebe0   0x000001d0   Code   RO         1013    i.TG_SetDefaultVariables  trajgen.o
    0x0000a878   0x0800edb0   0x000000e8   Code   RO         1014    i.TG_TrajGen        trajgen.o
    0x0000a960   0x0800ee98   0x0000001c   Code   RO          305    i.TIM7_IRQHandler   control.o
    0x0000a97c   0x0800eeb4   0x00000028   Code   RO         1162    i.USART3_IRQHandler  debug.o
    0x0000a9a4   0x0800eedc   0x0000003a   Code   RO          659    i.Vec3AddVec3       rnea.o
    0x0000a9de   0x0800ef16   0x00000032   Code   RO          660    i.Vec3Cross         rnea.o
    0x0000aa10   0x0800ef48   0x0000003a   Code   RO          661    i.Vec3SubVec3       rnea.o
    0x0000aa4a   0x0800ef82   0x00000002   PAD
    0x0000aa4c   0x0800ef84   0x0000002c   Code   RO          662    i.Vec3Zeros         rnea.o
    0x0000aa78   0x0800efb0   0x00000032   Code   RO          663    i.Vec3xScalar       rnea.o
    0x0000aaaa   0x0800efe2   0x00000014   Code   RO          664    i.Vec6SetValues     rnea.o
    0x0000aabe   0x0800eff6   0x0000001a   Code   RO           31    i.__NVIC_EnableIRQ  can.o
    0x0000aad8   0x0800f010   0x0000001a   Code   RO         1163    i.__NVIC_EnableIRQ  debug.o
    0x0000aaf2   0x0800f02a   0x00000006   PAD
    0x0000aaf8   0x0800f030   0x00000dc0   Data   RO          536    .constdata          joints.o
    0x0000b8b8   0x0800fdf0   0x00000dc0   Data   RO          537    .constdata          joints.o
    0x0000c678   0x08010bb0   0x00000dc0   Data   RO          538    .constdata          joints.o
    0x0000d438   0x08011970   0x00000dc0   Data   RO          539    .constdata          joints.o
    0x0000e1f8   0x08012730   0x00000dc0   Data   RO          540    .constdata          joints.o
    0x0000efb8   0x080134f0   0x00000dc0   Data   RO          541    .constdata          joints.o
    0x0000fd78   0x080142b0   0x00000018   Data   RO          542    .constdata          joints.o


    Execution Region ER_IROM1 (Exec base: 0x08000000, Load base: 0x08000000, Size: 0x00003478, Max: 0x00100000, ABSOLUTE)

    Exec Addr    Load Addr    Size         Type   Attr      Idx    E Section Name        Object

    0x08000000   0x08000000   0x00000298   Data   RO         1222    RESET               startup_stm32h745xx.o
    0x08000298   0x08000298   0x00000008   Code   RO         1272  * !!!main             c_w.l(__main.o)
    0x080002a0   0x080002a0   0x00000034   Code   RO         1578    !!!scatter          c_w.l(__scatter.o)
    0x080002d4   0x080002d4   0x0000005a   Code   RO         1576    !!dczerorl2         c_w.l(__dczerorl2.o)
    0x0800032e   0x0800032e   0x00000002   PAD
    0x08000330   0x08000330   0x0000001a   Code   RO         1580    !!handler_copy      c_w.l(__scatter_copy.o)
    0x0800034a   0x0800034a   0x00000002   PAD
    0x0800034c   0x0800034c   0x0000001c   Code   RO         1582    !!handler_zi        c_w.l(__scatter_zi.o)
    0x08000368   0x08000368   0x00000002   Code   RO         1443    .ARM.Collect$$libinit$$00000000  c_w.l(libinit.o)
    0x0800036a   0x0800036a   0x00000004   Code   RO         1448    .ARM.Collect$$libinit$$00000001  c_w.l(libinit2.o)
    0x0800036e   0x0800036e   0x00000000   Code   RO         1451    .ARM.Collect$$libinit$$00000004  c_w.l(libinit2.o)
    0x0800036e   0x0800036e   0x00000000   Code   RO         1454    .ARM.Collect$$libinit$$0000000A  c_w.l(libinit2.o)
    0x0800036e   0x0800036e   0x00000000   Code   RO         1456    .ARM.Collect$$libinit$$0000000C  c_w.l(libinit2.o)
    0x0800036e   0x0800036e   0x00000000   Code   RO         1458    .ARM.Collect$$libinit$$0000000E  c_w.l(libinit2.o)
    0x0800036e   0x0800036e   0x00000000   Code   RO         1461    .ARM.Collect$$libinit$$00000011  c_w.l(libinit2.o)
    0x0800036e   0x0800036e   0x00000000   Code   RO         1463    .ARM.Collect$$libinit$$00000013  c_w.l(libinit2.o)
    0x0800036e   0x0800036e   0x00000000   Code   RO         1465    .ARM.Collect$$libinit$$00000015  c_w.l(libinit2.o)
    0x0800036e   0x0800036e   0x00000000   Code   RO         1467    .ARM.Collect$$libinit$$00000017  c_w.l(libinit2.o)
    0x0800036e   0x0800036e   0x00000000   Code   RO         1469    .ARM.Collect$$libinit$$00000019  c_w.l(libinit2.o)
    0x0800036e   0x0800036e   0x00000000   Code   RO         1471    .ARM.Collect$$libinit$$0000001B  c_w.l(libinit2.o)
    0x0800036e   0x0800036e   0x00000000   Code   RO         1473    .ARM.Collect$$libinit$$0000001D  c_w.l(libinit2.o)
    0x0800036e   0x0800036e   0x00000000   Code   RO         1475    .ARM.Collect$$libinit$$0000001F  c_w.l(libinit2.o)
    0x0800036e   0x0800036e   0x00000000   Code   RO         1477    .ARM.Collect$$libinit$$00000021  c_w.l(libinit2.o)
    0x0800036e   0x0800036e   0x00000000   Code   RO         1479    .ARM.Collect$$libinit$$00000023  c_w.l(libinit2.o)
    0x0800036e   0x0800036e   0x00000000   Code   RO         1481    .ARM.Collect$$libinit$$00000025  c_w.l(libinit2.o)
    0x0800036e   0x0800036e   0x00000000   Code   RO         1485    .ARM.Collect$$libinit$$0000002C  c_w.l(libinit2.o)
    0x0800036e   0x0800036e   0x00000000   Code   RO         1487    .ARM.Collect$$libinit$$0000002E  c_w.l(libinit2.o)
    0x0800036e   0x0800036e   0x00000000   Code   RO         1489    .ARM.Collect$$libinit$$00000030  c_w.l(libinit2.o)
    0x0800036e   0x0800036e   0x00000000   Code   RO         1491    .ARM.Collect$$libinit$$00000032  c_w.l(libinit2.o)
    0x0800036e   0x0800036e   0x00000002   Code   RO         1492    .ARM.Collect$$libinit$$00000033  c_w.l(libinit2.o)
    0x08000370   0x08000370   0x00000002   Code   RO         1514    .ARM.Collect$$libshutdown$$00000000  c_w.l(libshutdown.o)
    0x08000372   0x08000372   0x00000000   Code   RO         1527    .ARM.Collect$$libshutdown$$00000002  c_w.l(libshutdown2.o)
    0x08000372   0x08000372   0x00000000   Code   RO         1529    .ARM.Collect$$libshutdown$$00000004  c_w.l(libshutdown2.o)
    0x08000372   0x08000372   0x00000000   Code   RO         1531    .ARM.Collect$$libshutdown$$00000006  c_w.l(libshutdown2.o)
    0x08000372   0x08000372   0x00000000   Code   RO         1534    .ARM.Collect$$libshutdown$$00000009  c_w.l(libshutdown2.o)
    0x08000372   0x08000372   0x00000000   Code   RO         1537    .ARM.Collect$$libshutdown$$0000000C  c_w.l(libshutdown2.o)
    0x08000372   0x08000372   0x00000000   Code   RO         1539    .ARM.Collect$$libshutdown$$0000000E  c_w.l(libshutdown2.o)
    0x08000372   0x08000372   0x00000000   Code   RO         1542    .ARM.Collect$$libshutdown$$00000011  c_w.l(libshutdown2.o)
    0x08000372   0x08000372   0x00000002   Code   RO         1543    .ARM.Collect$$libshutdown$$00000012  c_w.l(libshutdown2.o)
    0x08000374   0x08000374   0x00000000   Code   RO         1350    .ARM.Collect$$rtentry$$00000000  c_w.l(__rtentry.o)
    0x08000374   0x08000374   0x00000000   Code   RO         1410    .ARM.Collect$$rtentry$$00000002  c_w.l(__rtentry2.o)
    0x08000374   0x08000374   0x00000006   Code   RO         1422    .ARM.Collect$$rtentry$$00000004  c_w.l(__rtentry4.o)
    0x0800037a   0x0800037a   0x00000000   Code   RO         1412    .ARM.Collect$$rtentry$$00000009  c_w.l(__rtentry2.o)
    0x0800037a   0x0800037a   0x00000004   Code   RO         1413    .ARM.Collect$$rtentry$$0000000A  c_w.l(__rtentry2.o)
    0x0800037e   0x0800037e   0x00000000   Code   RO         1415    .ARM.Collect$$rtentry$$0000000C  c_w.l(__rtentry2.o)
    0x0800037e   0x0800037e   0x00000008   Code   RO         1416    .ARM.Collect$$rtentry$$0000000D  c_w.l(__rtentry2.o)
    0x08000386   0x08000386   0x00000002   Code   RO         1446    .ARM.Collect$$rtexit$$00000000  c_w.l(rtexit.o)
    0x08000388   0x08000388   0x00000000   Code   RO         1496    .ARM.Collect$$rtexit$$00000002  c_w.l(rtexit2.o)
    0x08000388   0x08000388   0x00000004   Code   RO         1497    .ARM.Collect$$rtexit$$00000003  c_w.l(rtexit2.o)
    0x0800038c   0x0800038c   0x00000006   Code   RO         1498    .ARM.Collect$$rtexit$$00000004  c_w.l(rtexit2.o)
    0x08000392   0x08000392   0x00000002   PAD
    0x08000394   0x08000394   0x00000040   Code   RO         1223    .text               startup_stm32h745xx.o
    0x080003d4   0x080003d4   0x0000008a   Code   RO         1266    .text               c_w.l(rt_memcpy_v6.o)
    0x0800045e   0x0800045e   0x00000064   Code   RO         1268    .text               c_w.l(rt_memcpy_w.o)
    0x080004c2   0x080004c2   0x00000006   Code   RO         1270    .text               c_w.l(heapauxi.o)
    0x080004c8   0x080004c8   0x00000016   Code   RO         1351    .text               c_w.l(_rserrno.o)
    0x080004de   0x080004de   0x00000002   PAD
    0x080004e0   0x080004e0   0x00000008   Code   RO         1427    .text               c_w.l(rt_errno_addr_intlibspace.o)
    0x080004e8   0x080004e8   0x00000008   Code   RO         1431    .text               c_w.l(libspace.o)
    0x080004f0   0x080004f0   0x0000004a   Code   RO         1434    .text               c_w.l(sys_stackheap_outer.o)
    0x0800053a   0x0800053a   0x00000012   Code   RO         1436    .text               c_w.l(exit.o)
    0x0800054c   0x0800054c   0x0000000c   Code   RO         1506    .text               c_w.l(sys_exit.o)
    0x08000558   0x08000558   0x00000002   Code   RO         1517    .text               c_w.l(use_no_semi.o)
    0x0800055a   0x0800055a   0x00000000   Code   RO         1519    .text               c_w.l(indicate_semi.o)
    0x0800055a   0x0800055a   0x0000000a   Ven    RO         1584    Veneer$$Code        anon$$obj.o
    0x08000564   0x08000564   0x0000000a   Ven    RO         1585    Veneer$$Code        anon$$obj.o
    0x0800056e   0x0800056e   0x0000000a   Ven    RO         1586    Veneer$$Code        anon$$obj.o
    0x08000578   0x08000578   0x0000000a   Ven    RO         1587    Veneer$$Code        anon$$obj.o
    0x08000582   0x08000582   0x0000000a   Ven    RO         1588    Veneer$$Code        anon$$obj.o
    0x0800058c   0x0800058c   0x0000000a   Ven    RO         1589    Veneer$$Code        anon$$obj.o
    0x08000596   0x08000596   0x0000000a   Ven    RO         1590    Veneer$$Code        anon$$obj.o
    0x080005a0   0x080005a0   0x0000000a   Ven    RO         1591    Veneer$$Code        anon$$obj.o
    0x080005aa   0x080005aa   0x0000000a   Ven    RO         1592    Veneer$$Code        anon$$obj.o
    0x080005b4   0x080005b4   0x0000001c   Code   RO          850    i.DMA1_Stream0_IRQHandler  mb_rtu_slave.o
    0x080005d0   0x080005d0   0x00000018   Code   RO          851    i.DMA1_Stream1_IRQHandler  mb_rtu_slave.o
    0x080005e8   0x080005e8   0x00000012   Code   RO          852    i.MBS_Act           mb_rtu_slave.o
    0x080005fa   0x080005fa   0x00000002   PAD
    0x080005fc   0x080005fc   0x00000098   Code   RO          853    i.MBS_ActConfigWords  mb_rtu_slave.o
    0x08000694   0x08000694   0x00000304   Code   RO          854    i.MBS_ActControlWords  mb_rtu_slave.o
    0x08000998   0x08000998   0x000005d6   Code   RO          855    i.MBS_ActTelemetry  mb_rtu_slave.o
    0x08000f6e   0x08000f6e   0x00000010   Code   RO          856    i.MBS_ClrStr        mb_rtu_slave.o
    0x08000f7e   0x08000f7e   0x00000002   PAD
    0x08000f80   0x08000f80   0x000000c4   Code   RO          857    i.MBS_ComUart2Conf  mb_rtu_slave.o
    0x08001044   0x08001044   0x0000004c   Code   RO          858    i.MBS_Conf          mb_rtu_slave.o
    0x08001090   0x08001090   0x00000030   Code   RO          859    i.MBS_Crc16         mb_rtu_slave.o
    0x080010c0   0x080010c0   0x00000170   Code   RO          860    i.MBS_ReadRequest   mb_rtu_slave.o
    0x08001230   0x08001230   0x00000028   Code   RO          861    i.MBS_ReinitDmaReadStream  mb_rtu_slave.o
    0x08001258   0x08001258   0x00000024   Code   RO          862    i.MBS_ReinitDmaWriteStream  mb_rtu_slave.o
    0x0800127c   0x0800127c   0x00000048   Code   RO          863    i.MBS_ResponseError_IDR  mb_rtu_slave.o
    0x080012c4   0x080012c4   0x00000088   Code   RO          864    i.MBS_Response_RnDQ  mb_rtu_slave.o
    0x0800134c   0x0800134c   0x00000088   Code   RO          865    i.MBS_Response_RnHR  mb_rtu_slave.o
    0x080013d4   0x080013d4   0x00000064   Code   RO          866    i.MBS_Response_W1HR  mb_rtu_slave.o
    0x08001438   0x08001438   0x000000ac   Code   RO          867    i.MBS_Response_WnDQ  mb_rtu_slave.o
    0x080014e4   0x080014e4   0x00000080   Code   RO          868    i.MBS_Response_WnHR  mb_rtu_slave.o
    0x08001564   0x08001564   0x0000005c   Code   RO          869    i.MBS_StructConf    mb_rtu_slave.o
    0x080015c0   0x080015c0   0x00000128   Code   RO          870    i.MBS_UseNewArmModel  mb_rtu_slave.o
    0x080016e8   0x080016e8   0x00000114   Code   RO          871    i.MBS_UseNewPidParam  mb_rtu_slave.o
    0x080017fc   0x080017fc   0x00000100   Code   RO         1231    i.SystemInit        system_stm32h7xx_dualcore_boot_cm4_cm7.o
    0x080018fc   0x080018fc   0x00000028   Code   RO          872    i.TIM5_IRQHandler   mb_rtu_slave.o
    0x08001924   0x08001924   0x00000044   Code   RO          873    i.USART2_IRQHandler  mb_rtu_slave.o
    0x08001968   0x08001968   0x00000030   Code   RO         1393    i.__ARM_fpclassify  m_wv.l(fpclassify.o)
    0x08001998   0x08001998   0x0000001a   Code   RO          874    i.__NVIC_EnableIRQ  mb_rtu_slave.o
    0x080019b2   0x080019b2   0x00000006   PAD
    0x080019b8   0x080019b8   0x00000218   Code   RO         1274    i.__hardfp_acos     m_wv.l(acos.o)
    0x08001bd0   0x08001bd0   0x00000200   Code   RO         1356    i.__hardfp_atan     m_wv.l(atan.o)
    0x08001dd0   0x08001dd0   0x000001c8   Code   RO         1288    i.__hardfp_atan2    m_wv.l(atan2.o)
    0x08001f98   0x08001f98   0x000000b0   Code   RO         1300    i.__hardfp_cos      m_wv.l(cos.o)
    0x08002048   0x08002048   0x000008f8   Code   RO         1312    i.__hardfp_pow      m_wv.l(pow.o)
    0x08002940   0x08002940   0x000000b0   Code   RO         1326    i.__hardfp_sin      m_wv.l(sin.o)
    0x080029f0   0x080029f0   0x00000066   Code   RO         1338    i.__hardfp_sqrt     m_wv.l(sqrt.o)
    0x08002a56   0x08002a56   0x00000002   PAD
    0x08002a58   0x08002a58   0x00000310   Code   RO         1398    i.__ieee754_rem_pio2  m_wv.l(rred.o)
    0x08002d68   0x08002d68   0x000000e0   Code   RO         1370    i.__kernel_cos      m_wv.l(cos_i.o)
    0x08002e48   0x08002e48   0x00000070   Code   RO         1395    i.__kernel_poly     m_wv.l(poly.o)
    0x08002eb8   0x08002eb8   0x000000a8   Code   RO         1403    i.__kernel_sin      m_wv.l(sin_i.o)
    0x08002f60   0x08002f60   0x00000020   Code   RO         1373    i.__mathlib_dbl_divzero  m_wv.l(dunder.o)
    0x08002f80   0x08002f80   0x00000006   Code   RO         1374    i.__mathlib_dbl_infnan  m_wv.l(dunder.o)
    0x08002f86   0x08002f86   0x00000006   Code   RO         1375    i.__mathlib_dbl_infnan2  m_wv.l(dunder.o)
    0x08002f8c   0x08002f8c   0x00000004   PAD
    0x08002f90   0x08002f90   0x00000018   Code   RO         1376    i.__mathlib_dbl_invalid  m_wv.l(dunder.o)
    0x08002fa8   0x08002fa8   0x00000018   Code   RO         1377    i.__mathlib_dbl_overflow  m_wv.l(dunder.o)
    0x08002fc0   0x08002fc0   0x00000018   Code   RO         1379    i.__mathlib_dbl_underflow  m_wv.l(dunder.o)
    0x08002fd8   0x08002fd8   0x00000010   Code   RO         1358    i.atan              m_wv.l(atan.o)
    0x08002fe8   0x08002fe8   0x00000018   Code   RO         1389    i.fabs              m_wv.l(fabs.o)
    0x08003000   0x08003000   0x0000000a   Code   RO          496    i.main              main.o
    0x0800300a   0x0800300a   0x0000006a   Code   RO         1340    i.sqrt              m_wv.l(sqrt.o)
    0x08003074   0x08003074   0x00000010   Code   RO         1429    x$fpl$dcheck1       fz_wv.l(dcheck1.o)
    0x08003084   0x08003084   0x0000000a   Code   RO         1504    x$fpl$fpinit        fz_wv.l(fpinit.o)
    0x0800308e   0x0800308e   0x00000064   Code   RO         1444    x$fpl$retnan        fz_wv.l(retnan.o)
    0x080030f2   0x080030f2   0x0000005c   Code   RO         1353    x$fpl$scalbn        fz_wv.l(scalbn.o)
    0x0800314e   0x0800314e   0x00000030   Code   RO         1493    x$fpl$trapveneer    fz_wv.l(trapv.o)
    0x0800317e   0x0800317e   0x00000000   Code   RO         1355    x$fpl$usenofp       fz_wv.l(usenofp.o)
    0x0800317e   0x0800317e   0x00000002   PAD
    0x08003180   0x08003180   0x00000050   Data   RO         1277    .constdata          m_wv.l(acos.o)
    0x080031d0   0x080031d0   0x00000088   Data   RO         1315    .constdata          m_wv.l(pow.o)
    0x08003258   0x08003258   0x00000098   Data   RO         1359    .constdata          m_wv.l(atan.o)
    0x080032f0   0x080032f0   0x00000030   Data   RO         1371    .constdata          m_wv.l(cos_i.o)
    0x08003320   0x08003320   0x00000008   Data   RO         1397    .constdata          m_wv.l(qnan.o)
    0x08003328   0x08003328   0x000000c8   Data   RO         1400    .constdata          m_wv.l(rred.o)
    0x080033f0   0x080033f0   0x00000028   Data   RO         1404    .constdata          m_wv.l(sin_i.o)
    0x08003418   0x08003418   0x00000060   Data   RO         1574    Region$$Table       anon$$obj.o


    Execution Region RW_IRAM1 (Exec base: 0x20000000, Load base: 0x08003478, Size: 0x00019780, Max: 0x00020000, ABSOLUTE)

    Exec Addr    Load Addr    Size         Type   Attr      Idx    E Section Name        Object

    0x20000000   0x08003478   0x00000004   Data   RW          310    .data               control.o
    0x20000004   0x0800347c   0x00000004   PAD
    0x20000008   0x08003480   0x00000038   Data   RW          667    .data               rnea.o
    0x20000040   0x080034b8   0x00000008   Data   RW         1015    .data               trajgen.o
    0x20000048        -       0x00007558   Zero   RW          309    .bss                control.o
    0x200075a0        -       0x00002280   Zero   RW          665    .bss                rnea.o
    0x20009820        -       0x00000060   Zero   RW         1432    .bss                c_w.l(libspace.o)
    0x20009880        -       0x00000f00   Zero   RW         1221    HEAP                startup_stm32h745xx.o
    0x2000a780        -       0x0000f000   Zero   RW         1220    STACK               startup_stm32h745xx.o


    Execution Region RW_IRAM2 (Exec base: 0x24000000, Load base: 0x080034c0, Size: 0x000794f8, Max: 0x00080000, ABSOLUTE, COMPRESSED[0x00000f3c])

    Exec Addr    Load Addr    Size         Type   Attr      Idx    E Section Name        Object

    0x24000000   COMPRESSED   0x000794f8   Data   RW          306    .ARM.__at_0x24000000  control.o


    Execution Region RW_IRAM3 (Exec base: 0x30000000, Load base: 0x080043fc, Size: 0x00009cc0, Max: 0x00048000, ABSOLUTE, COMPRESSED[0x0000013c])

    Exec Addr    Load Addr    Size         Type   Attr      Idx    E Section Name        Object

    0x30000000   COMPRESSED   0x00009cc0   Data   RW          307    .ARM.__at_0x30000000  control.o


    Execution Region RW_IRAM5 (Exec base: 0x38000000, Load base: 0x080142c8, Size: 0x000013a0, Max: 0x00010000, ABSOLUTE, COMPRESSED[0x00000028])

    Exec Addr    Load Addr    Size         Type   Attr      Idx    E Section Name        Object

    0x38000000   COMPRESSED   0x000013a0   Data   RW          308    .ARM.__at_0x38000000  control.o


==============================================================================

Image component sizes


      Code (inc. data)   RO Data    RW Data    ZI Data      Debug   Object Name

      7830        278          0          0          0    1088630   can.o
      7986        678          0     542044      30040      64195   control.o
      1612        104          0          0          0       6492   debug.o
        60          4          0          0          0       1020   gripper.o
       280         44          0          0          0       3655   inputsoutputs.o
      3500        612      21144          0          0      12969   joints.o
        10          0          0          0          0        475   main.o
      4810        180          0          0          0      20225   mb_rtu_slave.o
     16366        368          0         56       8832      34941   rnea.o
        64         26        664          0      65280        908   startup_stm32h745xx.o
       256         40          0          0          0        821   system_stm32h7xx_dualcore_boot_cm4_cm7.o
      6016        220          0          8          0      19211   trajgen.o

    ----------------------------------------------------------------------
     49008       2554      21904     542112     104152    1253542   Object Totals
       190          0         96          0          0          0   (incl. Generated)
        28          0          0          4          0          0   (incl. Padding)

    ----------------------------------------------------------------------

      Code (inc. data)   RO Data    RW Data    ZI Data      Debug   Library Member Name

        90          0          0          0          0          0   __dczerorl2.o
         8          0          0          0          0         68   __main.o
         0          0          0          0          0          0   __rtentry.o
        12          0          0          0          0          0   __rtentry2.o
         6          0          0          0          0          0   __rtentry4.o
        52          8          0          0          0          0   __scatter.o
        26          0          0          0          0          0   __scatter_copy.o
        28          0          0          0          0          0   __scatter_zi.o
        22          0          0          0          0        100   _rserrno.o
        18          0          0          0          0         80   exit.o
         6          0          0          0          0        152   heapauxi.o
         0          0          0          0          0          0   indicate_semi.o
         2          0          0          0          0          0   libinit.o
         6          0          0          0          0          0   libinit2.o
         2          0          0          0          0          0   libshutdown.o
         2          0          0          0          0          0   libshutdown2.o
         8          4          0          0         96         68   libspace.o
         8          4          0          0          0         68   rt_errno_addr_intlibspace.o
       138          0          0          0          0         68   rt_memcpy_v6.o
       100          0          0          0          0         80   rt_memcpy_w.o
         2          0          0          0          0          0   rtexit.o
        10          0          0          0          0          0   rtexit2.o
        12          4          0          0          0         68   sys_exit.o
        74          0          0          0          0         80   sys_stackheap_outer.o
         2          0          0          0          0         68   use_no_semi.o
        16          4          0          0          0        116   dcheck1.o
        10          0          0          0          0        116   fpinit.o
       100          0          0          0          0        116   retnan.o
        92          0          0          0          0        116   scalbn.o
        48          0          0          0          0        116   trapv.o
         0          0          0          0          0          0   usenofp.o
       536        114         80          0          0        256   acos.o
       528        110        152          0          0        348   atan.o
       456         64          0          0          0        188   atan2.o
       176         18          0          0          0        156   cos.o
       224         42         48          0          0        184   cos_i.o
       116         60          0          0          0        696   dunder.o
        24          0          0          0          0        124   fabs.o
        48          0          0          0          0        124   fpclassify.o
       112          0          0          0          0        116   poly.o
      2296        304        136          0          0        320   pow.o
         0          0          8          0          0          0   qnan.o
       784        138        200          0          0        172   rred.o
       176         18          0          0          0        160   sin.o
       168         24         40          0          0        196   sin_i.o
       208          0          0          0          0        280   sqrt.o

    ----------------------------------------------------------------------
      6768        916        664          0         96       4800   Library Totals
        16          0          0          0          0          0   (incl. Padding)

    ----------------------------------------------------------------------

      Code (inc. data)   RO Data    RW Data    ZI Data      Debug   Library Name

       634         20          0          0         96        900   c_w.l
       266          4          0          0          0        580   fz_wv.l
      5852        892        664          0          0       3320   m_wv.l

    ----------------------------------------------------------------------
      6768        916        664          0         96       4800   Library Totals

    ----------------------------------------------------------------------

==============================================================================


      Code (inc. data)   RO Data    RW Data    ZI Data      Debug   

     55776       3470      22568     542112     104248    1239946   Grand Totals
     55776       3470      22568       4328     104248    1239946   ELF Image Totals (compressed)
     55776       3470      22568       4328          0          0   ROM Totals

==============================================================================

    Total RO  Size (Code + RO Data)                78344 (  76.51kB)
    Total RW  Size (RW Data + ZI Data)            646360 ( 631.21kB)
    Total ROM Size (Code + RO Data + RW Data)      82672 (  80.73kB)

==============================================================================

