Component: ARM Compiler 5.06 update 7 (build 960) Tool: armlink [4d3601]

==============================================================================

Section Cross References

    can.o(i.Can_CheckCanStatus) refers to control.o(.data) for pC
    can.o(i.Can_CheckStatus) refers to can.o(i.Can_CheckCanStatus) for Can_CheckCanStatus
    can.o(i.Can_CheckStatus) refers to control.o(.data) for pC
    can.o(i.Can_Conf) refers to can.o(i.Can_StructConf) for Can_StructConf
    can.o(i.Can_Conf) refers to can.o(i.Can_FiltersConf) for Can_FiltersConf
    can.o(i.Can_Conf) refers to can.o(i.Can_TxBufferConf) for Can_TxBufferConf
    can.o(i.Can_Conf) refers to can.o(i.Can_FdcanConf) for Can_FdcanConf
    can.o(i.Can_FdcanConf) refers to can.o(i.__NVIC_EnableIRQ) for __NVIC_EnableIRQ
    can.o(i.Can_FdcanConf) refers to control.o(.data) for pC
    can.o(i.Can_FiltersConf) refers to control.o(.data) for pC
    can.o(i.Can_ReadFrameChangeConfResponse) refers to control.o(.data) for pC
    can.o(i.Can_ReadFrameChangeFsmResponse) refers to control.o(.data) for pC
    can.o(i.Can_ReadFrameMoveResponse) refers to control.o(.data) for pC
    can.o(i.Can_ReadFramesFromBuffer) refers to can.o(i.Can_ReadFrameMoveResponse) for Can_ReadFrameMoveResponse
    can.o(i.Can_ReadFramesFromBuffer) refers to can.o(i.Can_ReadFrameChangeFsmResponse) for Can_ReadFrameChangeFsmResponse
    can.o(i.Can_ReadFramesFromBuffer) refers to can.o(i.Can_ReadFrameChangeConfResponse) for Can_ReadFrameChangeConfResponse
    can.o(i.Can_SendDataToJoints) refers to can.o(i.Can_SendFrameToJoints) for Can_SendFrameToJoints
    can.o(i.Can_SendDataToJoints) refers to can.o(i.Can_CheckStatus) for Can_CheckStatus
    can.o(i.Can_SendDataToJoints) refers to control.o(.data) for pC
    can.o(i.Can_SendFrameChangeFsm) refers to control.o(.data) for pC
    can.o(i.Can_SendFrameChangeMode) refers to control.o(.data) for pC
    can.o(i.Can_SendFrameMove) refers to control.o(.data) for pC
    can.o(i.Can_SendFrameOccurred) refers to control.o(.data) for pC
    can.o(i.Can_SendFrameReset) refers to control.o(.data) for pC
    can.o(i.Can_SendFrameToJoints) refers to control.o(.data) for pC
    can.o(i.Can_StructConf) refers to control.o(.data) for pC
    can.o(i.Can_TxBufferConf) refers to control.o(.data) for pC
    can.o(i.Can_TxBufferConf) refers to can.o(i.Can_SendFrameMove) for Can_SendFrameMove
    can.o(i.Can_TxBufferConf) refers to can.o(i.Can_SendFrameChangeFsm) for Can_SendFrameChangeFsm
    can.o(i.Can_TxBufferConf) refers to can.o(i.Can_SendFrameChangeMode) for Can_SendFrameChangeMode
    can.o(i.Can_TxBufferConf) refers to can.o(i.Can_SendFrameReset) for Can_SendFrameReset
    can.o(i.FDCAN1_IT0_IRQHandler) refers to can.o(i.Can_SendFrameOccurred) for Can_SendFrameOccurred
    can.o(i.FDCAN1_IT0_IRQHandler) refers to can.o(i.Can_ReadFramesFromBuffer) for Can_ReadFramesFromBuffer
    com.o(i.Com_CheckConsistencyReceivedFrame) refers to control.o(.ARM.__at_0x30000000) for Com
    com.o(i.Com_HostCheckGeneralTimeout) refers to control.o(.ARM.__at_0x30000000) for Com
    com.o(i.DMA1_Stream0_IRQHandler) refers to com.o(i.Com_ReinitDmaReadStream) for Com_ReinitDmaReadStream
    com.o(i.DMA1_Stream1_IRQHandler) refers to control.o(.ARM.__at_0x30000000) for Com
    com.o(i.Host_ComConf) refers to com.o(i.Host_ComUart3Conf) for Host_ComUart3Conf
    com.o(i.Host_ComConf) refers to com.o(i.Host_ComTimCof) for Host_ComTimCof
    com.o(i.Host_ComConf) refers to control.o(.ARM.__at_0x30000000) for Com
    com.o(i.Host_ComConf) refers to com.o(i.Host_ComPrepareFrameJtcStatus) for Host_ComPrepareFrameJtcStatus
    com.o(i.Host_ComPrepareFrameJtcStatus) refers to com.o(i.Com_Crc16) for Com_Crc16
    com.o(i.Host_ComPrepareFrameJtcStatus) refers to control.o(.ARM.__at_0x30000000) for Com
    com.o(i.Host_ComPrepareFrameJtcStatus) refers to control.o(.data) for pC
    com.o(i.Host_ComPrepareFrameJtcStatus) refers to control.o(.ARM.__at_0x24000000) for Traj
    com.o(i.Host_ComReadFrameArmModel) refers to com.o(i.Com_Crc16) for Com_Crc16
    com.o(i.Host_ComReadFrameArmModel) refers to rnea.o(i.RNEA_Conf) for RNEA_Conf
    com.o(i.Host_ComReadFrameArmModel) refers to control.o(.ARM.__at_0x30000000) for Com
    com.o(i.Host_ComReadFrameArmModel) refers to control.o(.data) for pC
    com.o(i.Host_ComReadFrameFricionPolynomial) refers to com.o(i.Com_Crc16) for Com_Crc16
    com.o(i.Host_ComReadFrameFricionPolynomial) refers to control.o(.ARM.__at_0x30000000) for Com
    com.o(i.Host_ComReadFrameFricionPolynomial) refers to control.o(.data) for pC
    com.o(i.Host_ComReadFrameFricionTable) refers to com.o(i.Com_Crc16) for Com_Crc16
    com.o(i.Host_ComReadFrameFricionTable) refers to joints.o(i.Joints_FindMinMaxVelTempInFrictionTabeIdx) for Joints_FindMinMaxVelTempInFrictionTabeIdx
    com.o(i.Host_ComReadFrameFricionTable) refers to control.o(.ARM.__at_0x30000000) for Com
[...]
    Control_TrajInterpolate                  0x00002491   Thumb Code   456  control.o(i.Control_TrajInterpolate)
    i.FDCAN1_IT0_IRQHandler                  0x00002668   Section        0  can.o(i.FDCAN1_IT0_IRQHandler)
    i.FDCAN1_IT1_IRQHandler                  0x00002690   Section        0  can.o(i.FDCAN1_IT1_IRQHandler)
    i.HRX                                    0x000026fc   Section        0  rnea.o(i.HRX)
    HRX                                      0x000026fd   Thumb Code   138  rnea.o(i.HRX)
    i.HRY                                    0x00002790   Section        0  rnea.o(i.HRY)
    HRY                                      0x00002791   Thumb Code   138  rnea.o(i.HRY)
    i.HRZ                                    0x00002824   Section        0  rnea.o(i.HRZ)
    HRZ                                      0x00002825   Thumb Code   138  rnea.o(i.HRZ)
    i.HT                                     0x000028b8   Section        0  rnea.o(i.HT)
    HT                                       0x000028b9   Thumb Code    80  rnea.o(i.HT)
    i.Joints_CalcFrictionCompensate          0x00002910   Section        0  joints.o(i.Joints_CalcFrictionCompensate)
    i.Joints_CalcFrictionCompensatePolynomial 0x0000292c   Section        0  joints.o(i.Joints_CalcFrictionCompensatePolynomial)
    Joints_CalcFrictionCompensatePolynomial  0x0000292d   Thumb Code   252  joints.o(i.Joints_CalcFrictionCompensatePolynomial)
    i.Joints_CalcFrictionCompensateTable     0x00002a2c   Section        0  joints.o(i.Joints_CalcFrictionCompensateTable)
    Joints_CalcFrictionCompensateTable       0x00002a2d   Thumb Code   390  joints.o(i.Joints_CalcFrictionCompensateTable)
    i.Joints_CalcInitRegsTorque              0x00002bb8   Section        0  joints.o(i.Joints_CalcInitRegsTorque)
    i.Joints_CalcPIDs                        0x00002c38   Section        0  joints.o(i.Joints_CalcPIDs)
    i.Joints_ClearCanValues                  0x00002d54   Section        0  joints.o(i.Joints_ClearCanValues)
    i.Joints_FindMinMaxVelTempInFrictionTabeIdx 0x00002d8c   Section        0  joints.o(i.Joints_FindMinMaxVelTempInFrictionTabeIdx)
    i.Joints_SetDefaultFriction              0x00002e34   Section        0  joints.o(i.Joints_SetDefaultFriction)
    i.Joints_SetDefaultFrictionTable         0x00002e88   Section        0  joints.o(i.Joints_SetDefaultFrictionTable)
    Joints_SetDefaultFrictionTable           0x00002e89   Thumb Code   160  joints.o(i.Joints_SetDefaultFrictionTable)
    i.Joints_SetDefaultPidParam              0x00002f30   Section        0  joints.o(i.Joints_SetDefaultPidParam)
    i.Joints_SetDefaultVariables             0x00003030   Section        0  joints.o(i.Joints_SetDefaultVariables)
    i.Joints_SetResetValuesVariables         0x000030bc   Section        0  joints.o(i.Joints_SetResetValuesVariables)
    i.Joints_SetStartValuesVariables         0x00003178   Section        0  joints.o(i.Joints_SetStartValuesVariables)
    i.Joints_StartIrValuesVariables          0x00003324   Section        0  joints.o(i.Joints_StartIrValuesVariables)
    i.Joints_StopIrValuesVariables           0x00003374   Section        0  joints.o(i.Joints_StopIrValuesVariables)
    i.Mat3Ones                               0x000033ac   Section        0  rnea.o(i.Mat3Ones)
    Mat3Ones                                 0x000033ad   Thumb Code    72  rnea.o(i.Mat3Ones)
    i.Mat3Transpose                          0x000033fc   Section        0  rnea.o(i.Mat3Transpose)
    Mat3Transpose                            0x000033fd   Thumb Code    76  rnea.o(i.Mat3Transpose)
    i.Mat3xMat3                              0x00003448   Section        0  rnea.o(i.Mat3xMat3)
    Mat3xMat3                                0x00003449   Thumb Code   126  rnea.o(i.Mat3xMat3)
    i.Mat3xVec3                              0x000034d0   Section        0  rnea.o(i.Mat3xVec3)
    Mat3xVec3                                0x000034d1   Thumb Code    96  rnea.o(i.Mat3xVec3)
    i.Mat4Ones                               0x00003538   Section        0  rnea.o(i.Mat4Ones)
    Mat4Ones                                 0x00003539   Thumb Code    68  rnea.o(i.Mat4Ones)
    i.Mat4ToMat3                             0x00003584   Section        0  rnea.o(i.Mat4ToMat3)
    Mat4ToMat3                               0x00003585   Thumb Code    72  rnea.o(i.Mat4ToMat3)
    i.Mat4ToVec3                             0x000035cc   Section        0  rnea.o(i.Mat4ToVec3)
    Mat4ToVec3                               0x000035cd   Thumb Code    46  rnea.o(i.Mat4ToVec3)
    i.Mat4xMat4                              0x000035fc   Section        0  rnea.o(i.Mat4xMat4)
    Mat4xMat4                                0x000035fd   Thumb Code   118  rnea.o(i.Mat4xMat4)
    i.RNEA_CalcTorques                       0x0000367c   Section        0  rnea.o(i.RNEA_CalcTorques)
    i.RNEA_Conf                              0x00004b24   Section        0  rnea.o(i.RNEA_Conf)
    i.SysTick_Handler                        0x000059e8   Section        0  control.o(i.SysTick_Handler)
    i.TIM7_IRQHandler                        0x000059f8   Section        0  control.o(i.TIM7_IRQHandler)
    i.Vec3AddVec3                            0x00005a14   Section        0  rnea.o(i.Vec3AddVec3)
    Vec3AddVec3                              0x00005a15   Thumb Code    58  rnea.o(i.Vec3AddVec3)
    i.Vec3Cross                              0x00005a4e   Section        0  rnea.o(i.Vec3Cross)
    Vec3Cross                                0x00005a4f   Thumb Code    50  rnea.o(i.Vec3Cross)
    i.Vec3SubVec3                            0x00005a80   Section        0  rnea.o(i.Vec3SubVec3)
    Vec3SubVec3                              0x00005a81   Thumb Code    58  rnea.o(i.Vec3SubVec3)
    i.Vec3Zeros                              0x00005abc   Section        0  rnea.o(i.Vec3Zeros)
    Vec3Zeros                                0x00005abd   Thumb Code    34  rnea.o(i.Vec3Zeros)
    i.Vec3xScalar                            0x00005ae8   Section        0  rnea.o(i.Vec3xScalar)
    Vec3xScalar                              0x00005ae9   Thumb Code    50  rnea.o(i.Vec3xScalar)
    i.__NVIC_EnableIRQ                       0x00005b1a   Section        0  can.o(i.__NVIC_EnableIRQ)
    __NVIC_EnableIRQ                         0x00005b1b   Thumb Code    26  can.o(i.__NVIC_EnableIRQ)
    .constdata                               0x00005b38   Section     3520  joints.o(.constdata)
    .constdata                               0x000068f8   Section     3520  joints.o(.constdata)
    .constdata                               0x000076b8   Section     3520  joints.o(.constdata)
    .constdata                               0x00008478   Section     3520  joints.o(.constdata)
    .constdata                               0x00009238   Section     3520  joints.o(.constdata)
    .constdata                               0x00009ff8   Section     3520  joints.o(.constdata)
    .constdata                               0x0000adb8   Section       24  joints.o(.constdata)
    RESET                                    0x08000000   Section      664  startup_stm32h745xx.o(RESET)
    !!!main                                  0x08000298   Section        8  __main.o(!!!main)
    !!!scatter                               0x080002a0   Section       52  __scatter.o(!!!scatter)
    !!dczerorl2                              0x080002d4   Section       90  __dczerorl2.o(!!dczerorl2)
    !!handler_copy                           0x08000330   Section       26  __scatter_copy.o(!!handler_copy)
    !!handler_zi                             0x0800034c   Section       28  __scatter_zi.o(!!handler_zi)
    .ARM.Collect$$libinit$$00000000          0x08000368   Section        2  libinit.o(.ARM.Collect$$libinit$$00000000)
    .ARM.Collect$$libinit$$00000001          0x0800036a   Section        4  libinit2.o(.ARM.Collect$$libinit$$00000001)
    .ARM.Collect$$libinit$$00000004          0x0800036e   Section        0  libinit2.o(.ARM.Collect$$libinit$$00000004)
    .ARM.Collect$$libinit$$0000000A          0x0800036e   Section        0  libinit2.o(.ARM.Collect$$libinit$$0000000A)
    .ARM.Collect$$libinit$$0000000C          0x0800036e   Section        0  libinit2.o(.ARM.Collect$$libinit$$0000000C)
    .ARM.Collect$$libinit$$0000000E          0x0800036e   Section        0  libinit2.o(.ARM.Collect$$libinit$$0000000E)
    .ARM.Collect$$libinit$$00000011          0x0800036e   Section        0  libinit2.o(.ARM.Collect$$libinit$$00000011)
    .ARM.Collect$$libinit$$00000013          0x0800036e   Section        0  libinit2.o(.ARM.Collect$$libinit$$00000013)
    .ARM.Collect$$libinit$$00000015          0x0800036e   Section        0  libinit2.o(.ARM.Collect$$libinit$$00000015)
    .ARM.Collect$$libinit$$00000017          0x0800036e   Section        0  libinit2.o(.ARM.Collect$$libinit$$00000017)
    .ARM.Collect$$libinit$$00000019          0x0800036e   Section        0  libinit2.o(.ARM.Collect$$libinit$$00000019)
    .ARM.Collect$$libinit$$0000001B          0x0800036e   Section        0  libinit2.o(.ARM.Collect$$libinit$$0000001B)
    .ARM.Collect$$libinit$$0000001D          0x0800036e   Section        0  libinit2.o(.ARM.Collect$$libinit$$0000001D)
    .ARM.Collect$$libinit$$0000001F          0x0800036e   Section        0  libinit2.o(.ARM.Collect$$libinit$$0000001F)
    .ARM.Collect$$libinit$$00000021          0x0800036e   Section        0  libinit2.o(.ARM.Collect$$libinit$$00000021)
    .ARM.Collect$$libinit$$00000023          0x0800036e   Section        0  libinit2.o(.ARM.Collect$$libinit$$00000023)
    .ARM.Collect$$libinit$$00000025          0x0800036e   Section        0  libinit2.o(.ARM.Collect$$libinit$$00000025)
    .ARM.Collect$$libinit$$0000002C          0x0800036e   Section        0  libinit2.o(.ARM.Collect$$libinit$$0000002C)
    .ARM.Collect$$libinit$$0000002E          0x0800036e   Section        0  libinit2.o(.ARM.Collect$$libinit$$0000002E)
    .ARM.Collect$$libinit$$00000030          0x0800036e   Section        0  libinit2.o(.ARM.Collect$$libinit$$00000030)
    .ARM.Collect$$libinit$$00000032          0x0800036e   Section        0  libinit2.o(.ARM.Collect$$libinit$$00000032)
    .ARM.Collect$$libinit$$00000033          0x0800036e   Section        2  libinit2.o(.ARM.Collect$$libinit$$00000033)
    .ARM.Collect$$libshutdown$$00000000      0x08000370   Section        2  libshutdown.o(.ARM.Collect$$libshutdown$$00000000)
    .ARM.Collect$$libshutdown$$00000002      0x08000372   Section        0  libshutdown2.o(.ARM.Collect$$libshutdown$$00000002)
    .ARM.Collect$$libshutdown$$00000004      0x08000372   Section        0  libshutdown2.o(.ARM.Collect$$libshutdown$$00000004)
    .ARM.Collect$$libshutdown$$00000006      0x08000372   Section        0  libshutdown2.o(.ARM.Collect$$libshutdown$$00000006)
    .ARM.Collect$$libshutdown$$00000009      0x08000372   Section        0  libshutdown2.o(.ARM.Collect$$libshutdown$$00000009)
    .ARM.Collect$$libshutdown$$0000000C      0x08000372   Section        0  libshutdown2.o(.ARM.Collect$$libshutdown$$0000000C)
    .ARM.Collect$$libshutdown$$0000000E      0x08000372   Section        0  libshutdown2.o(.ARM.Collect$$libshutdown$$0000000E)
    .ARM.Collect$$libshutdown$$00000011      0x08000372   Section        0  libshutdown2.o(.ARM.Collect$$libshutdown$$00000011)
    .ARM.Collect$$libshutdown$$00000012      0x08000372   Section        2  libshutdown2.o(.ARM.Collect$$libshutdown$$00000012)
    .ARM.Collect$$rtentry$$00000000          0x08000374   Section        0  __rtentry.o(.ARM.Collect$$rtentry$$00000000)
    .ARM.Collect$$rtentry$$00000002          0x08000374   Section        0  __rtentry2.o(.ARM.Collect$$rtentry$$00000002)
    .ARM.Collect$$rtentry$$00000004          0x08000374   Section        6  __rtentry4.o(.ARM.Collect$$rtentry$$00000004)
    .ARM.Collect$$rtentry$$00000009          0x0800037a   Section        0  __rtentry2.o(.ARM.Collect$$rtentry$$00000009)
    .ARM.Collect$$rtentry$$0000000A          0x0800037a   Section        4  __rtentry2.o(.ARM.Collect$$rtentry$$0000000A)
    .ARM.Collect$$rtentry$$0000000C          0x0800037e   Section        0  __rtentry2.o(.ARM.Collect$$rtentry$$0000000C)
    .ARM.Collect$$rtentry$$0000000D          0x0800037e   Section        8  __rtentry2.o(.ARM.Collect$$rtentry$$0000000D)
    .ARM.Collect$$rtexit$$00000000           0x08000386   Section        2  rtexit.o(.ARM.Collect$$rtexit$$00000000)
    .ARM.Collect$$rtexit$$00000002           0x08000388   Section        0  rtexit2.o(.ARM.Collect$$rtexit$$00000002)
    .ARM.Collect$$rtexit$$00000003           0x08000388   Section        4  rtexit2.o(.ARM.Collect$$rtexit$$00000003)
    .ARM.Collect$$rtexit$$00000004           0x0800038c   Section        6  rtexit2.o(.ARM.Collect$$rtexit$$00000004)
    .text                                    0x08000394   Section       64  startup_stm32h745xx.o(.text)
    $v0                                      0x08000394   Number         0  startup_stm32h745xx.o(.text)
    .text                                    0x080003d4   Section      100  rt_memcpy_w.o(.text)
    .text                                    0x08000438   Section        0  heapauxi.o(.text)
    .text                                    0x0800043e   Section        0  _rserrno.o(.text)
    .text                                    0x08000454   Section        8  rt_errno_addr_intlibspace.o(.text)
    .text                                    0x0800045c   Section        8  libspace.o(.text)
    .text                                    0x08000464   Section       74  sys_stackheap_outer.o(.text)
    .text                                    0x080004ae   Section        0  exit.o(.text)
    .text                                    0x080004c0   Section        0  sys_exit.o(.text)
    .text                                    0x080004cc   Section        2  use_no_semi.o(.text)
    .text                                    0x080004ce   Section        0  indicate_semi.o(.text)
    i.Com_CheckConsistencyReceivedFrame      0x08000534   Section        0  com.o(i.Com_CheckConsistencyReceivedFrame)
    Com_CheckConsistencyReceivedFrame        0x08000535   Thumb Code    84  com.o(i.Com_CheckConsistencyReceivedFrame)
    i.Com_ClearStr                           0x08000594   Section        0  com.o(i.Com_ClearStr)
    Com_ClearStr                             0x08000595   Thumb Code    16  com.o(i.Com_ClearStr)
    i.Com_Crc16                              0x080005a4   Section        0  com.o(i.Com_Crc16)
    Com_Crc16                                0x080005a5   Thumb Code    58  com.o(i.Com_Crc16)
    i.Com_HostCheckGeneralTimeout            0x080005e0   Section        0  com.o(i.Com_HostCheckGeneralTimeout)
    i.Com_ReinitDmaReadStream                0x08000608   Section        0  com.o(i.Com_ReinitDmaReadStream)
    Com_ReinitDmaReadStream                  0x08000609   Thumb Code    34  com.o(i.Com_ReinitDmaReadStream)
    i.DMA1_Stream0_IRQHandler                0x08000630   Section        0  com.o(i.DMA1_Stream0_IRQHandler)
    i.DMA1_Stream1_IRQHandler                0x0800064c   Section        0  com.o(i.DMA1_Stream1_IRQHandler)
    i.Host_ComConf                           0x08000684   Section        0  com.o(i.Host_ComConf)
    i.Host_ComPrepareFrameJtcStatus          0x080006a8   Section        0  com.o(i.Host_ComPrepareFrameJtcStatus)
    Host_ComPrepareFrameJtcStatus            0x080006a9   Thumb Code   608  com.o(i.Host_ComPrepareFrameJtcStatus)
    i.Host_ComReadFrameArmModel              0x08000914   Section        0  com.o(i.Host_ComReadFrameArmModel)
    Host_ComReadFrameArmModel                0x08000915   Thumb Code   402  com.o(i.Host_ComReadFrameArmModel)
    i.Host_ComReadFrameFricionPolynomial     0x08000ab0   Section        0  com.o(i.Host_ComReadFrameFricionPolynomial)
    Host_ComReadFrameFricionPolynomial       0x08000ab1   Thumb Code   162  com.o(i.Host_ComReadFrameFricionPolynomial)
    i.Host_ComReadFrameFricionTable          0x08000b5c   Section        0  com.o(i.Host_ComReadFrameFricionTable)
    Host_ComReadFrameFricionTable            0x08000b5d   Thumb Code   332  com.o(i.Host_ComReadFrameFricionTable)
    i.Host_ComReadFramePidParam              0x08000cb0   Section        0  com.o(i.Host_ComReadFramePidParam)
    Host_ComReadFramePidParam                0x08000cb1   Thumb Code   400  com.o(i.Host_ComReadFramePidParam)
    i.Host_ComReadFrameTrajectory            0x08000e48   Section        0  com.o(i.Host_ComReadFrameTrajectory)
    Host_ComReadFrameTrajectory              0x08000e49   Thumb Code   452  com.o(i.Host_ComReadFrameTrajectory)
    i.Host_ComReadFromHost                   0x08001018   Section        0  com.o(i.Host_ComReadFromHost)
    Host_ComReadFromHost                     0x08001019   Thumb Code   780  com.o(i.Host_ComReadFromHost)
    i.Host_ComSendResponseToHost             0x08001330   Section        0  com.o(i.Host_ComSendResponseToHost)
    Host_ComSendResponseToHost               0x08001331   Thumb Code   174  com.o(i.Host_ComSendResponseToHost)
    i.Host_ComTimCof                         0x080013ec   Section        0  com.o(i.Host_ComTimCof)
    Host_ComTimCof                           0x080013ed   Thumb Code    98  com.o(i.Host_ComTimCof)
    i.Host_ComUart3Conf                      0x08001458   Section        0  com.o(i.Host_ComUart3Conf)
    Host_ComUart3Conf                        0x08001459   Thumb Code   170  com.o(i.Host_ComUart3Conf)
    i.SystemInit                             0x08001520   Section        0  system_stm32h7xx.o(i.SystemInit)
    i.TIM6_DAC_IRQHandler                    0x08001604   Section        0  com.o(i.TIM6_DAC_IRQHandler)
    i.TIM8_UP_TIM13_IRQHandler               0x0800162c   Section        0  com.o(i.TIM8_UP_TIM13_IRQHandler)
    i.USART2_IRQHandler                      0x08001664   Section        0  com.o(i.USART2_IRQHandler)
    i.USART3_IRQHandler                      0x0800168c   Section        0  com.o(i.USART3_IRQHandler)
    i.__ARM_fpclassify                       0x080016b4   Section        0  fpclassify.o(i.__ARM_fpclassify)
    i.__NVIC_EnableIRQ                       0x080016e4   Section        0  com.o(i.__NVIC_EnableIRQ)
    __NVIC_EnableIRQ                         0x080016e5   Thumb Code    26  com.o(i.__NVIC_EnableIRQ)
    i.__hardfp_cos                           0x08001700   Section        0  cos.o(i.__hardfp_cos)
    i.__hardfp_pow                           0x080017b0   Section        0  pow.o(i.__hardfp_pow)
    i.__hardfp_sin                           0x080020a8   Section        0  sin.o(i.__hardfp_sin)
    i.__ieee754_rem_pio2                     0x08002158   Section        0  rred.o(i.__ieee754_rem_pio2)
    i.__kernel_cos                           0x08002468   Section        0  cos_i.o(i.__kernel_cos)
    i.__kernel_poly                          0x08002548   Section        0  poly.o(i.__kernel_poly)
    i.__kernel_sin                           0x080025b8   Section        0  sin_i.o(i.__kernel_sin)
    i.__mathlib_dbl_divzero                  0x08002660   Section        0  dunder.o(i.__mathlib_dbl_divzero)
    i.__mathlib_dbl_infnan2                  0x08002680   Section        0  dunder.o(i.__mathlib_dbl_infnan2)
    i.__mathlib_dbl_invalid                  0x08002688   Section        0  dunder.o(i.__mathlib_dbl_invalid)
    i.__mathlib_dbl_overflow                 0x080026a0   Section        0  dunder.o(i.__mathlib_dbl_overflow)
    i.__mathlib_dbl_underflow                0x080026b8   Section        0  dunder.o(i.__mathlib_dbl_underflow)
    i.fabs                                   0x080026d0   Section        0  fabs.o(i.fabs)
    i.main                                   0x080026e8   Section        0  main.o(i.main)
    i.sqrt                                   0x08002714   Section        0  sqrt.o(i.sqrt)
    x$fpl$dcheck1                            0x08002780   Section       16  dcheck1.o(x$fpl$dcheck1)
    $v0                                      0x08002780   Number         0  dcheck1.o(x$fpl$dcheck1)
    x$fpl$fpinit                             0x08002790   Section       10  fpinit.o(x$fpl$fpinit)
    $v0                                      0x08002790   Number         0  fpinit.o(x$fpl$fpinit)
    x$fpl$retnan                             0x0800279a   Section      100  retnan.o(x$fpl$retnan)
    $v0                                      0x0800279a   Number         0  retnan.o(x$fpl$retnan)
    x$fpl$scalbn                             0x080027fe   Section       92  scalbn.o(x$fpl$scalbn)
    $v0                                      0x080027fe   Number         0  scalbn.o(x$fpl$scalbn)
    x$fpl$trapveneer                         0x0800285a   Section       48  trapv.o(x$fpl$trapveneer)
    $v0                                      0x0800285a   Number         0  trapv.o(x$fpl$trapveneer)
    x$fpl$usenofp                            0x0800288a   Section        0  usenofp.o(x$fpl$usenofp)
    .constdata                               0x08002890   Section      136  pow.o(.constdata)
    bp                                       0x08002890   Data          16  pow.o(.constdata)
    dp_h                                     0x080028a0   Data          16  pow.o(.constdata)
    dp_l                                     0x080028b0   Data          16  pow.o(.constdata)
    L                                        0x080028c0   Data          48  pow.o(.constdata)
    P                                        0x080028f0   Data          40  pow.o(.constdata)
    .constdata                               0x08002918   Section       48  cos_i.o(.constdata)
    C                                        0x08002918   Data          48  cos_i.o(.constdata)
    .constdata                               0x08002948   Section        8  qnan.o(.constdata)
    .constdata                               0x08002950   Section      200  rred.o(.constdata)
    pio2s                                    0x08002950   Data          48  rred.o(.constdata)
    twooverpi                                0x08002980   Data         152  rred.o(.constdata)
    .constdata                               0x08002a18   Section       40  sin_i.o(.constdata)
    S                                        0x08002a18   Data          40  sin_i.o(.constdata)
    .data                                    0x20000000   Section        4  control.o(.data)
    .bss                                     0x20000008   Section    37104  control.o(.bss)
    .bss                                     0x200090f8   Section     8736  rnea.o(.bss)
    .bss                                     0x2000b318   Section       96  libspace.o(.bss)
    HEAP                                     0x2000b378   Section     3840  startup_stm32h745xx.o(HEAP)
    Heap_Mem                                 0x2000b378   Data        3840  startup_stm32h745xx.o(HEAP)
    STACK                                    0x2000c278   Section    61440  startup_stm32h745xx.o(STACK)
    Stack_Mem                                0x2000c278   Data       61440  startup_stm32h745xx.o(STACK)
    __initial_sp                             0x2001b278   Data           0  startup_stm32h745xx.o(STACK)
    .ARM.__at_0x24000000                     0x24000000   Section    432760  control.o(.ARM.__at_0x24000000)
    .ARM.__at_0x30000000                     0x30000000   Section    122032  control.o(.ARM.__at_0x30000000)

    Global Symbols

    Symbol Name                              Value     Ov Type        Size  Object(Section)

    Long Thumb to Thumb Veneer to Com_HostCheckGeneralTimeout 0x00000001   Thumb Code    10  anon$$obj.o(Veneer$$Code)
    BuildAttributes$$THM_ISAv4$E$P$D$K$B$S$7EM$VFPv5_D16$PE$PLD8$A:L22UL41UL21$X:L11$S22US41US21$IEEE1$IW$USESV6$~STKCKD$USESV7$~SHL$OTIME$ROPI$IEEEX$EBA8$UX$STANDARDLIB$REQ8$PRES8$EABIv2 0x00000000   Number         0  anon$$obj.o ABSOLUTE
    __ARM_use_no_argv                        0x00000000   Number         0  main.o ABSOLUTE
    __ARM_exceptions_init                     - Undefined Weak Reference
    __alloca_initialize                       - Undefined Weak Reference
    __arm_fini_                               - Undefined Weak Reference
    __arm_preinit_                            - Undefined Weak Reference
    __cpp_initialize__aeabi_                  - Undefined Weak Reference
    __cxa_finalize                            - Undefined Weak Reference
    __rt_locale                               - Undefined Weak Reference
    __sigvec_lookup                           - Undefined Weak Reference
    _atexit_init                              - Undefined Weak Reference
    _call_atexit_fns                          - Undefined Weak Reference
    _clock_init                               - Undefined Weak Reference
    _fp_trap_init                             - Undefined Weak Reference
    _fp_trap_shutdown                         - Undefined Weak Reference
    _get_lc_collate                           - Undefined Weak Reference
    _get_lc_ctype                             - Undefined Weak Reference
    _get_lc_monetary                          - Undefined Weak Reference
    _get_lc_numeric                           - Undefined Weak Reference
    _get_lc_time                              - Undefined Weak Reference
    _getenv_init                              - Undefined Weak Reference
    _handle_redirection                       - Undefined Weak Reference
    _init_alloc                               - Undefined Weak Reference
    _init_user_alloc                          - Undefined Weak Reference
    _initio                                   - Undefined Weak Reference
    _rand_init                                - Undefined Weak Reference
    _signal_finish                            - Undefined Weak Reference
    _signal_init                              - Undefined Weak Reference
    _terminate_alloc                          - Undefined Weak Reference
    _terminate_user_alloc                     - Undefined Weak Reference
    _terminateio                              - Undefined Weak Reference
    Long Thumb to Thumb Veneer to Host_ComConf 0x0000000b   Thumb Code    10  anon$$obj.o(Veneer$$Code)
    Long Thumb to Thumb Veneer to __aeabi_memcpy4 0x00000015   Thumb Code    10  anon$$obj.o(Veneer$$Code)
    Long Thumb to Thumb Veneer to __hardfp_cos 0x0000001f   Thumb Code    10  anon$$obj.o(Veneer$$Code)
    Long Thumb to Thumb Veneer to __hardfp_sin 0x00000029   Thumb Code    10  anon$$obj.o(Veneer$$Code)
    Long Thumb to Thumb Veneer to __hardfp_pow 0x00000033   Thumb Code    10  anon$$obj.o(Veneer$$Code)
    Can_Conf                                 0x000001ad   Thumb Code    30  can.o(i.Can_Conf)
    __Vectors_Size                           0x00000298   Number         0  startup_stm32h745xx.o ABSOLUTE
    Can_SendDataToJoints                     0x00000945   Thumb Code    80  can.o(i.Can_SendDataToJoints)
    Control_ClearCurrentErrors               0x00001339   Thumb Code    18  control.o(i.Control_ClearCurrentErrors)
    Control_ClearOccuredErrors               0x000013fd   Thumb Code    44  control.o(i.Control_ClearOccuredErrors)
    Control_Delay                            0x00001509   Thumb Code    16  control.o(i.Control_Delay)
    Control_SetDefualtArmModel               0x00001d01   Thumb Code   870  control.o(i.Control_SetDefualtArmModel)
    Control_SystemConf                       0x000021dd   Thumb Code   262  control.o(i.Control_SystemConf)
    Control_TrajClear                        0x00002401   Thumb Code    92  control.o(i.Control_TrajClear)
    FDCAN1_IT0_IRQHandler                    0x00002669   Thumb Code    36  can.o(i.FDCAN1_IT0_IRQHandler)
    FDCAN1_IT1_IRQHandler                    0x00002691   Thumb Code   102  can.o(i.FDCAN1_IT1_IRQHandler)
    Joints_CalcFrictionCompensate            0x00002911   Thumb Code    22  joints.o(i.Joints_CalcFrictionCompensate)
    Joints_CalcInitRegsTorque                0x00002bb9   Thumb Code   122  joints.o(i.Joints_CalcInitRegsTorque)
    Joints_CalcPIDs                          0x00002c39   Thumb Code   264  joints.o(i.Joints_CalcPIDs)
    Joints_ClearCanValues                    0x00002d55   Thumb Code    42  joints.o(i.Joints_ClearCanValues)
    Joints_FindMinMaxVelTempInFrictionTabeIdx 0x00002d8d   Thumb Code   162  joints.o(i.Joints_FindMinMaxVelTempInFrictionTabeIdx)
    Joints_SetDefaultFriction                0x00002e35   Thumb Code    72  joints.o(i.Joints_SetDefaultFriction)
    Joints_SetDefaultPidParam                0x00002f31   Thumb Code   228  joints.o(i.Joints_SetDefaultPidParam)
    Joints_SetDefaultVariables               0x00003031   Thumb Code   126  joints.o(i.Joints_SetDefaultVariables)
    Joints_SetResetValuesVariables           0x000030bd   Thumb Code   174  joints.o(i.Joints_SetResetValuesVariables)
    Joints_SetStartValuesVariables           0x00003179   Thumb Code   310  joints.o(i.Joints_SetStartValuesVariables)
    Joints_StartIrValuesVariables            0x00003325   Thumb Code    66  joints.o(i.Joints_StartIrValuesVariables)
    Joints_StopIrValuesVariables             0x00003375   Thumb Code    44  joints.o(i.Joints_StopIrValuesVariables)
    RNEA_CalcTorques                         0x0000367d   Thumb Code  5282  rnea.o(i.RNEA_CalcTorques)
    RNEA_Conf                                0x00004b25   Thumb Code  3762  rnea.o(i.RNEA_Conf)
    SysTick_Handler                          0x000059e9   Thumb Code    12  control.o(i.SysTick_Handler)
    TIM7_IRQHandler                          0x000059f9   Thumb Code    24  control.o(i.TIM7_IRQHandler)
    FricTabDefaultJoint0                     0x00005b38   Data        3520  joints.o(.constdata)
    FricTabDefaultJoint1                     0x000068f8   Data        3520  joints.o(.constdata)
    FricTabDefaultJoint2                     0x000076b8   Data        3520  joints.o(.constdata)
    FricTabDefaultJoint3                     0x00008478   Data        3520  joints.o(.constdata)
    FricTabDefaultJoint4                     0x00009238   Data        3520  joints.o(.constdata)
    FricTabDefaultJoint5                     0x00009ff8   Data        3520  joints.o(.constdata)
    __Vectors                                0x08000000   Data           4  startup_stm32h745xx.o(RESET)
    __Vectors_End                            0x08000298   Data           0  startup_stm32h745xx.o(RESET)
    __main                                   0x08000299   Thumb Code     8  __main.o(!!!main)
    __scatterload                            0x080002a1   Thumb Code     0  __scatter.o(!!!scatter)
    __scatterload_rt2                        0x080002a1   Thumb Code    44  __scatter.o(!!!scatter)
    __scatterload_rt2_thumb_only             0x080002a1   Thumb Code     0  __scatter.o(!!!scatter)
    __scatterload_null                       0x080002af   Thumb Code     0  __scatter.o(!!!scatter)
    __decompress                             0x080002d5   Thumb Code    90  __dczerorl2.o(!!dczerorl2)
    __decompress1                            0x080002d5   Thumb Code     0  __dczerorl2.o(!!dczerorl2)
    __scatterload_copy                       0x08000331   Thumb Code    26  __scatter_copy.o(!!handler_copy)
    __scatterload_zeroinit                   0x0800034d   Thumb Code    28  __scatter_zi.o(!!handler_zi)
    __rt_lib_init                            0x08000369   Thumb Code     0  libinit.o(.ARM.Collect$$libinit$$00000000)
    __rt_lib_init_fp_1                       0x0800036b   Thumb Code     0  libinit2.o(.ARM.Collect$$libinit$$00000001)
    __rt_lib_init_alloca_1                   0x0800036f   Thumb Code     0  libinit2.o(.ARM.Collect$$libinit$$0000002E)
    __rt_lib_init_argv_1                     0x0800036f   Thumb Code     0  libinit2.o(.ARM.Collect$$libinit$$0000002C)
    __rt_lib_init_atexit_1                   0x0800036f   Thumb Code     0  libinit2.o(.ARM.Collect$$libinit$$0000001B)
    __rt_lib_init_clock_1                    0x0800036f   Thumb Code     0  libinit2.o(.ARM.Collect$$libinit$$00000021)
    __rt_lib_init_cpp_1                      0x0800036f   Thumb Code     0  libinit2.o(.ARM.Collect$$libinit$$00000032)
    __rt_lib_init_exceptions_1               0x0800036f   Thumb Code     0  libinit2.o(.ARM.Collect$$libinit$$00000030)
    __rt_lib_init_fp_trap_1                  0x0800036f   Thumb Code     0  libinit2.o(.ARM.Collect$$libinit$$0000001F)
    __rt_lib_init_getenv_1                   0x0800036f   Thumb Code     0  libinit2.o(.ARM.Collect$$libinit$$00000023)
    __rt_lib_init_heap_1                     0x0800036f   Thumb Code     0  libinit2.o(.ARM.Collect$$libinit$$0000000A)
    __rt_lib_init_lc_collate_1               0x0800036f   Thumb Code     0  libinit2.o(.ARM.Collect$$libinit$$00000011)
    __rt_lib_init_lc_ctype_1                 0x0800036f   Thumb Code     0  libinit2.o(.ARM.Collect$$libinit$$00000013)
    __rt_lib_init_lc_monetary_1              0x0800036f   Thumb Code     0  libinit2.o(.ARM.Collect$$libinit$$00000015)
    __rt_lib_init_lc_numeric_1               0x0800036f   Thumb Code     0  libinit2.o(.ARM.Collect$$libinit$$00000017)
    __rt_lib_init_lc_time_1                  0x0800036f   Thumb Code     0  libinit2.o(.ARM.Collect$$libinit$$00000019)
    __rt_lib_init_preinit_1                  0x0800036f   Thumb Code     0  libinit2.o(.ARM.Collect$$libinit$$00000004)
    __rt_lib_init_rand_1                     0x0800036f   Thumb Code     0  libinit2.o(.ARM.Collect$$libinit$$0000000E)
    __rt_lib_init_return                     0x0800036f   Thumb Code     0  libinit2.o(.ARM.Collect$$libinit$$00000033)
    __rt_lib_init_signal_1                   0x0800036f   Thumb Code     0  libinit2.o(.ARM.Collect$$libinit$$0000001D)
    __rt_lib_init_stdio_1                    0x0800036f   Thumb Code     0  libinit2.o(.ARM.Collect$$libinit$$00000025)
    __rt_lib_init_user_alloc_1               0x0800036f   Thumb Code     0  libinit2.o(.ARM.Collect$$libinit$$0000000C)
    __rt_lib_shutdown                        0x08000371   Thumb Code     0  libshutdown.o(.ARM.Collect$$libshutdown$$00000000)
    __rt_lib_shutdown_cpp_1                  0x08000373   Thumb Code     0  libshutdown2.o(.ARM.Collect$$libshutdown$$00000004)
    __rt_lib_shutdown_fini_1                 0x08000373   Thumb Code     0  libshutdown2.o(.ARM.Collect$$libshutdown$$00000002)
    __rt_lib_shutdown_fp_trap_1              0x08000373   Thumb Code     0  libshutdown2.o(.ARM.Collect$$libshutdown$$00000009)
    __rt_lib_shutdown_heap_1                 0x08000373   Thumb Code     0  libshutdown2.o(.ARM.Collect$$libshutdown$$00000011)
    __rt_lib_shutdown_return                 0x08000373   Thumb Code     0  libshutdown2.o(.ARM.Collect$$libshutdown$$00000012)
    __rt_lib_shutdown_signal_1               0x08000373   Thumb Code     0  libshutdown2.o(.ARM.Collect$$libshutdown$$0000000C)
    __rt_lib_shutdown_stdio_1                0x08000373   Thumb Code     0  libshutdown2.o(.ARM.Collect$$libshutdown$$00000006)
    __rt_lib_shutdown_user_alloc_1           0x08000373   Thumb Code     0  libshutdown2.o(.ARM.Collect$$libshutdown$$0000000E)
    __rt_entry                               0x08000375   Thumb Code     0  __rtentry.o(.ARM.Collect$$rtentry$$00000000)
    __rt_entry_presh_1                       0x08000375   Thumb Code     0  __rtentry2.o(.ARM.Collect$$rtentry$$00000002)
    __rt_entry_sh                            0x08000375   Thumb Code     0  __rtentry4.o(.ARM.Collect$$rtentry$$00000004)
    __rt_entry_li                            0x0800037b   Thumb Code     0  __rtentry2.o(.ARM.Collect$$rtentry$$0000000A)
    __rt_entry_postsh_1                      0x0800037b   Thumb Code     0  __rtentry2.o(.ARM.Collect$$rtentry$$00000009)
    __rt_entry_main                          0x0800037f   Thumb Code     0  __rtentry2.o(.ARM.Collect$$rtentry$$0000000D)
    __rt_entry_postli_1                      0x0800037f   Thumb Code     0  __rtentry2.o(.ARM.Collect$$rtentry$$0000000C)
    __rt_exit                                0x08000387   Thumb Code     0  rtexit.o(.ARM.Collect$$rtexit$$00000000)
    __rt_exit_ls                             0x08000389   Thumb Code     0  rtexit2.o(.ARM.Collect$$rtexit$$00000003)
    __rt_exit_prels_1                        0x08000389   Thumb Code     0  rtexit2.o(.ARM.Collect$$rtexit$$00000002)
    __rt_exit_exit                           0x0800038d   Thumb Code     0  rtexit2.o(.ARM.Collect$$rtexit$$00000004)
    Reset_Handler                            0x08000395   Thumb Code     8  startup_stm32h745xx.o(.text)
    NMI_Handler                              0x0800039d   Thumb Code     2  startup_stm32h745xx.o(.text)
    HardFault_Handler                        0x0800039f   Thumb Code     2  startup_stm32h745xx.o(.text)
    MemManage_Handler                        0x080003a1   Thumb Code     2  startup_stm32h745xx.o(.text)
    BusFault_Handler                         0x080003a3   Thumb Code     2  startup_stm32h745xx.o(.text)
    UsageFault_Handler                       0x080003a5   Thumb Code     2  startup_stm32h745xx.o(.text)
    SVC_Handler                              0x080003a7   Thumb Code     2  startup_stm32h745xx.o(.text)
    DebugMon_Handler                         0x080003a9   Thumb Code     2  startup_stm32h745xx.o(.text)
    PendSV_Handler                           0x080003ab   Thumb Code     2  startup_stm32h745xx.o(.text)
    ADC3_IRQHandler                          0x080003af   Thumb Code     0  startup_stm32h745xx.o(.text)
    ADC_IRQHandler                           0x080003af   Thumb Code     0  startup_stm32h745xx.o(.text)
    BDMA_Channel0_IRQHandler                 0x080003af   Thumb Code     0  startup_stm32h745xx.o(.text)
    BDMA_Channel1_IRQHandler                 0x080003af   Thumb Code     0  startup_stm32h745xx.o(.text)
    BDMA_Channel2_IRQHandler                 0x080003af   Thumb Code     0  startup_stm32h745xx.o(.text)
    BDMA_Channel3_IRQHandler                 0x080003af   Thumb Code     0  startup_stm32h745xx.o(.text)
    BDMA_Channel4_IRQHandler                 0x080003af   Thumb Code     0  startup_stm32h745xx.o(.text)
    BDMA_Channel5_IRQHandler                 0x080003af   Thumb Code     0  startup_stm32h745xx.o(.text)
    BDMA_Channel6_IRQHandler                 0x080003af   Thumb Code     0  startup_stm32h745xx.o(.text)
    BDMA_Channel7_IRQHandler                 0x080003af   Thumb Code     0  startup_stm32h745xx.o(.text)
    CEC_IRQHandler                           0x080003af   Thumb Code     0  startup_stm32h745xx.o(.text)
    CM4_SEV_IRQHandler                       0x080003af   Thumb Code     0  startup_stm32h745xx.o(.text)
    CM7_SEV_IRQHandler                       0x080003af   Thumb Code     0  startup_stm32h745xx.o(.text)
    COMP1_IRQHandler                         0x080003af   Thumb Code     0  startup_stm32h745xx.o(.text)
    CRS_IRQHandler                           0x080003af   Thumb Code     0  startup_stm32h745xx.o(.text)
    DCMI_IRQHandler                          0x080003af   Thumb Code     0  startup_stm32h745xx.o(.text)
    DFSDM1_FLT0_IRQHandler                   0x080003af   Thumb Code     0  startup_stm32h745xx.o(.text)
    DFSDM1_FLT1_IRQHandler                   0x080003af   Thumb Code     0  startup_stm32h745xx.o(.text)
    DFSDM1_FLT2_IRQHandler                   0x080003af   Thumb Code     0  startup_stm32h745xx.o(.text)
    DFSDM1_FLT3_IRQHandler                   0x080003af   Thumb Code     0  startup_stm32h745xx.o(.text)
    DMA1_Stream2_IRQHandler                  0x080003af   Thumb Code     0  startup_stm32h745xx.o(.text)
    DMA1_Stream3_IRQHandler                  0x080003af   Thumb Code     0  startup_stm32h745xx.o(.text)
    DMA1_Stream4_IRQHandler                  0x080003af   Thumb Code     0  startup_stm32h745xx.o(.text)
    DMA1_Stream5_IRQHandler                  0x080003af   Thumb Code     0  startup_stm32h745xx.o(.text)
    DMA1_Stream6_IRQHandler                  0x080003af   Thumb Code     0  startup_stm32h745xx.o(.text)
    DMA1_Stream7_IRQHandler                  0x080003af   Thumb Code     0  startup_stm32h745xx.o(.text)
    DMA2D_IRQHandler                         0x080003af   Thumb Code     0  startup_stm32h745xx.o(.text)
    DMA2_Stream0_IRQHandler                  0x080003af   Thumb Code     0  startup_stm32h745xx.o(.text)
    DMA2_Stream1_IRQHandler                  0x080003af   Thumb Code     0  startup_stm32h745xx.o(.text)
    DMA2_Stream2_IRQHandler                  0x080003af   Thumb Code     0  startup_stm32h745xx.o(.text)
    DMA2_Stream3_IRQHandler                  0x080003af   Thumb Code     0  startup_stm32h745xx.o(.text)
    DMA2_Stream4_IRQHandler                  0x080003af   Thumb Code     0  startup_stm32h745xx.o(.text)
    DMA2_Stream5_IRQHandler                  0x080003af   Thumb Code     0  startup_stm32h745xx.o(.text)
    DMA2_Stream6_IRQHandler                  0x080003af   Thumb Code     0  startup_stm32h745xx.o(.text)
    DMA2_Stream7_IRQHandler                  0x080003af   Thumb Code     0  startup_stm32h745xx.o(.text)
    DMAMUX1_OVR_IRQHandler                   0x080003af   Thumb Code     0  startup_stm32h745xx.o(.text)
    DMAMUX2_OVR_IRQHandler                   0x080003af   Thumb Code     0  startup_stm32h745xx.o(.text)
    ECC_IRQHandler                           0x080003af   Thumb Code     0  startup_stm32h745xx.o(.text)
    ETH_IRQHandler                           0x080003af   Thumb Code     0  startup_stm32h745xx.o(.text)
    ETH_WKUP_IRQHandler                      0x080003af   Thumb Code     0  startup_stm32h745xx.o(.text)
    EXTI0_IRQHandler                         0x080003af   Thumb Code     0  startup_stm32h745xx.o(.text)
    EXTI15_10_IRQHandler                     0x080003af   Thumb Code     0  startup_stm32h745xx.o(.text)
    EXTI1_IRQHandler                         0x080003af   Thumb Code     0  startup_stm32h745xx.o(.text)
    EXTI2_IRQHandler                         0x080003af   Thumb Code     0  startup_stm32h745xx.o(.text)
    EXTI3_IRQHandler                         0x080003af   Thumb Code     0  startup_stm32h745xx.o(.text)
    EXTI4_IRQHandler                         0x080003af   Thumb Code     0  startup_stm32h745xx.o(.text)
    EXTI9_5_IRQHandler                       0x080003af   Thumb Code     0  startup_stm32h745xx.o(.text)
    FDCAN2_IT0_IRQHandler                    0x080003af   Thumb Code     0  startup_stm32h745xx.o(.text)
    FDCAN2_IT1_IRQHandler                    0x080003af   Thumb Code     0  startup_stm32h745xx.o(.text)
    FDCAN_CAL_IRQHandler                     0x080003af   Thumb Code     0  startup_stm32h745xx.o(.text)
    FLASH_IRQHandler                         0x080003af   Thumb Code     0  startup_stm32h745xx.o(.text)
    FMC_IRQHandler                           0x080003af   Thumb Code     0  startup_stm32h745xx.o(.text)
    FPU_IRQHandler                           0x080003af   Thumb Code     0  startup_stm32h745xx.o(.text)
    HOLD_CORE_IRQHandler                     0x080003af   Thumb Code     0  startup_stm32h745xx.o(.text)
    HRTIM1_FLT_IRQHandler                    0x080003af   Thumb Code     0  startup_stm32h745xx.o(.text)
    HRTIM1_Master_IRQHandler                 0x080003af   Thumb Code     0  startup_stm32h745xx.o(.text)
    HRTIM1_TIMA_IRQHandler                   0x080003af   Thumb Code     0  startup_stm32h745xx.o(.text)
    HRTIM1_TIMB_IRQHandler                   0x080003af   Thumb Code     0  startup_stm32h745xx.o(.text)
    HRTIM1_TIMC_IRQHandler                   0x080003af   Thumb Code     0  startup_stm32h745xx.o(.text)
    HRTIM1_TIMD_IRQHandler                   0x080003af   Thumb Code     0  startup_stm32h745xx.o(.text)
    HRTIM1_TIME_IRQHandler                   0x080003af   Thumb Code     0  startup_stm32h745xx.o(.text)
    HSEM1_IRQHandler                         0x080003af   Thumb Code     0  startup_stm32h745xx.o(.text)
    HSEM2_IRQHandler                         0x080003af   Thumb Code     0  startup_stm32h745xx.o(.text)
    I2C1_ER_IRQHandler                       0x080003af   Thumb Code     0  startup_stm32h745xx.o(.text)
    I2C1_EV_IRQHandler                       0x080003af   Thumb Code     0  startup_stm32h745xx.o(.text)
    I2C2_ER_IRQHandler                       0x080003af   Thumb Code     0  startup_stm32h745xx.o(.text)
    I2C2_EV_IRQHandler                       0x080003af   Thumb Code     0  startup_stm32h745xx.o(.text)
    I2C3_ER_IRQHandler                       0x080003af   Thumb Code     0  startup_stm32h745xx.o(.text)
    I2C3_EV_IRQHandler                       0x080003af   Thumb Code     0  startup_stm32h745xx.o(.text)
    I2C4_ER_IRQHandler                       0x080003af   Thumb Code     0  startup_stm32h745xx.o(.text)
    I2C4_EV_IRQHandler                       0x080003af   Thumb Code     0  startup_stm32h745xx.o(.text)
    JPEG_IRQHandler                          0x080003af   Thumb Code     0  startup_stm32h745xx.o(.text)
    LPTIM1_IRQHandler                        0x080003af   Thumb Code     0  startup_stm32h745xx.o(.text)
    LPTIM2_IRQHandler                        0x080003af   Thumb Code     0  startup_stm32h745xx.o(.text)
    LPTIM3_IRQHandler                        0x080003af   Thumb Code     0  startup_stm32h745xx.o(.text)
    LPTIM4_IRQHandler                        0x080003af   Thumb Code     0  startup_stm32h745xx.o(.text)
    LPTIM5_IRQHandler                        0x080003af   Thumb Code     0  startup_stm32h745xx.o(.text)
    LPUART1_IRQHandler                       0x080003af   Thumb Code     0  startup_stm32h745xx.o(.text)
    LTDC_ER_IRQHandler                       0x080003af   Thumb Code     0  startup_stm32h745xx.o(.text)
    LTDC_IRQHandler                          0x080003af   Thumb Code     0  startup_stm32h745xx.o(.text)
    MDIOS_IRQHandler                         0x080003af   Thumb Code     0  startup_stm32h745xx.o(.text)
    MDIOS_WKUP_IRQHandler                    0x080003af   Thumb Code     0  startup_stm32h745xx.o(.text)
    MDMA_IRQHandler                          0x080003af   Thumb Code     0  startup_stm32h745xx.o(.text)
    OTG_FS_EP1_IN_IRQHandler                 0x080003af   Thumb Code     0  startup_stm32h745xx.o(.text)
    OTG_FS_EP1_OUT_IRQHandler                0x080003af   Thumb Code     0  startup_stm32h745xx.o(.text)
    OTG_FS_IRQHandler                        0x080003af   Thumb Code     0  startup_stm32h745xx.o(.text)
    OTG_FS_WKUP_IRQHandler                   0x080003af   Thumb Code     0  startup_stm32h745xx.o(.text)
    OTG_HS_EP1_IN_IRQHandler                 0x080003af   Thumb Code     0  startup_stm32h745xx.o(.text)
    OTG_HS_EP1_OUT_IRQHandler                0x080003af   Thumb Code     0  startup_stm32h745xx.o(.text)
    OTG_HS_IRQHandler                        0x080003af   Thumb Code     0  startup_stm32h745xx.o(.text)
    OTG_HS_WKUP_IRQHandler                   0x080003af   Thumb Code     0  startup_stm32h745xx.o(.text)
    PVD_AVD_IRQHandler                       0x080003af   Thumb Code     0  startup_stm32h745xx.o(.text)
    QUADSPI_IRQHandler                       0x080003af   Thumb Code     0  startup_stm32h745xx.o(.text)
    RCC_IRQHandler                           0x080003af   Thumb Code     0  startup_stm32h745xx.o(.text)
    RNG_IRQHandler                           0x080003af   Thumb Code     0  startup_stm32h745xx.o(.text)
    RTC_Alarm_IRQHandler                     0x080003af   Thumb Code     0  startup_stm32h745xx.o(.text)
    RTC_WKUP_IRQHandler                      0x080003af   Thumb Code     0  startup_stm32h745xx.o(.text)
    SAI1_IRQHandler                          0x080003af   Thumb Code     0  startup_stm32h745xx.o(.text)
    SAI2_IRQHandler                          0x080003af   Thumb Code     0  startup_stm32h745xx.o(.text)
    SAI3_IRQHandler                          0x080003af   Thumb Code     0  startup_stm32h745xx.o(.text)
    SAI4_IRQHandler                          0x080003af   Thumb Code     0  startup_stm32h745xx.o(.text)
    SDMMC1_IRQHandler                        0x080003af   Thumb Code     0  startup_stm32h745xx.o(.text)
    SDMMC2_IRQHandler                        0x080003af   Thumb Code     0  startup_stm32h745xx.o(.text)
    SPDIF_RX_IRQHandler                      0x080003af   Thumb Code     0  startup_stm32h745xx.o(.text)
    SPI1_IRQHandler                          0x080003af   Thumb Code     0  startup_stm32h745xx.o(.text)
    SPI2_IRQHandler                          0x080003af   Thumb Code     0  startup_stm32h745xx.o(.text)
    SPI3_IRQHandler                          0x080003af   Thumb Code     0  startup_stm32h745xx.o(.text)
    SPI4_IRQHandler                          0x080003af   Thumb Code     0  startup_stm32h745xx.o(.text)
    SPI5_IRQHandler                          0x080003af   Thumb Code     0  startup_stm32h745xx.o(.text)
    SPI6_IRQHandler                          0x080003af   Thumb Code     0  startup_stm32h745xx.o(.text)
    SWPMI1_IRQHandler                        0x080003af   Thumb Code     0  startup_stm32h745xx.o(.text)
    TAMP_STAMP_IRQHandler                    0x080003af   Thumb Code     0  startup_stm32h745xx.o(.text)
    TIM15_IRQHandler                         0x080003af   Thumb Code     0  startup_stm32h745xx.o(.text)
    TIM16_IRQHandler                         0x080003af   Thumb Code     0  startup_stm32h745xx.o(.text)
    TIM17_IRQHandler                         0x080003af   Thumb Code     0  startup_stm32h745xx.o(.text)
    TIM1_BRK_IRQHandler                      0x080003af   Thumb Code     0  startup_stm32h745xx.o(.text)
    TIM1_CC_IRQHandler                       0x080003af   Thumb Code     0  startup_stm32h745xx.o(.text)
    TIM1_TRG_COM_IRQHandler                  0x080003af   Thumb Code     0  startup_stm32h745xx.o(.text)
    TIM1_UP_IRQHandler                       0x080003af   Thumb Code     0  startup_stm32h745xx.o(.text)
    TIM2_IRQHandler                          0x080003af   Thumb Code     0  startup_stm32h745xx.o(.text)
    TIM3_IRQHandler                          0x080003af   Thumb Code     0  startup_stm32h745xx.o(.text)
    TIM4_IRQHandler                          0x080003af   Thumb Code     0  startup_stm32h745xx.o(.text)
    TIM5_IRQHandler                          0x080003af   Thumb Code     0  startup_stm32h745xx.o(.text)
    TIM8_BRK_TIM12_IRQHandler                0x080003af   Thumb Code     0  startup_stm32h745xx.o(.text)
    TIM8_CC_IRQHandler                       0x080003af   Thumb Code     0  startup_stm32h745xx.o(.text)
    TIM8_TRG_COM_TIM14_IRQHandler            0x080003af   Thumb Code     0  startup_stm32h745xx.o(.text)
    UART4_IRQHandler                         0x080003af   Thumb Code     0  startup_stm32h745xx.o(.text)
    UART5_IRQHandler                         0x080003af   Thumb Code     0  startup_stm32h745xx.o(.text)
    UART7_IRQHandler                         0x080003af   Thumb Code     0  startup_stm32h745xx.o(.text)
    UART8_IRQHandler                         0x080003af   Thumb Code     0  startup_stm32h745xx.o(.text)
    USART1_IRQHandler                        0x080003af   Thumb Code     0  startup_stm32h745xx.o(.text)
    USART6_IRQHandler                        0x080003af   Thumb Code     0  startup_stm32h745xx.o(.text)
    WAKEUP_PIN_IRQHandler                    0x080003af   Thumb Code     0  startup_stm32h745xx.o(.text)
    WWDG_IRQHandler                          0x080003af   Thumb Code     0  startup_stm32h745xx.o(.text)
    WWDG_RST_IRQHandler                      0x080003af   Thumb Code     0  startup_stm32h745xx.o(.text)
    __user_initial_stackheap                 0x080003b1   Thumb Code     0  startup_stm32h745xx.o(.text)
    __aeabi_memcpy4                          0x080003d5   Thumb Code     0  rt_memcpy_w.o(.text)
    __aeabi_memcpy8                          0x080003d5   Thumb Code     0  rt_memcpy_w.o(.text)
    __rt_memcpy_w                            0x080003d5   Thumb Code   100  rt_memcpy_w.o(.text)
    _memcpy_lastbytes_aligned                0x0800041d   Thumb Code     0  rt_memcpy_w.o(.text)
    __use_two_region_memory                  0x08000439   Thumb Code     2  heapauxi.o(.text)
    __rt_heap_escrow$2region                 0x0800043b   Thumb Code     2  heapauxi.o(.text)
    __rt_heap_expand$2region                 0x0800043d   Thumb Code     2  heapauxi.o(.text)
    __read_errno                             0x0800043f   Thumb Code    10  _rserrno.o(.text)
    __set_errno                              0x08000449   Thumb Code    12  _rserrno.o(.text)
    __aeabi_errno_addr                       0x08000455   Thumb Code     8  rt_errno_addr_intlibspace.o(.text)
    __errno$intlibspace                      0x08000455   Thumb Code     0  rt_errno_addr_intlibspace.o(.text)
    __rt_errno_addr$intlibspace              0x08000455   Thumb Code     0  rt_errno_addr_intlibspace.o(.text)
    __user_libspace                          0x0800045d   Thumb Code     8  libspace.o(.text)
    __user_perproc_libspace                  0x0800045d   Thumb Code     0  libspace.o(.text)
    __user_perthread_libspace                0x0800045d   Thumb Code     0  libspace.o(.text)
    __user_setup_stackheap                   0x08000465   Thumb Code    74  sys_stackheap_outer.o(.text)
    exit                                     0x080004af   Thumb Code    18  exit.o(.text)
    _sys_exit                                0x080004c1   Thumb Code     8  sys_exit.o(.text)
    __I$use$semihosting                      0x080004cd   Thumb Code     0  use_no_semi.o(.text)
    __use_no_semihosting_swi                 0x080004cd   Thumb Code     2  use_no_semi.o(.text)
    Long Thumb to Thumb Veneer to RNEA_Conf  0x080004cf   Thumb Code    10  anon$$obj.o(Veneer$$Code)
    __semihosting_library_function           0x080004cf   Thumb Code     0  indicate_semi.o(.text)
    Long Thumb to Thumb Veneer to Joints_FindMinMaxVelTempInFrictionTabeIdx 0x080004d9   Thumb Code    10  anon$$obj.o(Veneer$$Code)
    Long Thumb to Thumb Veneer to Control_TrajClear 0x080004e3   Thumb Code    10  anon$$obj.o(Veneer$$Code)
    Long Thumb to Thumb Veneer to Control_ClearCurrentErrors 0x080004ed   Thumb Code    10  anon$$obj.o(Veneer$$Code)
    Long Thumb to Thumb Veneer to Control_ClearOccuredErrors 0x080004f7   Thumb Code    10  anon$$obj.o(Veneer$$Code)
    Long Thumb to Thumb Veneer to Joints_SetDefaultPidParam 0x08000501   Thumb Code    10  anon$$obj.o(Veneer$$Code)
    Long Thumb to Thumb Veneer to Control_SetDefualtArmModel 0x0800050b   Thumb Code    10  anon$$obj.o(Veneer$$Code)
    Long Thumb to Thumb Veneer to Joints_SetDefaultFriction 0x08000515   Thumb Code    10  anon$$obj.o(Veneer$$Code)
    Long Thumb to Thumb Veneer to Control_SystemConf 0x0800051f   Thumb Code    10  anon$$obj.o(Veneer$$Code)
    Long Thumb to Thumb Veneer to Control_Delay 0x08000529   Thumb Code    10  anon$$obj.o(Veneer$$Code)
    Com_HostCheckGeneralTimeout              0x080005e1   Thumb Code    34  com.o(i.Com_HostCheckGeneralTimeout)
    DMA1_Stream0_IRQHandler                  0x08000631   Thumb Code    24  com.o(i.DMA1_Stream0_IRQHandler)
    DMA1_Stream1_IRQHandler                  0x0800064d   Thumb Code    48  com.o(i.DMA1_Stream1_IRQHandler)
    Host_ComConf                             0x08000685   Thumb Code    28  com.o(i.Host_ComConf)
    SystemInit                               0x08001521   Thumb Code   188  system_stm32h7xx.o(i.SystemInit)
    TIM6_DAC_IRQHandler                      0x08001605   Thumb Code    32  com.o(i.TIM6_DAC_IRQHandler)
    TIM8_UP_TIM13_IRQHandler                 0x0800162d   Thumb Code    46  com.o(i.TIM8_UP_TIM13_IRQHandler)
    USART2_IRQHandler                        0x08001665   Thumb Code    32  com.o(i.USART2_IRQHandler)
    USART3_IRQHandler                        0x0800168d   Thumb Code    34  com.o(i.USART3_IRQHandler)
    __ARM_fpclassify                         0x080016b5   Thumb Code    48  fpclassify.o(i.__ARM_fpclassify)
    __hardfp_cos                             0x08001701   Thumb Code   158  cos.o(i.__hardfp_cos)
    __hardfp_pow                             0x080017b1   Thumb Code  2140  pow.o(i.__hardfp_pow)
    __hardfp_sin                             0x080020a9   Thumb Code   158  sin.o(i.__hardfp_sin)
    __ieee754_rem_pio2                       0x08002159   Thumb Code   646  rred.o(i.__ieee754_rem_pio2)
    __kernel_cos                             0x08002469   Thumb Code   182  cos_i.o(i.__kernel_cos)
    __kernel_poly                            0x08002549   Thumb Code   112  poly.o(i.__kernel_poly)
    __kernel_sin                             0x080025b9   Thumb Code   144  sin_i.o(i.__kernel_sin)
    __mathlib_dbl_divzero                    0x08002661   Thumb Code    14  dunder.o(i.__mathlib_dbl_divzero)
    __mathlib_dbl_infnan2                    0x08002681   Thumb Code     6  dunder.o(i.__mathlib_dbl_infnan2)
    __mathlib_dbl_invalid                    0x08002689   Thumb Code    10  dunder.o(i.__mathlib_dbl_invalid)
    __mathlib_dbl_overflow                   0x080026a1   Thumb Code    10  dunder.o(i.__mathlib_dbl_overflow)
    __mathlib_dbl_underflow                  0x080026b9   Thumb Code    10  dunder.o(i.__mathlib_dbl_underflow)
    fabs                                     0x080026d1   Thumb Code    24  fabs.o(i.fabs)
    main                                     0x080026e9   Thumb Code    40  main.o(i.main)
    sqrt                                     0x08002715   Thumb Code   106  sqrt.o(i.sqrt)
    __fpl_dcheck_NaN1                        0x08002781   Thumb Code    10  dcheck1.o(x$fpl$dcheck1)
    _fp_init                                 0x08002791   Thumb Code    10  fpinit.o(x$fpl$fpinit)
    __fplib_config_fpu_vfp                   0x08002799   Thumb Code     0  fpinit.o(x$fpl$fpinit)
    __fplib_config_pureend_doubles           0x08002799   Thumb Code     0  fpinit.o(x$fpl$fpinit)
    __fpl_return_NaN                         0x0800279b   Thumb Code   100  retnan.o(x$fpl$retnan)
    __ARM_scalbn                             0x080027ff   Thumb Code    92  scalbn.o(x$fpl$scalbn)
    __fpl_cmpreturn                          0x0800285b   Thumb Code    48  trapv.o(x$fpl$trapveneer)
    __I$use$fp                               0x0800288a   Number         0  usenofp.o(x$fpl$usenofp)
    __mathlib_zero                           0x08002948   Data           8  qnan.o(.constdata)
    Region$$Table$$Base                      0x08002a40   Number         0  anon$$obj.o(Region$$Table)
    Region$$Table$$Limit                     0x08002a90   Number         0  anon$$obj.o(Region$$Table)
    pC                                       0x20000000   Data           4  control.o(.data)
    Control                                  0x20000008   Data       37104  control.o(.bss)
    mxDim                                    0x200090f8   Data         336  rnea.o(.bss)
    mxcDim                                   0x20009248   Data         288  rnea.o(.bss)
    m                                        0x20009368   Data          48  rnea.o(.bss)
    g0                                       0x20009398   Data          24  rnea.o(.bss)
    MIvec                                    0x200093b0   Data         288  rnea.o(.bss)
    MI                                       0x200094d0   Data         432  rnea.o(.bss)
    Mxtemp                                   0x20009680   Data         896  rnea.o(.bss)
    Mx                                       0x20009a00   Data         896  rnea.o(.bss)
    Mxc                                      0x20009d80   Data         896  rnea.o(.bss)
    Rx                                       0x2000a100   Data         504  rnea.o(.bss)
    Rxc                                      0x2000a2f8   Data         504  rnea.o(.bss)
    R                                        0x2000a4f0   Data         504  rnea.o(.bss)
    Rc                                       0x2000a6e8   Data         504  rnea.o(.bss)
    Rxt                                      0x2000a8e0   Data         504  rnea.o(.bss)
    Rxct                                     0x2000aad8   Data         504  rnea.o(.bss)
    Rt                                       0x2000acd0   Data         504  rnea.o(.bss)
    Rct                                      0x2000aec8   Data         504  rnea.o(.bss)
    g                                        0x2000b0c0   Data         168  rnea.o(.bss)
    r                                        0x2000b168   Data         144  rnea.o(.bss)
    rc                                       0x2000b1f8   Data         144  rnea.o(.bss)
    rcinv                                    0x2000b288   Data         144  rnea.o(.bss)
    __libspace_start                         0x2000b318   Data          96  libspace.o(.bss)
    __temporary_stack_top$libspace           0x2000b378   Data           0  libspace.o(.bss)
    Traj                                     0x24000000   Data       432760  control.o(.ARM.__at_0x24000000)
    Com                                      0x30000000   Data       122032  control.o(.ARM.__at_0x30000000)



==============================================================================

Memory Map of the image

  Image Entry point : 0x08000299

  Load Region LR_IROM1 (Base: 0x08000000, Size: 0x00094f8c, Max: 0x00100000, ABSOLUTE, COMPRESSED[0x0000e968])

    Execution Region RW_IRAM4 (Exec base: 0x00000000, Load base: 0x08003b98, Size: 0x0000add0, Max: 0x00010000, ABSOLUTE)

    Exec Addr    Load Addr    Size         Type   Attr      Idx    E Section Name        Object

    0x00000000   0x08003b98   0x0000000a   Ven    RO         1138    Veneer$$Code        anon$$obj.o
    0x0000000a   0x08003ba2   0x0000000a   Ven    RO         1139    Veneer$$Code        anon$$obj.o
    0x00000014   0x08003bac   0x0000000a   Ven    RO         1140    Veneer$$Code        anon$$obj.o
    0x0000001e   0x08003bb6   0x0000000a   Ven    RO         1141    Veneer$$Code        anon$$obj.o
    0x00000028   0x08003bc0   0x0000000a   Ven    RO         1142    Veneer$$Code        anon$$obj.o
    0x00000032   0x08003bca   0x0000000a   Ven    RO         1143    Veneer$$Code        anon$$obj.o
    0x0000003c   0x08003bd4   0x00000100   Code   RO            4    i.Can_CheckCanStatus  can.o
    0x0000013c   0x08003cd4   0x00000070   Code   RO            5    i.Can_CheckStatus   can.o
    0x000001ac   0x08003d44   0x00000024   Code   RO            6    i.Can_Conf          can.o
    0x000001d0   0x08003d68   0x000000d4   Code   RO            7    i.Can_FdcanConf     can.o
    0x000002a4   0x08003e3c   0x00000170   Code   RO            8    i.Can_FiltersConf   can.o
    0x00000414   0x08003fac   0x00000154   Code   RO            9    i.Can_ReadFrameChangeConfResponse  can.o
    0x00000568   0x08004100   0x00000144   Code   RO           10    i.Can_ReadFrameChangeFsmResponse  can.o
    0x000006ac   0x08004244   0x0000022c   Code   RO           11    i.Can_ReadFrameMoveResponse  can.o
    0x000008d8   0x08004470   0x0000006c   Code   RO           12    i.Can_ReadFramesFromBuffer  can.o
    0x00000944   0x080044dc   0x00000054   Code   RO           13    i.Can_SendDataToJoints  can.o
    0x00000998   0x08004530   0x00000144   Code   RO           14    i.Can_SendFrameChangeFsm  can.o
    0x00000adc   0x08004674   0x0000015c   Code   RO           15    i.Can_SendFrameChangeMode  can.o
    0x00000c38   0x080047d0   0x0000018c   Code   RO           16    i.Can_SendFrameMove  can.o
    0x00000dc4   0x0800495c   0x00000064   Code   RO           17    i.Can_SendFrameOccurred  can.o
    0x00000e28   0x080049c0   0x0000011c   Code   RO           18    i.Can_SendFrameReset  can.o
    0x00000f44   0x08004adc   0x00000070   Code   RO           19    i.Can_SendFrameToJoints  can.o
    0x00000fb4   0x08004b4c   0x00000044   Code   RO           20    i.Can_StructConf    can.o
    0x00000ff8   0x08004b90   0x000000e8   Code   RO           21    i.Can_TxBufferConf  can.o
    0x000010e0   0x08004c78   0x00000180   Code   RO          338    i.Control_CheckErrorFlags  control.o
    0x00001260   0x08004df8   0x000000d8   Code   RO          339    i.Control_CheckLimits  control.o
    0x00001338   0x08004ed0   0x00000012   Code   RO          340    i.Control_ClearCurrentErrors  control.o
    0x0000134a   0x08004ee2   0x00000002   PAD
    0x0000134c   0x08004ee4   0x00000074   Code   RO          341    i.Control_ClearErrorFlags  control.o
    0x000013c0   0x08004f58   0x0000003c   Code   RO          342    i.Control_ClearErrorSourceVariables  control.o
    0x000013fc   0x08004f94   0x00000030   Code   RO          343    i.Control_ClearOccuredErrors  control.o
    0x0000142c   0x08004fc4   0x000000dc   Code   RO          344    i.Control_ClockConf  control.o
    0x00001508   0x080050a0   0x00000014   Code   RO          345    i.Control_Delay     control.o
    0x0000151c   0x080050b4   0x000000bc   Code   RO          346    i.Control_JtcAct    control.o
    0x000015d8   0x08005170   0x0000010c   Code   RO          347    i.Control_JtcCheckState  control.o
    0x000016e4   0x0800527c   0x00000090   Code   RO          348    i.Control_JtcCheckStateInit  control.o
    0x00001774   0x0800530c   0x00000068   Code   RO          349    i.Control_JtcError  control.o
    0x000017dc   0x08005374   0x000000a8   Code   RO          350    i.Control_JtcHoldPos  control.o
    0x00001884   0x0800541c   0x000001ac   Code   RO          351    i.Control_JtcInit   control.o
    0x00001a30   0x080055c8   0x00000080   Code   RO          352    i.Control_JtcOperate  control.o
    0x00001ab0   0x08005648   0x00000054   Code   RO          353    i.Control_JtcPrepareSetedValuesForHoldPos  control.o
    0x00001b04   0x0800569c   0x00000078   Code   RO          354    i.Control_JtcPrepareSetedValuesForOperate  control.o
    0x00001b7c   0x08005714   0x00000028   Code   RO          355    i.Control_JtcResetAllJoints  control.o
    0x00001ba4   0x0800573c   0x00000024   Code   RO          356    i.Control_JtcSetJointToEnable  control.o
    0x00001bc8   0x08005760   0x00000038   Code   RO          357    i.Control_JtcSetJointToReadyToOperate  control.o
    0x00001c00   0x08005798   0x00000074   Code   RO          358    i.Control_JtcTeaching  control.o
    0x00001c74   0x0800580c   0x0000007c   Code   RO          359    i.Control_JtcVariableConf  control.o
    0x00001cf0   0x08005888   0x00000010   Code   RO          360    i.Control_SafetyOutOff  control.o
    0x00001d00   0x08005898   0x00000484   Code   RO          361    i.Control_SetDefualtArmModel  control.o
    0x00002184   0x08005d1c   0x00000050   Code   RO          362    i.Control_SetNewTorqueValues  control.o
    0x000021d4   0x08005d6c   0x00000006   Code   RO          363    i.Control_SetTable  control.o
    0x000021da   0x08005d72   0x00000002   PAD
    0x000021dc   0x08005d74   0x00000128   Code   RO          364    i.Control_SystemConf  control.o
    0x00002304   0x08005e9c   0x00000070   Code   RO          365    i.Control_TimerConf  control.o
    0x00002374   0x08005f0c   0x0000008c   Code   RO          366    i.Control_TrajCheckState  control.o
    0x00002400   0x08005f98   0x00000068   Code   RO          367    i.Control_TrajClear  control.o
    0x00002468   0x08006000   0x00000028   Code   RO          368    i.Control_TrajClearPointDouble  control.o
    0x00002490   0x08006028   0x000001d8   Code   RO          369    i.Control_TrajInterpolate  control.o
    0x00002668   0x08006200   0x00000028   Code   RO           22    i.FDCAN1_IT0_IRQHandler  can.o
    0x00002690   0x08006228   0x0000006c   Code   RO           23    i.FDCAN1_IT1_IRQHandler  can.o
    0x000026fc   0x08006294   0x00000094   Code   RO          689    i.HRX               rnea.o
    0x00002790   0x08006328   0x00000094   Code   RO          690    i.HRY               rnea.o
    0x00002824   0x080063bc   0x00000094   Code   RO          691    i.HRZ               rnea.o
    0x000028b8   0x08006450   0x00000058   Code   RO          692    i.HT                rnea.o
    0x00002910   0x080064a8   0x0000001c   Code   RO          574    i.Joints_CalcFrictionCompensate  joints.o
    0x0000292c   0x080064c4   0x00000100   Code   RO          575    i.Joints_CalcFrictionCompensatePolynomial  joints.o
    0x00002a2c   0x080065c4   0x0000018c   Code   RO          576    i.Joints_CalcFrictionCompensateTable  joints.o
    0x00002bb8   0x08006750   0x00000080   Code   RO          577    i.Joints_CalcInitRegsTorque  joints.o
    0x00002c38   0x080067d0   0x0000011c   Code   RO          578    i.Joints_CalcPIDs   joints.o
    0x00002d54   0x080068ec   0x00000038   Code   RO          579    i.Joints_ClearCanValues  joints.o
    0x00002d8c   0x08006924   0x000000a8   Code   RO          580    i.Joints_FindMinMaxVelTempInFrictionTabeIdx  joints.o
    0x00002e34   0x080069cc   0x00000054   Code   RO          581    i.Joints_SetDefaultFriction  joints.o
    0x00002e88   0x08006a20   0x000000a8   Code   RO          582    i.Joints_SetDefaultFrictionTable  joints.o
    0x00002f30   0x08006ac8   0x00000100   Code   RO          583    i.Joints_SetDefaultPidParam  joints.o
    0x00003030   0x08006bc8   0x0000008c   Code   RO          584    i.Joints_SetDefaultVariables  joints.o
    0x000030bc   0x08006c54   0x000000bc   Code   RO          585    i.Joints_SetResetValuesVariables  joints.o
    0x00003178   0x08006d10   0x000001ac   Code   RO          586    i.Joints_SetStartValuesVariables  joints.o
    0x00003324   0x08006ebc   0x00000050   Code   RO          587    i.Joints_StartIrValuesVariables  joints.o
    0x00003374   0x08006f0c   0x00000038   Code   RO          588    i.Joints_StopIrValuesVariables  joints.o
    0x000033ac   0x08006f44   0x00000050   Code   RO          693    i.Mat3Ones          rnea.o
    0x000033fc   0x08006f94   0x0000004c   Code   RO          694    i.Mat3Transpose     rnea.o
    0x00003448   0x08006fe0   0x00000088   Code   RO          695    i.Mat3xMat3         rnea.o
    0x000034d0   0x08007068   0x00000068   Code   RO          696    i.Mat3xVec3         rnea.o
    0x00003538   0x080070d0   0x0000004c   Code   RO          697    i.Mat4Ones          rnea.o
    0x00003584   0x0800711c   0x00000048   Code   RO          698    i.Mat4ToMat3        rnea.o
    0x000035cc   0x08007164   0x0000002e   Code   RO          699    i.Mat4ToVec3        rnea.o
    0x000035fa   0x08007192   0x00000002   PAD
    0x000035fc   0x08007194   0x00000080   Code   RO          700    i.Mat4xMat4         rnea.o
    0x0000367c   0x08007214   0x000014a8   Code   RO          701    i.RNEA_CalcTorques  rnea.o
    0x00004b24   0x080086bc   0x00000ec4   Code   RO          702    i.RNEA_Conf         rnea.o
    0x000059e8   0x08009580   0x00000010   Code   RO          370    i.SysTick_Handler   control.o
    0x000059f8   0x08009590   0x0000001c   Code   RO          371    i.TIM7_IRQHandler   control.o
    0x00005a14   0x080095ac   0x0000003a   Code   RO          703    i.Vec3AddVec3       rnea.o
    0x00005a4e   0x080095e6   0x00000032   Code   RO          704    i.Vec3Cross         rnea.o
    0x00005a80   0x08009618   0x0000003a   Code   RO          705    i.Vec3SubVec3       rnea.o
    0x00005aba   0x08009652   0x00000002   PAD
    0x00005abc   0x08009654   0x0000002c   Code   RO          706    i.Vec3Zeros         rnea.o
    0x00005ae8   0x08009680   0x00000032   Code   RO          707    i.Vec3xScalar       rnea.o
    0x00005b1a   0x080096b2   0x0000001a   Code   RO           24    i.__NVIC_EnableIRQ  can.o
    0x00005b34   0x080096cc   0x00000004   PAD
    0x00005b38   0x080096d0   0x00000dc0   Data   RO          589    .constdata          joints.o
    0x000068f8   0x0800a490   0x00000dc0   Data   RO          590    .constdata          joints.o
    0x000076b8   0x0800b250   0x00000dc0   Data   RO          591    .constdata          joints.o
    0x00008478   0x0800c010   0x00000dc0   Data   RO          592    .constdata          joints.o
    0x00009238   0x0800cdd0   0x00000dc0   Data   RO          593    .constdata          joints.o
    0x00009ff8   0x0800db90   0x00000dc0   Data   RO          594    .constdata          joints.o
    0x0000adb8   0x0800e950   0x00000018   Data   RO          595    .constdata          joints.o


    Execution Region ER_IROM1 (Exec base: 0x08000000, Load base: 0x08000000, Size: 0x00002a90, Max: 0x00100000, ABSOLUTE)

    Exec Addr    Load Addr    Size         Type   Attr      Idx    E Section Name        Object

    0x08000000   0x08000000   0x00000298   Data   RO          808    RESET               startup_stm32h745xx.o
    0x08000298   0x08000298   0x00000008   Code   RO          856  * !!!main             c_w.l(__main.o)
    0x080002a0   0x080002a0   0x00000034   Code   RO         1122    !!!scatter          c_w.l(__scatter.o)
    0x080002d4   0x080002d4   0x0000005a   Code   RO         1120    !!dczerorl2         c_w.l(__dczerorl2.o)
    0x0800032e   0x0800032e   0x00000002   PAD
    0x08000330   0x08000330   0x0000001a   Code   RO         1124    !!handler_copy      c_w.l(__scatter_copy.o)
    0x0800034a   0x0800034a   0x00000002   PAD
    0x0800034c   0x0800034c   0x0000001c   Code   RO         1126    !!handler_zi        c_w.l(__scatter_zi.o)
    0x08000368   0x08000368   0x00000002   Code   RO          987    .ARM.Collect$$libinit$$00000000  c_w.l(libinit.o)
    0x0800036a   0x0800036a   0x00000004   Code   RO          992    .ARM.Collect$$libinit$$00000001  c_w.l(libinit2.o)
    0x0800036e   0x0800036e   0x00000000   Code   RO          995    .ARM.Collect$$libinit$$00000004  c_w.l(libinit2.o)
    0x0800036e   0x0800036e   0x00000000   Code   RO          998    .ARM.Collect$$libinit$$0000000A  c_w.l(libinit2.o)
    0x0800036e   0x0800036e   0x00000000   Code   RO         1000    .ARM.Collect$$libinit$$0000000C  c_w.l(libinit2.o)
    0x0800036e   0x0800036e   0x00000000   Code   RO         1002    .ARM.Collect$$libinit$$0000000E  c_w.l(libinit2.o)
    0x0800036e   0x0800036e   0x00000000   Code   RO         1005    .ARM.Collect$$libinit$$00000011  c_w.l(libinit2.o)
    0x0800036e   0x0800036e   0x00000000   Code   RO         1007    .ARM.Collect$$libinit$$00000013  c_w.l(libinit2.o)
    0x0800036e   0x0800036e   0x00000000   Code   RO         1009    .ARM.Collect$$libinit$$00000015  c_w.l(libinit2.o)
    0x0800036e   0x0800036e   0x00000000   Code   RO         1011    .ARM.Collect$$libinit$$00000017  c_w.l(libinit2.o)
    0x0800036e   0x0800036e   0x00000000   Code   RO         1013    .ARM.Collect$$libinit$$00000019  c_w.l(libinit2.o)
    0x0800036e   0x0800036e   0x00000000   Code   RO         1015    .ARM.Collect$$libinit$$0000001B  c_w.l(libinit2.o)
    0x0800036e   0x0800036e   0x00000000   Code   RO         1017    .ARM.Collect$$libinit$$0000001D  c_w.l(libinit2.o)
    0x0800036e   0x0800036e   0x00000000   Code   RO         1019    .ARM.Collect$$libinit$$0000001F  c_w.l(libinit2.o)
    0x0800036e   0x0800036e   0x00000000   Code   RO         1021    .ARM.Collect$$libinit$$00000021  c_w.l(libinit2.o)
    0x0800036e   0x0800036e   0x00000000   Code   RO         1023    .ARM.Collect$$libinit$$00000023  c_w.l(libinit2.o)
    0x0800036e   0x0800036e   0x00000000   Code   RO         1025    .ARM.Collect$$libinit$$00000025  c_w.l(libinit2.o)
    0x0800036e   0x0800036e   0x00000000   Code   RO         1029    .ARM.Collect$$libinit$$0000002C  c_w.l(libinit2.o)
    0x0800036e   0x0800036e   0x00000000   Code   RO         1031    .ARM.Collect$$libinit$$0000002E  c_w.l(libinit2.o)
    0x0800036e   0x0800036e   0x00000000   Code   RO         1033    .ARM.Collect$$libinit$$00000030  c_w.l(libinit2.o)
    0x0800036e   0x0800036e   0x00000000   Code   RO         1035    .ARM.Collect$$libinit$$00000032  c_w.l(libinit2.o)
    0x0800036e   0x0800036e   0x00000002   Code   RO         1036    .ARM.Collect$$libinit$$00000033  c_w.l(libinit2.o)
    0x08000370   0x08000370   0x00000002   Code   RO         1058    .ARM.Collect$$libshutdown$$00000000  c_w.l(libshutdown.o)
    0x08000372   0x08000372   0x00000000   Code   RO         1071    .ARM.Collect$$libshutdown$$00000002  c_w.l(libshutdown2.o)
    0x08000372   0x08000372   0x00000000   Code   RO         1073    .ARM.Collect$$libshutdown$$00000004  c_w.l(libshutdown2.o)
    0x08000372   0x08000372   0x00000000   Code   RO         1075    .ARM.Collect$$libshutdown$$00000006  c_w.l(libshutdown2.o)
    0x08000372   0x08000372   0x00000000   Code   RO         1078    .ARM.Collect$$libshutdown$$00000009  c_w.l(libshutdown2.o)
    0x08000372   0x08000372   0x00000000   Code   RO         1081    .ARM.Collect$$libshutdown$$0000000C  c_w.l(libshutdown2.o)
    0x08000372   0x08000372   0x00000000   Code   RO         1083    .ARM.Collect$$libshutdown$$0000000E  c_w.l(libshutdown2.o)
    0x08000372   0x08000372   0x00000000   Code   RO         1086    .ARM.Collect$$libshutdown$$00000011  c_w.l(libshutdown2.o)
    0x08000372   0x08000372   0x00000002   Code   RO         1087    .ARM.Collect$$libshutdown$$00000012  c_w.l(libshutdown2.o)
    0x08000374   0x08000374   0x00000000   Code   RO          896    .ARM.Collect$$rtentry$$00000000  c_w.l(__rtentry.o)
    0x08000374   0x08000374   0x00000000   Code   RO          954    .ARM.Collect$$rtentry$$00000002  c_w.l(__rtentry2.o)
    0x08000374   0x08000374   0x00000006   Code   RO          966    .ARM.Collect$$rtentry$$00000004  c_w.l(__rtentry4.o)
    0x0800037a   0x0800037a   0x00000000   Code   RO          956    .ARM.Collect$$rtentry$$00000009  c_w.l(__rtentry2.o)
    0x0800037a   0x0800037a   0x00000004   Code   RO          957    .ARM.Collect$$rtentry$$0000000A  c_w.l(__rtentry2.o)
    0x0800037e   0x0800037e   0x00000000   Code   RO          959    .ARM.Collect$$rtentry$$0000000C  c_w.l(__rtentry2.o)
    0x0800037e   0x0800037e   0x00000008   Code   RO          960    .ARM.Collect$$rtentry$$0000000D  c_w.l(__rtentry2.o)
    0x08000386   0x08000386   0x00000002   Code   RO          990    .ARM.Collect$$rtexit$$00000000  c_w.l(rtexit.o)
    0x08000388   0x08000388   0x00000000   Code   RO         1040    .ARM.Collect$$rtexit$$00000002  c_w.l(rtexit2.o)
    0x08000388   0x08000388   0x00000004   Code   RO         1041    .ARM.Collect$$rtexit$$00000003  c_w.l(rtexit2.o)
    0x0800038c   0x0800038c   0x00000006   Code   RO         1042    .ARM.Collect$$rtexit$$00000004  c_w.l(rtexit2.o)
    0x08000392   0x08000392   0x00000002   PAD
    0x08000394   0x08000394   0x00000040   Code   RO          809    .text               startup_stm32h745xx.o
    0x080003d4   0x080003d4   0x00000064   Code   RO          852    .text               c_w.l(rt_memcpy_w.o)
    0x08000438   0x08000438   0x00000006   Code   RO          854    .text               c_w.l(heapauxi.o)
    0x0800043e   0x0800043e   0x00000016   Code   RO          897    .text               c_w.l(_rserrno.o)
    0x08000454   0x08000454   0x00000008   Code   RO          971    .text               c_w.l(rt_errno_addr_intlibspace.o)
    0x0800045c   0x0800045c   0x00000008   Code   RO          975    .text               c_w.l(libspace.o)
    0x08000464   0x08000464   0x0000004a   Code   RO          978    .text               c_w.l(sys_stackheap_outer.o)
    0x080004ae   0x080004ae   0x00000012   Code   RO          980    .text               c_w.l(exit.o)
    0x080004c0   0x080004c0   0x0000000c   Code   RO         1050    .text               c_w.l(sys_exit.o)
    0x080004cc   0x080004cc   0x00000002   Code   RO         1061    .text               c_w.l(use_no_semi.o)
    0x080004ce   0x080004ce   0x00000000   Code   RO         1063    .text               c_w.l(indicate_semi.o)
    0x080004ce   0x080004ce   0x0000000a   Ven    RO         1128    Veneer$$Code        anon$$obj.o
    0x080004d8   0x080004d8   0x0000000a   Ven    RO         1129    Veneer$$Code        anon$$obj.o
    0x080004e2   0x080004e2   0x0000000a   Ven    RO         1130    Veneer$$Code        anon$$obj.o
    0x080004ec   0x080004ec   0x0000000a   Ven    RO         1131    Veneer$$Code        anon$$obj.o
    0x080004f6   0x080004f6   0x0000000a   Ven    RO         1132    Veneer$$Code        anon$$obj.o
    0x08000500   0x08000500   0x0000000a   Ven    RO         1133    Veneer$$Code        anon$$obj.o
    0x0800050a   0x0800050a   0x0000000a   Ven    RO         1134    Veneer$$Code        anon$$obj.o
    0x08000514   0x08000514   0x0000000a   Ven    RO         1135    Veneer$$Code        anon$$obj.o
    0x0800051e   0x0800051e   0x0000000a   Ven    RO         1136    Veneer$$Code        anon$$obj.o
    0x08000528   0x08000528   0x0000000a   Ven    RO         1137    Veneer$$Code        anon$$obj.o
    0x08000532   0x08000532   0x00000002   PAD
    0x08000534   0x08000534   0x00000060   Code   RO          196    i.Com_CheckConsistencyReceivedFrame  com.o
    0x08000594   0x08000594   0x00000010   Code   RO          197    i.Com_ClearStr      com.o
    0x080005a4   0x080005a4   0x0000003a   Code   RO          198    i.Com_Crc16         com.o
    0x080005de   0x080005de   0x00000002   PAD
    0x080005e0   0x080005e0   0x00000028   Code   RO          199    i.Com_HostCheckGeneralTimeout  com.o
    0x08000608   0x08000608   0x00000028   Code   RO          200    i.Com_ReinitDmaReadStream  com.o
    0x08000630   0x08000630   0x0000001c   Code   RO          201    i.DMA1_Stream0_IRQHandler  com.o
    0x0800064c   0x0800064c   0x00000038   Code   RO          202    i.DMA1_Stream1_IRQHandler  com.o
    0x08000684   0x08000684   0x00000024   Code   RO          203    i.Host_ComConf      com.o
    0x080006a8   0x080006a8   0x0000026c   Code   RO          204    i.Host_ComPrepareFrameJtcStatus  com.o
    0x08000914   0x08000914   0x0000019c   Code   RO          205    i.Host_ComReadFrameArmModel  com.o
    0x08000ab0   0x08000ab0   0x000000ac   Code   RO          206    i.Host_ComReadFrameFricionPolynomial  com.o
    0x08000b5c   0x08000b5c   0x00000154   Code   RO          207    i.Host_ComReadFrameFricionTable  com.o
    0x08000cb0   0x08000cb0   0x00000198   Code   RO          208    i.Host_ComReadFramePidParam  com.o
    0x08000e48   0x08000e48   0x000001d0   Code   RO          209    i.Host_ComReadFrameTrajectory  com.o
    0x08001018   0x08001018   0x00000318   Code   RO          210    i.Host_ComReadFromHost  com.o
    0x08001330   0x08001330   0x000000bc   Code   RO          211    i.Host_ComSendResponseToHost  com.o
    0x080013ec   0x080013ec   0x0000006c   Code   RO          212    i.Host_ComTimCof    com.o
    0x08001458   0x08001458   0x000000c8   Code   RO          213    i.Host_ComUart3Conf  com.o
    0x08001520   0x08001520   0x000000e4   Code   RO          817    i.SystemInit        system_stm32h7xx.o
    0x08001604   0x08001604   0x00000028   Code   RO          214    i.TIM6_DAC_IRQHandler  com.o
    0x0800162c   0x0800162c   0x00000038   Code   RO          215    i.TIM8_UP_TIM13_IRQHandler  com.o
    0x08001664   0x08001664   0x00000028   Code   RO          216    i.USART2_IRQHandler  com.o
    0x0800168c   0x0800168c   0x00000028   Code   RO          217    i.USART3_IRQHandler  com.o
    0x080016b4   0x080016b4   0x00000030   Code   RO          925    i.__ARM_fpclassify  m_wv.l(fpclassify.o)
    0x080016e4   0x080016e4   0x0000001a   Code   RO          218    i.__NVIC_EnableIRQ  com.o
    0x080016fe   0x080016fe   0x00000002   PAD
    0x08001700   0x08001700   0x000000b0   Code   RO          858    i.__hardfp_cos      m_wv.l(cos.o)
    0x080017b0   0x080017b0   0x000008f8   Code   RO          870    i.__hardfp_pow      m_wv.l(pow.o)
    0x080020a8   0x080020a8   0x000000b0   Code   RO          884    i.__hardfp_sin      m_wv.l(sin.o)
    0x08002158   0x08002158   0x00000310   Code   RO          930    i.__ieee754_rem_pio2  m_wv.l(rred.o)
    0x08002468   0x08002468   0x000000e0   Code   RO          902    i.__kernel_cos      m_wv.l(cos_i.o)
    0x08002548   0x08002548   0x00000070   Code   RO          927    i.__kernel_poly     m_wv.l(poly.o)
    0x080025b8   0x080025b8   0x000000a8   Code   RO          935    i.__kernel_sin      m_wv.l(sin_i.o)
    0x08002660   0x08002660   0x00000020   Code   RO          905    i.__mathlib_dbl_divzero  m_wv.l(dunder.o)
    0x08002680   0x08002680   0x00000006   Code   RO          907    i.__mathlib_dbl_infnan2  m_wv.l(dunder.o)
    0x08002686   0x08002686   0x00000002   PAD
    0x08002688   0x08002688   0x00000018   Code   RO          908    i.__mathlib_dbl_invalid  m_wv.l(dunder.o)
    0x080026a0   0x080026a0   0x00000018   Code   RO          909    i.__mathlib_dbl_overflow  m_wv.l(dunder.o)
    0x080026b8   0x080026b8   0x00000018   Code   RO          911    i.__mathlib_dbl_underflow  m_wv.l(dunder.o)
    0x080026d0   0x080026d0   0x00000018   Code   RO          921    i.fabs              m_wv.l(fabs.o)
    0x080026e8   0x080026e8   0x0000002c   Code   RO          546    i.main              main.o
    0x08002714   0x08002714   0x0000006a   Code   RO          943    i.sqrt              m_wv.l(sqrt.o)
    0x0800277e   0x0800277e   0x00000002   PAD
    0x08002780   0x08002780   0x00000010   Code   RO          973    x$fpl$dcheck1       fz_wv.l(dcheck1.o)
    0x08002790   0x08002790   0x0000000a   Code   RO         1048    x$fpl$fpinit        fz_wv.l(fpinit.o)
    0x0800279a   0x0800279a   0x00000064   Code   RO          988    x$fpl$retnan        fz_wv.l(retnan.o)
    0x080027fe   0x080027fe   0x0000005c   Code   RO          899    x$fpl$scalbn        fz_wv.l(scalbn.o)
    0x0800285a   0x0800285a   0x00000030   Code   RO         1037    x$fpl$trapveneer    fz_wv.l(trapv.o)
    0x0800288a   0x0800288a   0x00000000   Code   RO          901    x$fpl$usenofp       fz_wv.l(usenofp.o)
    0x0800288a   0x0800288a   0x00000006   PAD
    0x08002890   0x08002890   0x00000088   Data   RO          873    .constdata          m_wv.l(pow.o)
    0x08002918   0x08002918   0x00000030   Data   RO          903    .constdata          m_wv.l(cos_i.o)
    0x08002948   0x08002948   0x00000008   Data   RO          929    .constdata          m_wv.l(qnan.o)
    0x08002950   0x08002950   0x000000c8   Data   RO          932    .constdata          m_wv.l(rred.o)
    0x08002a18   0x08002a18   0x00000028   Data   RO          936    .constdata          m_wv.l(sin_i.o)
    0x08002a40   0x08002a40   0x00000050   Data   RO         1118    Region$$Table       anon$$obj.o


    Execution Region RW_IRAM1 (Exec base: 0x20000000, Load base: 0x08002a90, Size: 0x0001b278, Max: 0x00020000, ABSOLUTE)

    Exec Addr    Load Addr    Size         Type   Attr      Idx    E Section Name        Object

    0x20000000   0x08002a90   0x00000004   Data   RW          377    .data               control.o
    0x20000004   0x08002a94   0x00000004   PAD
    0x20000008        -       0x000090f0   Zero   RW          374    .bss                control.o
    0x200090f8        -       0x00002220   Zero   RW          708    .bss                rnea.o
    0x2000b318        -       0x00000060   Zero   RW          976    .bss                c_w.l(libspace.o)
    0x2000b378        -       0x00000f00   Zero   RW          807    HEAP                startup_stm32h745xx.o
    0x2000c278        -       0x0000f000   Zero   RW          806    STACK               startup_stm32h745xx.o


    Execution Region RW_IRAM2 (Exec base: 0x24000000, Load base: 0x08002a94, Size: 0x00069a78, Max: 0x00080000, ABSOLUTE, COMPRESSED[0x00000d44])

    Exec Addr    Load Addr    Size         Type   Attr      Idx    E Section Name        Object

    0x24000000   COMPRESSED   0x00069a78   Data   RW          372    .ARM.__at_0x24000000  control.o


    Execution Region RW_IRAM3 (Exec base: 0x30000000, Load base: 0x080037d8, Size: 0x0001dcb0, Max: 0x00048000, ABSOLUTE, COMPRESSED[0x000003c0])

    Exec Addr    Load Addr    Size         Type   Attr      Idx    E Section Name        Object

    0x30000000   COMPRESSED   0x0001dcb0   Data   RW          373    .ARM.__at_0x30000000  control.o


==============================================================================

Image component sizes


      Code (inc. data)   RO Data    RW Data    ZI Data      Debug   Object Name

      4434        186          0          0          0    1078490   can.o
      4276        202          0          0          0      19164   com.o
      5552        594          0     554796      37104      59808   control.o
      2716        282      21144          0          0      12801   joints.o
        44          4          0          0          0        495   main.o
     10578        232          0          0       8736      17756   rnea.o
        64         26        664          0      65280        908   startup_stm32h745xx.o
       228         40          0          0          0        753   system_stm32h7xx.o

    ----------------------------------------------------------------------
     28070       1566      21888     554796     111124    1190175   Object Totals
       160          0         80          0          0          0   (incl. Generated)
        18          0          0          0          4          0   (incl. Padding)

    ----------------------------------------------------------------------

      Code (inc. data)   RO Data    RW Data    ZI Data      Debug   Library Member Name

        90          0          0          0          0          0   __dczerorl2.o
         8          0          0          0          0         68   __main.o
         0          0          0          0          0          0   __rtentry.o
        12          0          0          0          0          0   __rtentry2.o
         6          0          0          0          0          0   __rtentry4.o
        52          8          0          0          0          0   __scatter.o
        26          0          0          0          0          0   __scatter_copy.o
        28          0          0          0          0          0   __scatter_zi.o
        22          0          0          0          0        100   _rserrno.o
        18          0          0          0          0         80   exit.o
         6          0          0          0          0        152   heapauxi.o
         0          0          0          0          0          0   indicate_semi.o
         2          0          0          0          0          0   libinit.o
         6          0          0          0          0          0   libinit2.o
         2          0          0          0          0          0   libshutdown.o
         2          0          0          0          0          0   libshutdown2.o
         8          4          0          0         96         68   libspace.o
         8          4          0          0          0         68   rt_errno_addr_intlibspace.o
       100          0          0          0          0         80   rt_memcpy_w.o
         2          0          0          0          0          0   rtexit.o
        10          0          0          0          0          0   rtexit2.o
        12          4          0          0          0         68   sys_exit.o
        74          0          0          0          0         80   sys_stackheap_outer.o
         2          0          0          0          0         68   use_no_semi.o
        16          4          0          0          0        116   dcheck1.o
        10          0          0          0          0        116   fpinit.o
       100          0          0          0          0        116   retnan.o
        92          0          0          0          0        116   scalbn.o
        48          0          0          0          0        116   trapv.o
         0          0          0          0          0          0   usenofp.o
       176         18          0          0          0        156   cos.o
       224         42         48          0          0        184   cos_i.o
       110         60          0          0          0        580   dunder.o
        24          0          0          0          0        124   fabs.o
        48          0          0          0          0        124   fpclassify.o
       112          0          0          0          0        116   poly.o
      2296        304        136          0          0        320   pow.o
         0          0          8          0          0          0   qnan.o
       784        138        200          0          0        172   rred.o
       176         18          0          0          0        160   sin.o
       168         24         40          0          0        196   sin_i.o
       106          0          0          0          0        140   sqrt.o

    ----------------------------------------------------------------------
      5002        628        432          0         96       3684   Library Totals
        16          0          0          0          0          0   (incl. Padding)

    ----------------------------------------------------------------------

      Code (inc. data)   RO Data    RW Data    ZI Data      Debug   Library Name

       496         20          0          0         96        832   c_w.l
       266          4          0          0          0        580   fz_wv.l
      4224        604        432          0          0       2272   m_wv.l

    ----------------------------------------------------------------------
      5002        628        432          0         96       3684   Library Totals

    ----------------------------------------------------------------------

==============================================================================


      Code (inc. data)   RO Data    RW Data    ZI Data      Debug   

     33072       2194      22320     554796     111220    1181215   Grand Totals
     33072       2194      22320       4360     111220    1181215   ELF Image Totals (compressed)
     33072       2194      22320       4360          0          0   ROM Totals

==============================================================================

    Total RO  Size (Code + RO Data)                55392 (  54.09kB)
    Total RW  Size (RW Data + ZI Data)            666016 ( 650.41kB)
    Total ROM Size (Code + RO Data + RW Data)      59752 (  58.35kB)

==============================================================================

