<!doctype html public "-//w3c//dtd html 4.0 transitional//en">
<html><head>
<title>Static Call Graph - [.\Objects\AT_H7M7_JTC_1.axf]</title></head>
<body><HR>
<H1>Static Call Graph for image .\Objects\AT_H7M7_JTC_1.axf</H1><HR>
<BR><P>#&#060CALLGRAPH&#062# ARM Linker, 5060960: Last Updated: Mon Mar 14 08:40:00 2022
<BR><P>
<H3>Maximum Stack Usage =       2784 bytes + Unknown(Functions without stacksize, Cycles, Untraceable Function Pointers)</H3><H3>
Call chain for Maximum Stack Depth:</H3>
TIM7_IRQHandler &rArr; Control_JtcAct &rArr; Control_JtcInit &rArr; RNEA_CalcTorques &rArr; HRZ &rArr; __hardfp_sin &rArr; __ieee754_rem_pio2 &rArr; fabs
<P>
<H3>
Functions with no stack information
</H3><UL>
 <LI><a href="#[b9]">__user_initial_stackheap</a>
</UL>
</UL>
<P>
<H3>
Mutually Recursive functions
</H3> <LI><a href="#[4]">NMI_Handler</a>&nbsp;&nbsp;&nbsp;&rArr;&nbsp;&nbsp;&nbsp;<a href="#[4]">NMI_Handler</a><BR>
 <LI><a href="#[5]">HardFault_Handler</a>&nbsp;&nbsp;&nbsp;&rArr;&nbsp;&nbsp;&nbsp;<a href="#[5]">HardFault_Handler</a><BR>
 <LI><a href="#[6]">MemManage_Handler</a>&nbsp;&nbsp;&nbsp;&rArr;&nbsp;&nbsp;&nbsp;<a href="#[6]">MemManage_Handler</a><BR>
 <LI><a href="#[7]">BusFault_Handler</a>&nbsp;&nbsp;&nbsp;&rArr;&nbsp;&nbsp;&nbsp;<a href="#[7]">BusFault_Handler</a><BR>
 <LI><a href="#[8]">UsageFault_Handler</a>&nbsp;&nbsp;&nbsp;&rArr;&nbsp;&nbsp;&nbsp;<a href="#[8]">UsageFault_Handler</a><BR>
 <LI><a href="#[9]">SVC_Handler</a>&nbsp;&nbsp;&nbsp;&rArr;&nbsp;&nbsp;&nbsp;<a href="#[9]">SVC_Handler</a><BR>
 <LI><a href="#[a]">DebugMon_Handler</a>&nbsp;&nbsp;&nbsp;&rArr;&nbsp;&nbsp;&nbsp;<a href="#[a]">DebugMon_Handler</a><BR>
 <LI><a href="#[b]">PendSV_Handler</a>&nbsp;&nbsp;&nbsp;&rArr;&nbsp;&nbsp;&nbsp;<a href="#[b]">PendSV_Handler</a><BR>
 <LI><a href="#[87]">ADC3_IRQHandler</a>&nbsp;&nbsp;&nbsp;&rArr;&nbsp;&nbsp;&nbsp;<a href="#[87]">ADC3_IRQHandler</a><BR>
</UL>
<P>
<H3>
Function Pointers
</H3><UL>
 <LI><a href="#[87]">ADC3_IRQHandler</a> from startup_stm32h745xx.o(.text) referenced from startup_stm32h745xx.o(RESET)
 <LI><a href="#[1f]">ADC_IRQHandler</a> from startup_stm32h745xx.o(.text) referenced from startup_stm32h745xx.o(RESET)
 <LI><a href="#[89]">BDMA_Channel0_IRQHandler</a> from startup_stm32h745xx.o(.text) referenced from startup_stm32h745xx.o(RESET)
 <LI><a href="#[8a]">BDMA_Channel1_IRQHandler</a> from startup_stm32h745xx.o(.text) referenced from startup_stm32h745xx.o(RESET)
 <LI><a href="#[8b]">BDMA_Channel2_IRQHandler</a> from startup_stm32h745xx.o(.text) referenced from startup_stm32h745xx.o(RESET)
 <LI><a href="#[8c]">BDMA_Channel3_IRQHandler</a> from startup_stm32h745xx.o(.text) referenced from startup_stm32h745xx.o(RESET)
 <LI><a href="#[8d]">BDMA_Channel4_IRQHandler</a> from startup_stm32h745xx.o(.text) referenced from startup_stm32h745xx.o(RESET)
 <LI><a href="#[8e]">BDMA_Channel5_IRQHandler</a> from startup_stm32h745xx.o(.text) referenced from startup_stm32h745xx.o(RESET)
 <LI><a href="#[8f]">BDMA_Channel6_IRQHandler</a> from startup_stm32h745xx.o(.text) referenced from startup_stm32h745xx.o(RESET)
 <LI><a href="#[90]">BDMA_Channel7_IRQHandler</a> from startup_stm32h745xx.o(.text) referenced from startup_stm32h745xx.o(RESET)
 <LI><a href="#[7]">BusFault_Handler</a> from startup_stm32h745xx.o(.text) referenced from startup_stm32h745xx.o(RESET)
 <LI><a href="#[67]">CEC_IRQHandler</a> from startup_stm32h745xx.o(.text) referenced from startup_stm32h745xx.o(RESET)
 <LI><a href="#[4d]">CM4_SEV_IRQHandler</a> from startup_stm32h745xx.o(.text) referenced from startup_stm32h745xx.o(RESET)
 <LI><a href="#[4c]">CM7_SEV_IRQHandler</a> from startup_stm32h745xx.o(.text) referenced from startup_stm32h745xx.o(RESET)
 <LI><a href="#[91]">COMP1_IRQHandler</a> from startup_stm32h745xx.o(.text) referenced from startup_stm32h745xx.o(RESET)
 <LI><a href="#[98]">CRS_IRQHandler</a> from startup_stm32h745xx.o(.text) referenced from startup_stm32h745xx.o(RESET)
 <LI><a href="#[a1]">Can_SendFrameChangeFsm</a> from can.o(i.Can_SendFrameChangeFsm) referenced from can.o(i.Can_TxBufferConf)
 <LI><a href="#[a2]">Can_SendFrameChangeMode</a> from can.o(i.Can_SendFrameChangeMode) referenced from can.o(i.Can_TxBufferConf)
 <LI><a href="#[a0]">Can_SendFrameMove</a> from can.o(i.Can_SendFrameMove) referenced from can.o(i.Can_TxBufferConf)
 <LI><a href="#[58]">DCMI_IRQHandler</a> from startup_stm32h745xx.o(.text) referenced from startup_stm32h745xx.o(RESET)
 <LI><a href="#[77]">DFSDM1_FLT0_IRQHandler</a> from startup_stm32h745xx.o(.text) referenced from startup_stm32h745xx.o(RESET)
 <LI><a href="#[78]">DFSDM1_FLT1_IRQHandler</a> from startup_stm32h745xx.o(.text) referenced from startup_stm32h745xx.o(RESET)
 <LI><a href="#[79]">DFSDM1_FLT2_IRQHandler</a> from startup_stm32h745xx.o(.text) referenced from startup_stm32h745xx.o(RESET)
 <LI><a href="#[7a]">DFSDM1_FLT3_IRQHandler</a> from startup_stm32h745xx.o(.text) referenced from startup_stm32h745xx.o(RESET)
 <LI><a href="#[18]">DMA1_Stream0_IRQHandler</a> from com.o(i.DMA1_Stream0_IRQHandler) referenced from startup_stm32h745xx.o(RESET)
 <LI><a href="#[19]">DMA1_Stream1_IRQHandler</a> from com.o(i.DMA1_Stream1_IRQHandler) referenced from startup_stm32h745xx.o(RESET)
 <LI><a href="#[1a]">DMA1_Stream2_IRQHandler</a> from startup_stm32h745xx.o(.text) referenced from startup_stm32h745xx.o(RESET)
 <LI><a href="#[1b]">DMA1_Stream3_IRQHandler</a> from startup_stm32h745xx.o(.text) referenced from startup_stm32h745xx.o(RESET)
 <LI><a href="#[1c]">DMA1_Stream4_IRQHandler</a> from startup_stm32h745xx.o(.text) referenced from startup_stm32h745xx.o(RESET)
 <LI><a href="#[1d]">DMA1_Stream5_IRQHandler</a> from startup_stm32h745xx.o(.text) referenced from startup_stm32h745xx.o(RESET)
 <LI><a href="#[1e]">DMA1_Stream6_IRQHandler</a> from startup_stm32h745xx.o(.text) referenced from startup_stm32h745xx.o(RESET)
 <LI><a href="#[3b]">DMA1_Stream7_IRQHandler</a> from startup_stm32h745xx.o(.text) referenced from startup_stm32h745xx.o(RESET)
 <LI><a href="#[63]">DMA2D_IRQHandler</a> from startup_stm32h745xx.o(.text) referenced from startup_stm32h745xx.o(RESET)
 <LI><a href="#[44]">DMA2_Stream0_IRQHandler</a> from startup_stm32h745xx.o(.text) referenced from startup_stm32h745xx.o(RESET)
 <LI><a href="#[45]">DMA2_Stream1_IRQHandler</a> from startup_stm32h745xx.o(.text) referenced from startup_stm32h745xx.o(RESET)
 <LI><a href="#[46]">DMA2_Stream2_IRQHandler</a> from startup_stm32h745xx.o(.text) referenced from startup_stm32h745xx.o(RESET)
 <LI><a href="#[47]">DMA2_Stream3_IRQHandler</a> from startup_stm32h745xx.o(.text) referenced from startup_stm32h745xx.o(RESET)
 <LI><a href="#[48]">DMA2_Stream4_IRQHandler</a> from startup_stm32h745xx.o(.text) referenced from startup_stm32h745xx.o(RESET)
 <LI><a href="#[4e]">DMA2_Stream5_IRQHandler</a> from startup_stm32h745xx.o(.text) referenced from startup_stm32h745xx.o(RESET)
 <LI><a href="#[4f]">DMA2_Stream6_IRQHandler</a> from startup_stm32h745xx.o(.text) referenced from startup_stm32h745xx.o(RESET)
 <LI><a href="#[50]">DMA2_Stream7_IRQHandler</a> from startup_stm32h745xx.o(.text) referenced from startup_stm32h745xx.o(RESET)
 <LI><a href="#[6f]">DMAMUX1_OVR_IRQHandler</a> from startup_stm32h745xx.o(.text) referenced from startup_stm32h745xx.o(RESET)
 <LI><a href="#[88]">DMAMUX2_OVR_IRQHandler</a> from startup_stm32h745xx.o(.text) referenced from startup_stm32h745xx.o(RESET)
 <LI><a href="#[a]">DebugMon_Handler</a> from startup_stm32h745xx.o(.text) referenced from startup_stm32h745xx.o(RESET)
 <LI><a href="#[99]">ECC_IRQHandler</a> from startup_stm32h745xx.o(.text) referenced from startup_stm32h745xx.o(RESET)
 <LI><a href="#[49]">ETH_IRQHandler</a> from startup_stm32h745xx.o(.text) referenced from startup_stm32h745xx.o(RESET)
 <LI><a href="#[4a]">ETH_WKUP_IRQHandler</a> from startup_stm32h745xx.o(.text) referenced from startup_stm32h745xx.o(RESET)
 <LI><a href="#[13]">EXTI0_IRQHandler</a> from startup_stm32h745xx.o(.text) referenced from startup_stm32h745xx.o(RESET)
 <LI><a href="#[35]">EXTI15_10_IRQHandler</a> from startup_stm32h745xx.o(.text) referenced from startup_stm32h745xx.o(RESET)
 <LI><a href="#[14]">EXTI1_IRQHandler</a> from startup_stm32h745xx.o(.text) referenced from startup_stm32h745xx.o(RESET)
 <LI><a href="#[15]">EXTI2_IRQHandler</a> from startup_stm32h745xx.o(.text) referenced from startup_stm32h745xx.o(RESET)
 <LI><a href="#[16]">EXTI3_IRQHandler</a> from startup_stm32h745xx.o(.text) referenced from startup_stm32h745xx.o(RESET)
 <LI><a href="#[17]">EXTI4_IRQHandler</a> from startup_stm32h745xx.o(.text) referenced from startup_stm32h745xx.o(RESET)
 <LI><a href="#[24]">EXTI9_5_IRQHandler</a> from startup_stm32h745xx.o(.text) referenced from startup_stm32h745xx.o(RESET)
 <LI><a href="#[20]">FDCAN1_IT0_IRQHandler</a> from can.o(i.FDCAN1_IT0_IRQHandler) referenced from startup_stm32h745xx.o(RESET)
 <LI><a href="#[22]">FDCAN1_IT1_IRQHandler</a> from can.o(i.FDCAN1_IT1_IRQHandler) referenced from startup_stm32h745xx.o(RESET)
 <LI><a href="#[21]">FDCAN2_IT0_IRQHandler</a> from startup_stm32h745xx.o(.text) referenced from startup_stm32h745xx.o(RESET)
 <LI><a href="#[23]">FDCAN2_IT1_IRQHandler</a> from startup_stm32h745xx.o(.text) referenced from startup_stm32h745xx.o(RESET)
 <LI><a href="#[4b]">FDCAN_CAL_IRQHandler</a> from startup_stm32h745xx.o(.text) referenced from startup_stm32h745xx.o(RESET)
 <LI><a href="#[11]">FLASH_IRQHandler</a> from startup_stm32h745xx.o(.text) referenced from startup_stm32h745xx.o(RESET)
 <LI><a href="#[3c]">FMC_IRQHandler</a> from startup_stm32h745xx.o(.text) referenced from startup_stm32h745xx.o(RESET)
 <LI><a href="#[5a]">FPU_IRQHandler</a> from startup_stm32h745xx.o(.text) referenced from startup_stm32h745xx.o(RESET)
 <LI><a href="#[9b]">HOLD_CORE_IRQHandler</a> from startup_stm32h745xx.o(.text) referenced from startup_stm32h745xx.o(RESET)
 <LI><a href="#[76]">HRTIM1_FLT_IRQHandler</a> from startup_stm32h745xx.o(.text) referenced from startup_stm32h745xx.o(RESET)
 <LI><a href="#[70]">HRTIM1_Master_IRQHandler</a> from startup_stm32h745xx.o(.text) referenced from startup_stm32h745xx.o(RESET)
 <LI><a href="#[71]">HRTIM1_TIMA_IRQHandler</a> from startup_stm32h745xx.o(.text) referenced from startup_stm32h745xx.o(RESET)
 <LI><a href="#[72]">HRTIM1_TIMB_IRQHandler</a> from startup_stm32h745xx.o(.text) referenced from startup_stm32h745xx.o(RESET)
 <LI><a href="#[73]">HRTIM1_TIMC_IRQHandler</a> from startup_stm32h745xx.o(.text) referenced from startup_stm32h745xx.o(RESET)
 <LI><a href="#[74]">HRTIM1_TIMD_IRQHandler</a> from startup_stm32h745xx.o(.text) referenced from startup_stm32h745xx.o(RESET)
 <LI><a href="#[75]">HRTIM1_TIME_IRQHandler</a> from startup_stm32h745xx.o(.text) referenced from startup_stm32h745xx.o(RESET)
 <LI><a href="#[85]">HSEM1_IRQHandler</a> from startup_stm32h745xx.o(.text) referenced from startup_stm32h745xx.o(RESET)
 <LI><a href="#[86]">HSEM2_IRQHandler</a> from startup_stm32h745xx.o(.text) referenced from startup_stm32h745xx.o(RESET)
 <LI><a href="#[5]">HardFault_Handler</a> from startup_stm32h745xx.o(.text) referenced from startup_stm32h745xx.o(RESET)
 <LI><a href="#[9f]">Host_ComPrepareFrameJtcStatus</a> from com.o(i.Host_ComPrepareFrameJtcStatus) referenced from com.o(i.Host_ComConf)
 <LI><a href="#[2d]">I2C1_ER_IRQHandler</a> from startup_stm32h745xx.o(.text) referenced from startup_stm32h745xx.o(RESET)
 <LI><a href="#[2c]">I2C1_EV_IRQHandler</a> from startup_stm32h745xx.o(.text) referenced from startup_stm32h745xx.o(RESET)
 <LI><a href="#[2f]">I2C2_ER_IRQHandler</a> from startup_stm32h745xx.o(.text) referenced from startup_stm32h745xx.o(RESET)
 <LI><a href="#[2e]">I2C2_EV_IRQHandler</a> from startup_stm32h745xx.o(.text) referenced from startup_stm32h745xx.o(RESET)
 <LI><a href="#[53]">I2C3_ER_IRQHandler</a> from startup_stm32h745xx.o(.text) referenced from startup_stm32h745xx.o(RESET)
 <LI><a href="#[52]">I2C3_EV_IRQHandler</a> from startup_stm32h745xx.o(.text) referenced from startup_stm32h745xx.o(RESET)
 <LI><a href="#[69]">I2C4_ER_IRQHandler</a> from startup_stm32h745xx.o(.text) referenced from startup_stm32h745xx.o(RESET)
 <LI><a href="#[68]">I2C4_EV_IRQHandler</a> from startup_stm32h745xx.o(.text) referenced from startup_stm32h745xx.o(RESET)
 <LI><a href="#[82]">JPEG_IRQHandler</a> from startup_stm32h745xx.o(.text) referenced from startup_stm32h745xx.o(RESET)
 <LI><a href="#[66]">LPTIM1_IRQHandler</a> from startup_stm32h745xx.o(.text) referenced from startup_stm32h745xx.o(RESET)
 <LI><a href="#[92]">LPTIM2_IRQHandler</a> from startup_stm32h745xx.o(.text) referenced from startup_stm32h745xx.o(RESET)
 <LI><a href="#[93]">LPTIM3_IRQHandler</a> from startup_stm32h745xx.o(.text) referenced from startup_stm32h745xx.o(RESET)
 <LI><a href="#[94]">LPTIM4_IRQHandler</a> from startup_stm32h745xx.o(.text) referenced from startup_stm32h745xx.o(RESET)
 <LI><a href="#[95]">LPTIM5_IRQHandler</a> from startup_stm32h745xx.o(.text) referenced from startup_stm32h745xx.o(RESET)
 <LI><a href="#[96]">LPUART1_IRQHandler</a> from startup_stm32h745xx.o(.text) referenced from startup_stm32h745xx.o(RESET)
 <LI><a href="#[62]">LTDC_ER_IRQHandler</a> from startup_stm32h745xx.o(.text) referenced from startup_stm32h745xx.o(RESET)
 <LI><a href="#[61]">LTDC_IRQHandler</a> from startup_stm32h745xx.o(.text) referenced from startup_stm32h745xx.o(RESET)
 <LI><a href="#[81]">MDIOS_IRQHandler</a> from startup_stm32h745xx.o(.text) referenced from startup_stm32h745xx.o(RESET)
 <LI><a href="#[80]">MDIOS_WKUP_IRQHandler</a> from startup_stm32h745xx.o(.text) referenced from startup_stm32h745xx.o(RESET)
 <LI><a href="#[83]">MDMA_IRQHandler</a> from startup_stm32h745xx.o(.text) referenced from startup_stm32h745xx.o(RESET)
 <LI><a href="#[6]">MemManage_Handler</a> from startup_stm32h745xx.o(.text) referenced from startup_stm32h745xx.o(RESET)
 <LI><a href="#[4]">NMI_Handler</a> from startup_stm32h745xx.o(.text) referenced from startup_stm32h745xx.o(RESET)
 <LI><a href="#[6c]">OTG_FS_EP1_IN_IRQHandler</a> from startup_stm32h745xx.o(.text) referenced from startup_stm32h745xx.o(RESET)
 <LI><a href="#[6b]">OTG_FS_EP1_OUT_IRQHandler</a> from startup_stm32h745xx.o(.text) referenced from startup_stm32h745xx.o(RESET)
 <LI><a href="#[6e]">OTG_FS_IRQHandler</a> from startup_stm32h745xx.o(.text) referenced from startup_stm32h745xx.o(RESET)
 <LI><a href="#[6d]">OTG_FS_WKUP_IRQHandler</a> from startup_stm32h745xx.o(.text) referenced from startup_stm32h745xx.o(RESET)
 <LI><a href="#[55]">OTG_HS_EP1_IN_IRQHandler</a> from startup_stm32h745xx.o(.text) referenced from startup_stm32h745xx.o(RESET)
 <LI><a href="#[54]">OTG_HS_EP1_OUT_IRQHandler</a> from startup_stm32h745xx.o(.text) referenced from startup_stm32h745xx.o(RESET)
 <LI><a href="#[57]">OTG_HS_IRQHandler</a> from startup_stm32h745xx.o(.text) referenced from startup_stm32h745xx.o(RESET)
 <LI><a href="#[56]">OTG_HS_WKUP_IRQHandler</a> from startup_stm32h745xx.o(.text) referenced from startup_stm32h745xx.o(RESET)
 <LI><a href="#[e]">PVD_AVD_IRQHandler</a> from startup_stm32h745xx.o(.text) referenced from startup_stm32h745xx.o(RESET)
 <LI><a href="#[b]">PendSV_Handler</a> from startup_stm32h745xx.o(.text) referenced from startup_stm32h745xx.o(RESET)
 <LI><a href="#[65]">QUADSPI_IRQHandler</a> from startup_stm32h745xx.o(.text) referenced from startup_stm32h745xx.o(RESET)
 <LI><a href="#[12]">RCC_IRQHandler</a> from startup_stm32h745xx.o(.text) referenced from startup_stm32h745xx.o(RESET)
 <LI><a href="#[59]">RNG_IRQHandler</a> from startup_stm32h745xx.o(.text) referenced from startup_stm32h745xx.o(RESET)
 <LI><a href="#[36]">RTC_Alarm_IRQHandler</a> from startup_stm32h745xx.o(.text) referenced from startup_stm32h745xx.o(RESET)
 <LI><a href="#[10]">RTC_WKUP_IRQHandler</a> from startup_stm32h745xx.o(.text) referenced from startup_stm32h745xx.o(RESET)
 <LI><a href="#[3]">Reset_Handler</a> from startup_stm32h745xx.o(.text) referenced from startup_stm32h745xx.o(RESET)
 <LI><a href="#[60]">SAI1_IRQHandler</a> from startup_stm32h745xx.o(.text) referenced from startup_stm32h745xx.o(RESET)
 <LI><a href="#[64]">SAI2_IRQHandler</a> from startup_stm32h745xx.o(.text) referenced from startup_stm32h745xx.o(RESET)
 <LI><a href="#[7b]">SAI3_IRQHandler</a> from startup_stm32h745xx.o(.text) referenced from startup_stm32h745xx.o(RESET)
 <LI><a href="#[9a]">SAI4_IRQHandler</a> from startup_stm32h745xx.o(.text) referenced from startup_stm32h745xx.o(RESET)
 <LI><a href="#[3d]">SDMMC1_IRQHandler</a> from startup_stm32h745xx.o(.text) referenced from startup_stm32h745xx.o(RESET)
 <LI><a href="#[84]">SDMMC2_IRQHandler</a> from startup_stm32h745xx.o(.text) referenced from startup_stm32h745xx.o(RESET)
 <LI><a href="#[6a]">SPDIF_RX_IRQHandler</a> from startup_stm32h745xx.o(.text) referenced from startup_stm32h745xx.o(RESET)
 <LI><a href="#[30]">SPI1_IRQHandler</a> from startup_stm32h745xx.o(.text) referenced from startup_stm32h745xx.o(RESET)
 <LI><a href="#[31]">SPI2_IRQHandler</a> from startup_stm32h745xx.o(.text) referenced from startup_stm32h745xx.o(RESET)
 <LI><a href="#[3f]">SPI3_IRQHandler</a> from startup_stm32h745xx.o(.text) referenced from startup_stm32h745xx.o(RESET)
 <LI><a href="#[5d]">SPI4_IRQHandler</a> from startup_stm32h745xx.o(.text) referenced from startup_stm32h745xx.o(RESET)
 <LI><a href="#[5e]">SPI5_IRQHandler</a> from startup_stm32h745xx.o(.text) referenced from startup_stm32h745xx.o(RESET)
 <LI><a href="#[5f]">SPI6_IRQHandler</a> from startup_stm32h745xx.o(.text) referenced from startup_stm32h745xx.o(RESET)
 <LI><a href="#[9]">SVC_Handler</a> from startup_stm32h745xx.o(.text) referenced from startup_stm32h745xx.o(RESET)
 <LI><a href="#[7c]">SWPMI1_IRQHandler</a> from startup_stm32h745xx.o(.text) referenced from startup_stm32h745xx.o(RESET)
 <LI><a href="#[c]">SysTick_Handler</a> from control.o(i.SysTick_Handler) referenced from startup_stm32h745xx.o(RESET)
 <LI><a href="#[9d]">SystemInit</a> from system_stm32h7xx.o(i.SystemInit) referenced from startup_stm32h745xx.o(.text)
 <LI><a href="#[f]">TAMP_STAMP_IRQHandler</a> from startup_stm32h745xx.o(.text) referenced from startup_stm32h745xx.o(RESET)
 <LI><a href="#[7d]">TIM15_IRQHandler</a> from startup_stm32h745xx.o(.text) referenced from startup_stm32h745xx.o(RESET)
 <LI><a href="#[7e]">TIM16_IRQHandler</a> from startup_stm32h745xx.o(.text) referenced from startup_stm32h745xx.o(RESET)
 <LI><a href="#[7f]">TIM17_IRQHandler</a> from startup_stm32h745xx.o(.text) referenced from startup_stm32h745xx.o(RESET)
 <LI><a href="#[25]">TIM1_BRK_IRQHandler</a> from startup_stm32h745xx.o(.text) referenced from startup_stm32h745xx.o(RESET)
 <LI><a href="#[28]">TIM1_CC_IRQHandler</a> from startup_stm32h745xx.o(.text) referenced from startup_stm32h745xx.o(RESET)
 <LI><a href="#[27]">TIM1_TRG_COM_IRQHandler</a> from startup_stm32h745xx.o(.text) referenced from startup_stm32h745xx.o(RESET)
 <LI><a href="#[26]">TIM1_UP_IRQHandler</a> from startup_stm32h745xx.o(.text) referenced from startup_stm32h745xx.o(RESET)
 <LI><a href="#[29]">TIM2_IRQHandler</a> from startup_stm32h745xx.o(.text) referenced from startup_stm32h745xx.o(RESET)
 <LI><a href="#[2a]">TIM3_IRQHandler</a> from startup_stm32h745xx.o(.text) referenced from startup_stm32h745xx.o(RESET)
 <LI><a href="#[2b]">TIM4_IRQHandler</a> from startup_stm32h745xx.o(.text) referenced from startup_stm32h745xx.o(RESET)
 <LI><a href="#[3e]">TIM5_IRQHandler</a> from startup_stm32h745xx.o(.text) referenced from startup_stm32h745xx.o(RESET)
 <LI><a href="#[42]">TIM6_DAC_IRQHandler</a> from com.o(i.TIM6_DAC_IRQHandler) referenced from startup_stm32h745xx.o(RESET)
 <LI><a href="#[43]">TIM7_IRQHandler</a> from control.o(i.TIM7_IRQHandler) referenced from startup_stm32h745xx.o(RESET)
 <LI><a href="#[37]">TIM8_BRK_TIM12_IRQHandler</a> from startup_stm32h745xx.o(.text) referenced from startup_stm32h745xx.o(RESET)
 <LI><a href="#[3a]">TIM8_CC_IRQHandler</a> from startup_stm32h745xx.o(.text) referenced from startup_stm32h745xx.o(RESET)
 <LI><a href="#[39]">TIM8_TRG_COM_TIM14_IRQHandler</a> from startup_stm32h745xx.o(.text) referenced from startup_stm32h745xx.o(RESET)
 <LI><a href="#[38]">TIM8_UP_TIM13_IRQHandler</a> from com.o(i.TIM8_UP_TIM13_IRQHandler) referenced from startup_stm32h745xx.o(RESET)
 <LI><a href="#[40]">UART4_IRQHandler</a> from startup_stm32h745xx.o(.text) referenced from startup_stm32h745xx.o(RESET)
 <LI><a href="#[41]">UART5_IRQHandler</a> from startup_stm32h745xx.o(.text) referenced from startup_stm32h745xx.o(RESET)
 <LI><a href="#[5b]">UART7_IRQHandler</a> from startup_stm32h745xx.o(.text) referenced from startup_stm32h745xx.o(RESET)
 <LI><a href="#[5c]">UART8_IRQHandler</a> from startup_stm32h745xx.o(.text) referenced from startup_stm32h745xx.o(RESET)
 <LI><a href="#[32]">USART1_IRQHandler</a> from startup_stm32h745xx.o(.text) referenced from startup_stm32h745xx.o(RESET)
 <LI><a href="#[33]">USART2_IRQHandler</a> from com.o(i.USART2_IRQHandler) referenced from startup_stm32h745xx.o(RESET)
 <LI><a href="#[34]">USART3_IRQHandler</a> from com.o(i.USART3_IRQHandler) referenced from startup_stm32h745xx.o(RESET)
 <LI><a href="#[51]">USART6_IRQHandler</a> from startup_stm32h745xx.o(.text) referenced from startup_stm32h745xx.o(RESET)
 <LI><a href="#[8]">UsageFault_Handler</a> from startup_stm32h745xx.o(.text) referenced from startup_stm32h745xx.o(RESET)
 <LI><a href="#[9c]">WAKEUP_PIN_IRQHandler</a> from startup_stm32h745xx.o(.text) referenced from startup_stm32h745xx.o(RESET)
 <LI><a href="#[d]">WWDG_IRQHandler</a> from startup_stm32h745xx.o(.text) referenced from startup_stm32h745xx.o(RESET)
 <LI><a href="#[97]">WWDG_RST_IRQHandler</a> from startup_stm32h745xx.o(.text) referenced from startup_stm32h745xx.o(RESET)
 <LI><a href="#[a3]">__main</a> from __main.o(!!!main) referenced from startup_stm32h745xx.o(.text)
</UL>
<P>
<H3>
Global Symbols
</H3>
<P><STRONG><a name="[df]"></a>Can_Conf</STRONG> (Thumb, 30 bytes, Stack size 8 bytes, can.o(i.Can_Conf))
<BR><BR>[Stack]<UL><LI>Max Depth = 36<LI>Call Chain = Can_Conf &rArr; Can_FiltersConf
</UL>
<BR>[Calls]<UL><LI><a href="#[e2]">&gt;&gt;</a>&nbsp;&nbsp;&nbsp;Can_TxBufferConf
<LI><a href="#[e0]">&gt;&gt;</a>&nbsp;&nbsp;&nbsp;Can_StructConf
<LI><a href="#[e1]">&gt;&gt;</a>&nbsp;&nbsp;&nbsp;Can_FiltersConf
<LI><a href="#[e3]">&gt;&gt;</a>&nbsp;&nbsp;&nbsp;Can_FdcanConf
</UL>
<BR>[Called By]<UL><LI><a href="#[dc]">&gt;&gt;</a>&nbsp;&nbsp;&nbsp;Control_SystemConf
</UL>

<P><STRONG><a name="[e9]"></a>Can_SendDataToJoints</STRONG> (Thumb, 80 bytes, Stack size 8 bytes, can.o(i.Can_SendDataToJoints))
<BR><BR>[Stack]<UL><LI>Max Depth = 24<LI>Call Chain = Can_SendDataToJoints &rArr; Can_SendFrameToJoints
</UL>
<BR>[Calls]<UL><LI><a href="#[ea]">&gt;&gt;</a>&nbsp;&nbsp;&nbsp;Can_SendFrameToJoints
<LI><a href="#[dd]">&gt;&gt;</a>&nbsp;&nbsp;&nbsp;Can_CheckStatus
</UL>
<BR>[Called By]<UL><LI><a href="#[f0]">&gt;&gt;</a>&nbsp;&nbsp;&nbsp;Control_JtcAct
</UL>

<P><STRONG><a name="[ca]"></a>Control_ClearCurrentErrors</STRONG> (Thumb, 18 bytes, Stack size 8 bytes, control.o(i.Control_ClearCurrentErrors))
<BR><BR>[Stack]<UL><LI>Max Depth = 32<LI>Call Chain = Control_ClearCurrentErrors &rArr; Control_CheckErrorFlags
</UL>
<BR>[Calls]<UL><LI><a href="#[ee]">&gt;&gt;</a>&nbsp;&nbsp;&nbsp;Control_ClearErrorSourceVariables
<LI><a href="#[ef]">&gt;&gt;</a>&nbsp;&nbsp;&nbsp;Control_ClearErrorFlags
<LI><a href="#[eb]">&gt;&gt;</a>&nbsp;&nbsp;&nbsp;Control_CheckErrorFlags
</UL>
<BR>[Called By]<UL><LI><a href="#[c8]">&gt;&gt;</a>&nbsp;&nbsp;&nbsp;Host_ComReadFromHost (via Veneer)
</UL>

<P><STRONG><a name="[cb]"></a>Control_ClearOccuredErrors</STRONG> (Thumb, 46 bytes, Stack size 8 bytes, control.o(i.Control_ClearOccuredErrors))
<BR><BR>[Stack]<UL><LI>Max Depth = 32<LI>Call Chain = Control_ClearOccuredErrors &rArr; Control_CheckErrorFlags
</UL>
<BR>[Calls]<UL><LI><a href="#[ee]">&gt;&gt;</a>&nbsp;&nbsp;&nbsp;Control_ClearErrorSourceVariables
<LI><a href="#[ef]">&gt;&gt;</a>&nbsp;&nbsp;&nbsp;Control_ClearErrorFlags
<LI><a href="#[eb]">&gt;&gt;</a>&nbsp;&nbsp;&nbsp;Control_CheckErrorFlags
</UL>
<BR>[Called By]<UL><LI><a href="#[c8]">&gt;&gt;</a>&nbsp;&nbsp;&nbsp;Host_ComReadFromHost (via Veneer)
</UL>

<P><STRONG><a name="[cd]"></a>Control_SetDefualtArmModel</STRONG> (Thumb, 868 bytes, Stack size 48 bytes, control.o(i.Control_SetDefualtArmModel))
<BR><BR>[Stack]<UL><LI>Max Depth = 48<LI>Call Chain = Control_SetDefualtArmModel
</UL>
<BR>[Calls]<UL><LI><a href="#[108]">&gt;&gt;</a>&nbsp;&nbsp;&nbsp;Control_SetTable
</UL>
<BR>[Called By]<UL><LI><a href="#[dc]">&gt;&gt;</a>&nbsp;&nbsp;&nbsp;Control_SystemConf
<LI><a href="#[c8]">&gt;&gt;</a>&nbsp;&nbsp;&nbsp;Host_ComReadFromHost (via Veneer)
</UL>

<P><STRONG><a name="[dc]"></a>Control_SystemConf</STRONG> (Thumb, 262 bytes, Stack size 8 bytes, control.o(i.Control_SystemConf))
<BR><BR>[Stack]<UL><LI>Max Depth = 1392<LI>Call Chain = Control_SystemConf &rArr; RNEA_Conf &rArr; HRZ &rArr; __hardfp_sin &rArr; __ieee754_rem_pio2 &rArr; fabs
</UL>
<BR>[Calls]<UL><LI><a href="#[10b]">&gt;&gt;</a>&nbsp;&nbsp;&nbsp;Joints_SetStartValuesVariables
<LI><a href="#[10c]">&gt;&gt;</a>&nbsp;&nbsp;&nbsp;Control_TimerConf
<LI><a href="#[ed]">&gt;&gt;</a>&nbsp;&nbsp;&nbsp;Control_SafetyOutOff
<LI><a href="#[10a]">&gt;&gt;</a>&nbsp;&nbsp;&nbsp;Control_JtcVariableConf
<LI><a href="#[109]">&gt;&gt;</a>&nbsp;&nbsp;&nbsp;Control_ClockConf
<LI><a href="#[c1]">&gt;&gt;</a>&nbsp;&nbsp;&nbsp;RNEA_Conf
<LI><a href="#[cc]">&gt;&gt;</a>&nbsp;&nbsp;&nbsp;Joints_SetDefaultPidParam
<LI><a href="#[ce]">&gt;&gt;</a>&nbsp;&nbsp;&nbsp;Joints_SetDefaultFriction
<LI><a href="#[c7]">&gt;&gt;</a>&nbsp;&nbsp;&nbsp;Control_TrajClear
<LI><a href="#[cd]">&gt;&gt;</a>&nbsp;&nbsp;&nbsp;Control_SetDefualtArmModel
<LI><a href="#[bc]">&gt;&gt;</a>&nbsp;&nbsp;&nbsp;Host_ComConf (via Veneer)
<LI><a href="#[df]">&gt;&gt;</a>&nbsp;&nbsp;&nbsp;Can_Conf
</UL>
<BR>[Called By]<UL><LI><a href="#[af]">&gt;&gt;</a>&nbsp;&nbsp;&nbsp;main (via Veneer)
</UL>

<P><STRONG><a name="[c7]"></a>Control_TrajClear</STRONG> (Thumb, 92 bytes, Stack size 8 bytes, control.o(i.Control_TrajClear))
<BR><BR>[Stack]<UL><LI>Max Depth = 8<LI>Call Chain = Control_TrajClear
</UL>
<BR>[Calls]<UL><LI><a href="#[100]">&gt;&gt;</a>&nbsp;&nbsp;&nbsp;Control_TrajClearPointDouble
</UL>
<BR>[Called By]<UL><LI><a href="#[dc]">&gt;&gt;</a>&nbsp;&nbsp;&nbsp;Control_SystemConf
<LI><a href="#[f4]">&gt;&gt;</a>&nbsp;&nbsp;&nbsp;Control_JtcTeaching
<LI><a href="#[f3]">&gt;&gt;</a>&nbsp;&nbsp;&nbsp;Control_JtcInit
<LI><a href="#[f2]">&gt;&gt;</a>&nbsp;&nbsp;&nbsp;Control_JtcError
<LI><a href="#[c6]">&gt;&gt;</a>&nbsp;&nbsp;&nbsp;Host_ComReadFrameTrajectory (via Veneer)
</UL>

<P><STRONG><a name="[20]"></a>FDCAN1_IT0_IRQHandler</STRONG> (Thumb, 36 bytes, Stack size 8 bytes, can.o(i.FDCAN1_IT0_IRQHandler))
<BR><BR>[Stack]<UL><LI>Max Depth = 56<LI>Call Chain = FDCAN1_IT0_IRQHandler &rArr; Can_ReadFramesFromBuffer &rArr; Can_ReadFrameMoveResponse
</UL>
<BR>[Calls]<UL><LI><a href="#[10e]">&gt;&gt;</a>&nbsp;&nbsp;&nbsp;Can_SendFrameOccurred
<LI><a href="#[e5]">&gt;&gt;</a>&nbsp;&nbsp;&nbsp;Can_ReadFramesFromBuffer
</UL>
<BR>[Address Reference Count : 1]<UL><LI> startup_stm32h745xx.o(RESET)
</UL>
<P><STRONG><a name="[22]"></a>FDCAN1_IT1_IRQHandler</STRONG> (Thumb, 102 bytes, Stack size 0 bytes, can.o(i.FDCAN1_IT1_IRQHandler))
<BR>[Address Reference Count : 1]<UL><LI> startup_stm32h745xx.o(RESET)
</UL>
<P><STRONG><a name="[107]"></a>Joints_CalcFrictionCompensate</STRONG> (Thumb, 22 bytes, Stack size 0 bytes, joints.o(i.Joints_CalcFrictionCompensate))
<BR><BR>[Stack]<UL><LI>Max Depth = 52<LI>Call Chain = Joints_CalcFrictionCompensate &rArr; Joints_CalcFrictionCompensateTable
</UL>
<BR>[Calls]<UL><LI><a href="#[113]">&gt;&gt;</a>&nbsp;&nbsp;&nbsp;Joints_CalcFrictionCompensateTable
<LI><a href="#[114]">&gt;&gt;</a>&nbsp;&nbsp;&nbsp;Joints_CalcFrictionCompensatePolynomial
</UL>
<BR>[Called By]<UL><LI><a href="#[f6]">&gt;&gt;</a>&nbsp;&nbsp;&nbsp;Control_JtcOperate
</UL>

<P><STRONG><a name="[104]"></a>Joints_CalcInitRegsTorque</STRONG> (Thumb, 138 bytes, Stack size 0 bytes, joints.o(i.Joints_CalcInitRegsTorque))
<BR><BR>[Called By]<UL><LI><a href="#[f3]">&gt;&gt;</a>&nbsp;&nbsp;&nbsp;Control_JtcInit
</UL>

<P><STRONG><a name="[103]"></a>Joints_CalcPIDs</STRONG> (Thumb, 268 bytes, Stack size 16 bytes, joints.o(i.Joints_CalcPIDs))
<BR><BR>[Stack]<UL><LI>Max Depth = 16<LI>Call Chain = Joints_CalcPIDs
</UL>
<BR>[Called By]<UL><LI><a href="#[f6]">&gt;&gt;</a>&nbsp;&nbsp;&nbsp;Control_JtcOperate
<LI><a href="#[f5]">&gt;&gt;</a>&nbsp;&nbsp;&nbsp;Control_JtcHoldPos
</UL>

<P><STRONG><a name="[fd]"></a>Joints_ClearCanValues</STRONG> (Thumb, 44 bytes, Stack size 0 bytes, joints.o(i.Joints_ClearCanValues))
<BR><BR>[Called By]<UL><LI><a href="#[f2]">&gt;&gt;</a>&nbsp;&nbsp;&nbsp;Control_JtcError
</UL>

<P><STRONG><a name="[c4]"></a>Joints_FindMinMaxVelTempInFrictionTabeIdx</STRONG> (Thumb, 162 bytes, Stack size 8 bytes, joints.o(i.Joints_FindMinMaxVelTempInFrictionTabeIdx))
<BR><BR>[Stack]<UL><LI>Max Depth = 8<LI>Call Chain = Joints_FindMinMaxVelTempInFrictionTabeIdx
</UL>
<BR>[Called By]<UL><LI><a href="#[115]">&gt;&gt;</a>&nbsp;&nbsp;&nbsp;Joints_SetDefaultFrictionTable
<LI><a href="#[c3]">&gt;&gt;</a>&nbsp;&nbsp;&nbsp;Host_ComReadFrameFricionTable (via Veneer)
</UL>

<P><STRONG><a name="[ce]"></a>Joints_SetDefaultFriction</STRONG> (Thumb, 76 bytes, Stack size 8 bytes, joints.o(i.Joints_SetDefaultFriction))
<BR><BR>[Stack]<UL><LI>Max Depth = 64<LI>Call Chain = Joints_SetDefaultFriction &rArr; Joints_SetDefaultFrictionTable &rArr; Joints_FindMinMaxVelTempInFrictionTabeIdx
</UL>
<BR>[Calls]<UL><LI><a href="#[115]">&gt;&gt;</a>&nbsp;&nbsp;&nbsp;Joints_SetDefaultFrictionTable
</UL>
<BR>[Called By]<UL><LI><a href="#[dc]">&gt;&gt;</a>&nbsp;&nbsp;&nbsp;Control_SystemConf
<LI><a href="#[c8]">&gt;&gt;</a>&nbsp;&nbsp;&nbsp;Host_ComReadFromHost (via Veneer)
</UL>

<P><STRONG><a name="[cc]"></a>Joints_SetDefaultPidParam</STRONG> (Thumb, 228 bytes, Stack size 36 bytes, joints.o(i.Joints_SetDefaultPidParam))
<BR><BR>[Stack]<UL><LI>Max Depth = 36<LI>Call Chain = Joints_SetDefaultPidParam
</UL>
<BR>[Called By]<UL><LI><a href="#[dc]">&gt;&gt;</a>&nbsp;&nbsp;&nbsp;Control_SystemConf
<LI><a href="#[c8]">&gt;&gt;</a>&nbsp;&nbsp;&nbsp;Host_ComReadFromHost (via Veneer)
</UL>

<P><STRONG><a name="[fb]"></a>Joints_SetDefaultVariables</STRONG> (Thumb, 130 bytes, Stack size 12 bytes, joints.o(i.Joints_SetDefaultVariables))
<BR><BR>[Stack]<UL><LI>Max Depth = 12<LI>Call Chain = Joints_SetDefaultVariables
</UL>
<BR>[Called By]<UL><LI><a href="#[f3]">&gt;&gt;</a>&nbsp;&nbsp;&nbsp;Control_JtcInit
<LI><a href="#[f2]">&gt;&gt;</a>&nbsp;&nbsp;&nbsp;Control_JtcError
<LI><a href="#[f1]">&gt;&gt;</a>&nbsp;&nbsp;&nbsp;Control_JtcCheckState
</UL>

<P><STRONG><a name="[10b]"></a>Joints_SetStartValuesVariables</STRONG> (Thumb, 318 bytes, Stack size 84 bytes, joints.o(i.Joints_SetStartValuesVariables))
<BR><BR>[Stack]<UL><LI>Max Depth = 84<LI>Call Chain = Joints_SetStartValuesVariables
</UL>
<BR>[Called By]<UL><LI><a href="#[dc]">&gt;&gt;</a>&nbsp;&nbsp;&nbsp;Control_SystemConf
</UL>

<P><STRONG><a name="[102]"></a>RNEA_CalcTorques</STRONG> (Thumb, 5288 bytes, Stack size 2392 bytes, rnea.o(i.RNEA_CalcTorques))
<BR><BR>[Stack]<UL><LI>Max Depth = 2728<LI>Call Chain = RNEA_CalcTorques &rArr; HRZ &rArr; __hardfp_sin &rArr; __ieee754_rem_pio2 &rArr; fabs
</UL>
<BR>[Calls]<UL><LI><a href="#[11d]">&gt;&gt;</a>&nbsp;&nbsp;&nbsp;Vec3xScalar
<LI><a href="#[120]">&gt;&gt;</a>&nbsp;&nbsp;&nbsp;Vec3Zeros
<LI><a href="#[121]">&gt;&gt;</a>&nbsp;&nbsp;&nbsp;Vec3SubVec3
<LI><a href="#[11f]">&gt;&gt;</a>&nbsp;&nbsp;&nbsp;Vec3Cross
<LI><a href="#[11e]">&gt;&gt;</a>&nbsp;&nbsp;&nbsp;Vec3AddVec3
<LI><a href="#[11b]">&gt;&gt;</a>&nbsp;&nbsp;&nbsp;Mat4xMat4
<LI><a href="#[11a]">&gt;&gt;</a>&nbsp;&nbsp;&nbsp;Mat4ToMat3
<LI><a href="#[11c]">&gt;&gt;</a>&nbsp;&nbsp;&nbsp;Mat3xVec3
<LI><a href="#[118]">&gt;&gt;</a>&nbsp;&nbsp;&nbsp;Mat3xMat3
<LI><a href="#[117]">&gt;&gt;</a>&nbsp;&nbsp;&nbsp;Mat3Transpose
<LI><a href="#[116]">&gt;&gt;</a>&nbsp;&nbsp;&nbsp;Mat3Ones
<LI><a href="#[111]">&gt;&gt;</a>&nbsp;&nbsp;&nbsp;HRZ
<LI><a href="#[10d]">&gt;&gt;</a>&nbsp;&nbsp;&nbsp;__aeabi_memcpy4 (via Veneer)
</UL>
<BR>[Called By]<UL><LI><a href="#[f4]">&gt;&gt;</a>&nbsp;&nbsp;&nbsp;Control_JtcTeaching
<LI><a href="#[f6]">&gt;&gt;</a>&nbsp;&nbsp;&nbsp;Control_JtcOperate
<LI><a href="#[f3]">&gt;&gt;</a>&nbsp;&nbsp;&nbsp;Control_JtcInit
<LI><a href="#[f5]">&gt;&gt;</a>&nbsp;&nbsp;&nbsp;Control_JtcHoldPos
</UL>

<P><STRONG><a name="[c1]"></a>RNEA_Conf</STRONG> (Thumb, 3762 bytes, Stack size 1048 bytes, rnea.o(i.RNEA_Conf))
<BR><BR>[Stack]<UL><LI>Max Depth = 1384<LI>Call Chain = RNEA_Conf &rArr; HRZ &rArr; __hardfp_sin &rArr; __ieee754_rem_pio2 &rArr; fabs
</UL>
<BR>[Calls]<UL><LI><a href="#[121]">&gt;&gt;</a>&nbsp;&nbsp;&nbsp;Vec3SubVec3
<LI><a href="#[11b]">&gt;&gt;</a>&nbsp;&nbsp;&nbsp;Mat4xMat4
<LI><a href="#[122]">&gt;&gt;</a>&nbsp;&nbsp;&nbsp;Mat4ToVec3
<LI><a href="#[11a]">&gt;&gt;</a>&nbsp;&nbsp;&nbsp;Mat4ToMat3
<LI><a href="#[119]">&gt;&gt;</a>&nbsp;&nbsp;&nbsp;Mat4Ones
<LI><a href="#[117]">&gt;&gt;</a>&nbsp;&nbsp;&nbsp;Mat3Transpose
<LI><a href="#[116]">&gt;&gt;</a>&nbsp;&nbsp;&nbsp;Mat3Ones
<LI><a href="#[112]">&gt;&gt;</a>&nbsp;&nbsp;&nbsp;HT
<LI><a href="#[111]">&gt;&gt;</a>&nbsp;&nbsp;&nbsp;HRZ
<LI><a href="#[110]">&gt;&gt;</a>&nbsp;&nbsp;&nbsp;HRY
<LI><a href="#[10f]">&gt;&gt;</a>&nbsp;&nbsp;&nbsp;HRX
<LI><a href="#[10d]">&gt;&gt;</a>&nbsp;&nbsp;&nbsp;__aeabi_memcpy4 (via Veneer)
</UL>
<BR>[Called By]<UL><LI><a href="#[dc]">&gt;&gt;</a>&nbsp;&nbsp;&nbsp;Control_SystemConf
<LI><a href="#[c8]">&gt;&gt;</a>&nbsp;&nbsp;&nbsp;Host_ComReadFromHost (via Veneer)
<LI><a href="#[c0]">&gt;&gt;</a>&nbsp;&nbsp;&nbsp;Host_ComReadFrameArmModel (via Veneer)
</UL>

<P><STRONG><a name="[c]"></a>SysTick_Handler</STRONG> (Thumb, 12 bytes, Stack size 0 bytes, control.o(i.SysTick_Handler))
<BR>[Address Reference Count : 1]<UL><LI> startup_stm32h745xx.o(RESET)
</UL>
<P><STRONG><a name="[43]"></a>TIM7_IRQHandler</STRONG> (Thumb, 24 bytes, Stack size 8 bytes, control.o(i.TIM7_IRQHandler))
<BR><BR>[Stack]<UL><LI>Max Depth = 2784<LI>Call Chain = TIM7_IRQHandler &rArr; Control_JtcAct &rArr; Control_JtcInit &rArr; RNEA_CalcTorques &rArr; HRZ &rArr; __hardfp_sin &rArr; __ieee754_rem_pio2 &rArr; fabs
</UL>
<BR>[Calls]<UL><LI><a href="#[f0]">&gt;&gt;</a>&nbsp;&nbsp;&nbsp;Control_JtcAct
</UL>
<BR>[Address Reference Count : 1]<UL><LI> startup_stm32h745xx.o(RESET)
</UL>
<P><STRONG><a name="[a3]"></a>__main</STRONG> (Thumb, 8 bytes, Stack size 0 bytes, __main.o(!!!main))
<BR><BR>[Calls]<UL><LI><a href="#[a4]">&gt;&gt;</a>&nbsp;&nbsp;&nbsp;__scatterload
<LI><a href="#[a5]">&gt;&gt;</a>&nbsp;&nbsp;&nbsp;__rt_entry
</UL>

<P><STRONG><a name="[a4]"></a>__scatterload</STRONG> (Thumb, 0 bytes, Stack size unknown bytes, __scatter.o(!!!scatter))
<BR><BR>[Called By]<UL><LI><a href="#[a3]">&gt;&gt;</a>&nbsp;&nbsp;&nbsp;__main
</UL>

<P><STRONG><a name="[a6]"></a>__scatterload_rt2</STRONG> (Thumb, 44 bytes, Stack size unknown bytes, __scatter.o(!!!scatter), UNUSED)
<BR><BR>[Calls]<UL><LI><a href="#[a5]">&gt;&gt;</a>&nbsp;&nbsp;&nbsp;__rt_entry
</UL>

<P><STRONG><a name="[123]"></a>__scatterload_rt2_thumb_only</STRONG> (Thumb, 0 bytes, Stack size unknown bytes, __scatter.o(!!!scatter), UNUSED)

<P><STRONG><a name="[124]"></a>__scatterload_null</STRONG> (Thumb, 0 bytes, Stack size unknown bytes, __scatter.o(!!!scatter), UNUSED)

<P><STRONG><a name="[125]"></a>__decompress</STRONG> (Thumb, 90 bytes, Stack size unknown bytes, __dczerorl2.o(!!dczerorl2), UNUSED)

<P><STRONG><a name="[126]"></a>__decompress1</STRONG> (Thumb, 0 bytes, Stack size unknown bytes, __dczerorl2.o(!!dczerorl2), UNUSED)

<P><STRONG><a name="[a7]"></a>__scatterload_copy</STRONG> (Thumb, 26 bytes, Stack size unknown bytes, __scatter_copy.o(!!handler_copy), UNUSED)
<BR><BR>[Calls]<UL><LI><a href="#[a7]">&gt;&gt;</a>&nbsp;&nbsp;&nbsp;__scatterload_copy
</UL>
<BR>[Called By]<UL><LI><a href="#[a7]">&gt;&gt;</a>&nbsp;&nbsp;&nbsp;__scatterload_copy
</UL>

<P><STRONG><a name="[127]"></a>__scatterload_zeroinit</STRONG> (Thumb, 28 bytes, Stack size unknown bytes, __scatter_zi.o(!!handler_zi), UNUSED)

<P><STRONG><a name="[ad]"></a>__rt_lib_init</STRONG> (Thumb, 0 bytes, Stack size unknown bytes, libinit.o(.ARM.Collect$$libinit$$00000000))
<BR><BR>[Called By]<UL><LI><a href="#[ac]">&gt;&gt;</a>&nbsp;&nbsp;&nbsp;__rt_entry_li
</UL>

<P><STRONG><a name="[a8]"></a>__rt_lib_init_fp_1</STRONG> (Thumb, 0 bytes, Stack size unknown bytes, libinit2.o(.ARM.Collect$$libinit$$00000001))
<BR><BR>[Calls]<UL><LI><a href="#[a9]">&gt;&gt;</a>&nbsp;&nbsp;&nbsp;_fp_init
</UL>

<P><STRONG><a name="[128]"></a>__rt_lib_init_alloca_1</STRONG> (Thumb, 0 bytes, Stack size unknown bytes, libinit2.o(.ARM.Collect$$libinit$$0000002E))

<P><STRONG><a name="[129]"></a>__rt_lib_init_argv_1</STRONG> (Thumb, 0 bytes, Stack size unknown bytes, libinit2.o(.ARM.Collect$$libinit$$0000002C))

<P><STRONG><a name="[12a]"></a>__rt_lib_init_atexit_1</STRONG> (Thumb, 0 bytes, Stack size unknown bytes, libinit2.o(.ARM.Collect$$libinit$$0000001B))

<P><STRONG><a name="[12b]"></a>__rt_lib_init_clock_1</STRONG> (Thumb, 0 bytes, Stack size unknown bytes, libinit2.o(.ARM.Collect$$libinit$$00000021))

<P><STRONG><a name="[12c]"></a>__rt_lib_init_cpp_1</STRONG> (Thumb, 0 bytes, Stack size unknown bytes, libinit2.o(.ARM.Collect$$libinit$$00000032))

<P><STRONG><a name="[12d]"></a>__rt_lib_init_exceptions_1</STRONG> (Thumb, 0 bytes, Stack size unknown bytes, libinit2.o(.ARM.Collect$$libinit$$00000030))

<P><STRONG><a name="[12e]"></a>__rt_lib_init_fp_trap_1</STRONG> (Thumb, 0 bytes, Stack size unknown bytes, libinit2.o(.ARM.Collect$$libinit$$0000001F))

<P><STRONG><a name="[12f]"></a>__rt_lib_init_getenv_1</STRONG> (Thumb, 0 bytes, Stack size unknown bytes, libinit2.o(.ARM.Collect$$libinit$$00000023))

<P><STRONG><a name="[130]"></a>__rt_lib_init_heap_1</STRONG> (Thumb, 0 bytes, Stack size unknown bytes, libinit2.o(.ARM.Collect$$libinit$$0000000A))

<P><STRONG><a name="[131]"></a>__rt_lib_init_lc_collate_1</STRONG> (Thumb, 0 bytes, Stack size unknown bytes, libinit2.o(.ARM.Collect$$libinit$$00000011))

<P><STRONG><a name="[132]"></a>__rt_lib_init_lc_ctype_1</STRONG> (Thumb, 0 bytes, Stack size unknown bytes, libinit2.o(.ARM.Collect$$libinit$$00000013))

<P><STRONG><a name="[133]"></a>__rt_lib_init_lc_monetary_1</STRONG> (Thumb, 0 bytes, Stack size unknown bytes, libinit2.o(.ARM.Collect$$libinit$$00000015))

<P><STRONG><a name="[134]"></a>__rt_lib_init_lc_numeric_1</STRONG> (Thumb, 0 bytes, Stack size unknown bytes, libinit2.o(.ARM.Collect$$libinit$$00000017))

<P><STRONG><a name="[135]"></a>__rt_lib_init_lc_time_1</STRONG> (Thumb, 0 bytes, Stack size unknown bytes, libinit2.o(.ARM.Collect$$libinit$$00000019))

<P><STRONG><a name="[136]"></a>__rt_lib_init_preinit_1</STRONG> (Thumb, 0 bytes, Stack size unknown bytes, libinit2.o(.ARM.Collect$$libinit$$00000004))

<P><STRONG><a name="[137]"></a>__rt_lib_init_rand_1</STRONG> (Thumb, 0 bytes, Stack size unknown bytes, libinit2.o(.ARM.Collect$$libinit$$0000000E))

<P><STRONG><a name="[138]"></a>__rt_lib_init_return</STRONG> (Thumb, 0 bytes, Stack size unknown bytes, libinit2.o(.ARM.Collect$$libinit$$00000033))

<P><STRONG><a name="[139]"></a>__rt_lib_init_signal_1</STRONG> (Thumb, 0 bytes, Stack size unknown bytes, libinit2.o(.ARM.Collect$$libinit$$0000001D))

<P><STRONG><a name="[13a]"></a>__rt_lib_init_stdio_1</STRONG> (Thumb, 0 bytes, Stack size unknown bytes, libinit2.o(.ARM.Collect$$libinit$$00000025))

<P><STRONG><a name="[13b]"></a>__rt_lib_init_user_alloc_1</STRONG> (Thumb, 0 bytes, Stack size unknown bytes, libinit2.o(.ARM.Collect$$libinit$$0000000C))

<P><STRONG><a name="[b2]"></a>__rt_lib_shutdown</STRONG> (Thumb, 0 bytes, Stack size unknown bytes, libshutdown.o(.ARM.Collect$$libshutdown$$00000000))
<BR><BR>[Called By]<UL><LI><a href="#[b1]">&gt;&gt;</a>&nbsp;&nbsp;&nbsp;__rt_exit_ls
</UL>

<P><STRONG><a name="[13c]"></a>__rt_lib_shutdown_cpp_1</STRONG> (Thumb, 0 bytes, Stack size unknown bytes, libshutdown2.o(.ARM.Collect$$libshutdown$$00000004))

<P><STRONG><a name="[13d]"></a>__rt_lib_shutdown_fini_1</STRONG> (Thumb, 0 bytes, Stack size unknown bytes, libshutdown2.o(.ARM.Collect$$libshutdown$$00000002))

<P><STRONG><a name="[13e]"></a>__rt_lib_shutdown_fp_trap_1</STRONG> (Thumb, 0 bytes, Stack size unknown bytes, libshutdown2.o(.ARM.Collect$$libshutdown$$00000009))

<P><STRONG><a name="[13f]"></a>__rt_lib_shutdown_heap_1</STRONG> (Thumb, 0 bytes, Stack size unknown bytes, libshutdown2.o(.ARM.Collect$$libshutdown$$00000011))

<P><STRONG><a name="[140]"></a>__rt_lib_shutdown_return</STRONG> (Thumb, 0 bytes, Stack size unknown bytes, libshutdown2.o(.ARM.Collect$$libshutdown$$00000012))

<P><STRONG><a name="[141]"></a>__rt_lib_shutdown_signal_1</STRONG> (Thumb, 0 bytes, Stack size unknown bytes, libshutdown2.o(.ARM.Collect$$libshutdown$$0000000C))

<P><STRONG><a name="[142]"></a>__rt_lib_shutdown_stdio_1</STRONG> (Thumb, 0 bytes, Stack size unknown bytes, libshutdown2.o(.ARM.Collect$$libshutdown$$00000006))

<P><STRONG><a name="[143]"></a>__rt_lib_shutdown_user_alloc_1</STRONG> (Thumb, 0 bytes, Stack size unknown bytes, libshutdown2.o(.ARM.Collect$$libshutdown$$0000000E))

<P><STRONG><a name="[a5]"></a>__rt_entry</STRONG> (Thumb, 0 bytes, Stack size unknown bytes, __rtentry.o(.ARM.Collect$$rtentry$$00000000))
<BR><BR>[Called By]<UL><LI><a href="#[a6]">&gt;&gt;</a>&nbsp;&nbsp;&nbsp;__scatterload_rt2
<LI><a href="#[a3]">&gt;&gt;</a>&nbsp;&nbsp;&nbsp;__main
</UL>

<P><STRONG><a name="[144]"></a>__rt_entry_presh_1</STRONG> (Thumb, 0 bytes, Stack size unknown bytes, __rtentry2.o(.ARM.Collect$$rtentry$$00000002))

<P><STRONG><a name="[aa]"></a>__rt_entry_sh</STRONG> (Thumb, 0 bytes, Stack size unknown bytes, __rtentry4.o(.ARM.Collect$$rtentry$$00000004))
<BR><BR>[Stack]<UL><LI>Max Depth = 8 + Unknown Stack Size
<LI>Call Chain = __rt_entry_sh &rArr; __user_setup_stackheap
</UL>
<BR>[Calls]<UL><LI><a href="#[ab]">&gt;&gt;</a>&nbsp;&nbsp;&nbsp;__user_setup_stackheap
</UL>

<P><STRONG><a name="[ac]"></a>__rt_entry_li</STRONG> (Thumb, 0 bytes, Stack size unknown bytes, __rtentry2.o(.ARM.Collect$$rtentry$$0000000A))
<BR><BR>[Calls]<UL><LI><a href="#[ad]">&gt;&gt;</a>&nbsp;&nbsp;&nbsp;__rt_lib_init
</UL>

<P><STRONG><a name="[145]"></a>__rt_entry_postsh_1</STRONG> (Thumb, 0 bytes, Stack size unknown bytes, __rtentry2.o(.ARM.Collect$$rtentry$$00000009))

<P><STRONG><a name="[ae]"></a>__rt_entry_main</STRONG> (Thumb, 0 bytes, Stack size unknown bytes, __rtentry2.o(.ARM.Collect$$rtentry$$0000000D))
<BR><BR>[Stack]<UL><LI>Max Depth = 1392 + Unknown Stack Size
<LI>Call Chain = __rt_entry_main &rArr; main &rArr; Control_SystemConf &rArr; RNEA_Conf &rArr; HRZ &rArr; __hardfp_sin &rArr; __ieee754_rem_pio2 &rArr; fabs
</UL>
<BR>[Calls]<UL><LI><a href="#[af]">&gt;&gt;</a>&nbsp;&nbsp;&nbsp;main
<LI><a href="#[b0]">&gt;&gt;</a>&nbsp;&nbsp;&nbsp;exit
</UL>

<P><STRONG><a name="[146]"></a>__rt_entry_postli_1</STRONG> (Thumb, 0 bytes, Stack size unknown bytes, __rtentry2.o(.ARM.Collect$$rtentry$$0000000C))

<P><STRONG><a name="[ba]"></a>__rt_exit</STRONG> (Thumb, 0 bytes, Stack size unknown bytes, rtexit.o(.ARM.Collect$$rtexit$$00000000))
<BR><BR>[Called By]<UL><LI><a href="#[b0]">&gt;&gt;</a>&nbsp;&nbsp;&nbsp;exit
</UL>

<P><STRONG><a name="[b1]"></a>__rt_exit_ls</STRONG> (Thumb, 0 bytes, Stack size unknown bytes, rtexit2.o(.ARM.Collect$$rtexit$$00000003))
<BR><BR>[Calls]<UL><LI><a href="#[b2]">&gt;&gt;</a>&nbsp;&nbsp;&nbsp;__rt_lib_shutdown
</UL>

<P><STRONG><a name="[147]"></a>__rt_exit_prels_1</STRONG> (Thumb, 0 bytes, Stack size unknown bytes, rtexit2.o(.ARM.Collect$$rtexit$$00000002))

<P><STRONG><a name="[b3]"></a>__rt_exit_exit</STRONG> (Thumb, 0 bytes, Stack size unknown bytes, rtexit2.o(.ARM.Collect$$rtexit$$00000004))
<BR><BR>[Calls]<UL><LI><a href="#[b4]">&gt;&gt;</a>&nbsp;&nbsp;&nbsp;_sys_exit
</UL>

<P><STRONG><a name="[3]"></a>Reset_Handler</STRONG> (Thumb, 8 bytes, Stack size 0 bytes, startup_stm32h745xx.o(.text))
<BR>[Address Reference Count : 1]<UL><LI> startup_stm32h745xx.o(RESET)
</UL>
<P><STRONG><a name="[4]"></a>NMI_Handler</STRONG> (Thumb, 2 bytes, Stack size 0 bytes, startup_stm32h745xx.o(.text))
<BR><BR>[Calls]<UL><LI><a href="#[4]">&gt;&gt;</a>&nbsp;&nbsp;&nbsp;NMI_Handler
</UL>
<BR>[Called By]<UL><LI><a href="#[4]">&gt;&gt;</a>&nbsp;&nbsp;&nbsp;NMI_Handler
</UL>
<BR>[Address Reference Count : 1]<UL><LI> startup_stm32h745xx.o(RESET)
</UL>
<P><STRONG><a name="[5]"></a>HardFault_Handler</STRONG> (Thumb, 2 bytes, Stack size 0 bytes, startup_stm32h745xx.o(.text))
<BR><BR>[Calls]<UL><LI><a href="#[5]">&gt;&gt;</a>&nbsp;&nbsp;&nbsp;HardFault_Handler
</UL>
<BR>[Called By]<UL><LI><a href="#[5]">&gt;&gt;</a>&nbsp;&nbsp;&nbsp;HardFault_Handler
</UL>
<BR>[Address Reference Count : 1]<UL><LI> startup_stm32h745xx.o(RESET)
</UL>
<P><STRONG><a name="[6]"></a>MemManage_Handler</STRONG> (Thumb, 2 bytes, Stack size 0 bytes, startup_stm32h745xx.o(.text))
<BR><BR>[Calls]<UL><LI><a href="#[6]">&gt;&gt;</a>&nbsp;&nbsp;&nbsp;MemManage_Handler
</UL>
<BR>[Called By]<UL><LI><a href="#[6]">&gt;&gt;</a>&nbsp;&nbsp;&nbsp;MemManage_Handler
</UL>
<BR>[Address Reference Count : 1]<UL><LI> startup_stm32h745xx.o(RESET)
</UL>
<P><STRONG><a name="[7]"></a>BusFault_Handler</STRONG> (Thumb, 2 bytes, Stack size 0 bytes, startup_stm32h745xx.o(.text))
<BR><BR>[Calls]<UL><LI><a href="#[7]">&gt;&gt;</a>&nbsp;&nbsp;&nbsp;BusFault_Handler
</UL>
<BR>[Called By]<UL><LI><a href="#[7]">&gt;&gt;</a>&nbsp;&nbsp;&nbsp;BusFault_Handler
</UL>
<BR>[Address Reference Count : 1]<UL><LI> startup_stm32h745xx.o(RESET)
</UL>
<P><STRONG><a name="[8]"></a>UsageFault_Handler</STRONG> (Thumb, 2 bytes, Stack size 0 bytes, startup_stm32h745xx.o(.text))
<BR><BR>[Calls]<UL><LI><a href="#[8]">&gt;&gt;</a>&nbsp;&nbsp;&nbsp;UsageFault_Handler
</UL>
<BR>[Called By]<UL><LI><a href="#[8]">&gt;&gt;</a>&nbsp;&nbsp;&nbsp;UsageFault_Handler
</UL>
<BR>[Address Reference Count : 1]<UL><LI> startup_stm32h745xx.o(RESET)
</UL>
<P><STRONG><a name="[9]"></a>SVC_Handler</STRONG> (Thumb, 2 bytes, Stack size 0 bytes, startup_stm32h745xx.o(.text))
<BR><BR>[Calls]<UL><LI><a href="#[9]">&gt;&gt;</a>&nbsp;&nbsp;&nbsp;SVC_Handler
</UL>
<BR>[Called By]<UL><LI><a href="#[9]">&gt;&gt;</a>&nbsp;&nbsp;&nbsp;SVC_Handler
</UL>
<BR>[Address Reference Count : 1]<UL><LI> startup_stm32h745xx.o(RESET)
</UL>
<P><STRONG><a name="[a]"></a>DebugMon_Handler</STRONG> (Thumb, 2 bytes, Stack size 0 bytes, startup_stm32h745xx.o(.text))
<BR><BR>[Calls]<UL><LI><a href="#[a]">&gt;&gt;</a>&nbsp;&nbsp;&nbsp;DebugMon_Handler
</UL>
<BR>[Called By]<UL><LI><a href="#[a]">&gt;&gt;</a>&nbsp;&nbsp;&nbsp;DebugMon_Handler
</UL>
<BR>[Address Reference Count : 1]<UL><LI> startup_stm32h745xx.o(RESET)
</UL>
<P><STRONG><a name="[b]"></a>PendSV_Handler</STRONG> (Thumb, 2 bytes, Stack size 0 bytes, startup_stm32h745xx.o(.text))
<BR><BR>[Calls]<UL><LI><a href="#[b]">&gt;&gt;</a>&nbsp;&nbsp;&nbsp;PendSV_Handler
</UL>
<BR>[Called By]<UL><LI><a href="#[b]">&gt;&gt;</a>&nbsp;&nbsp;&nbsp;PendSV_Handler
</UL>
<BR>[Address Reference Count : 1]<UL><LI> startup_stm32h745xx.o(RESET)
</UL>
<P><STRONG><a name="[87]"></a>ADC3_IRQHandler</STRONG> (Thumb, 0 bytes, Stack size 0 bytes, startup_stm32h745xx.o(.text))
<BR><BR>[Calls]<UL><LI><a href="#[87]">&gt;&gt;</a>&nbsp;&nbsp;&nbsp;ADC3_IRQHandler
</UL>
<BR>[Called By]<UL><LI><a href="#[87]">&gt;&gt;</a>&nbsp;&nbsp;&nbsp;ADC3_IRQHandler
</UL>
<BR>[Address Reference Count : 1]<UL><LI> startup_stm32h745xx.o(RESET)
</UL>
<P><STRONG><a name="[1f]"></a>ADC_IRQHandler</STRONG> (Thumb, 0 bytes, Stack size 0 bytes, startup_stm32h745xx.o(.text))
<BR>[Address Reference Count : 1]<UL><LI> startup_stm32h745xx.o(RESET)
</UL>
<P><STRONG><a name="[89]"></a>BDMA_Channel0_IRQHandler</STRONG> (Thumb, 0 bytes, Stack size 0 bytes, startup_stm32h745xx.o(.text))
<BR>[Address Reference Count : 1]<UL><LI> startup_stm32h745xx.o(RESET)
</UL>
<P><STRONG><a name="[8a]"></a>BDMA_Channel1_IRQHandler</STRONG> (Thumb, 0 bytes, Stack size 0 bytes, startup_stm32h745xx.o(.text))
<BR>[Address Reference Count : 1]<UL><LI> startup_stm32h745xx.o(RESET)
</UL>
<P><STRONG><a name="[8b]"></a>BDMA_Channel2_IRQHandler</STRONG> (Thumb, 0 bytes, Stack size 0 bytes, startup_stm32h745xx.o(.text))
<BR>[Address Reference Count : 1]<UL><LI> startup_stm32h745xx.o(RESET)
</UL>
<P><STRONG><a name="[8c]"></a>BDMA_Channel3_IRQHandler</STRONG> (Thumb, 0 bytes, Stack size 0 bytes, startup_stm32h745xx.o(.text))
<BR>[Address Reference Count : 1]<UL><LI> startup_stm32h745xx.o(RESET)
</UL>
<P><STRONG><a name="[8d]"></a>BDMA_Channel4_IRQHandler</STRONG> (Thumb, 0 bytes, Stack size 0 bytes, startup_stm32h745xx.o(.text))
<BR>[Address Reference Count : 1]<UL><LI> startup_stm32h745xx.o(RESET)
</UL>
<P><STRONG><a name="[8e]"></a>BDMA_Channel5_IRQHandler</STRONG> (Thumb, 0 bytes, Stack size 0 bytes, startup_stm32h745xx.o(.text))
<BR>[Address Reference Count : 1]<UL><LI> startup_stm32h745xx.o(RESET)
</UL>
<P><STRONG><a name="[8f]"></a>BDMA_Channel6_IRQHandler</STRONG> (Thumb, 0 bytes, Stack size 0 bytes, startup_stm32h745xx.o(.text))
<BR>[Address Reference Count : 1]<UL><LI> startup_stm32h745xx.o(RESET)
</UL>
<P><STRONG><a name="[90]"></a>BDMA_Channel7_IRQHandler</STRONG> (Thumb, 0 bytes, Stack size 0 bytes, startup_stm32h745xx.o(.text))
<BR>[Address Reference Count : 1]<UL><LI> startup_stm32h745xx.o(RESET)
</UL>
<P><STRONG><a name="[67]"></a>CEC_IRQHandler</STRONG> (Thumb, 0 bytes, Stack size 0 bytes, startup_stm32h745xx.o(.text))
<BR>[Address Reference Count : 1]<UL><LI> startup_stm32h745xx.o(RESET)
</UL>
<P><STRONG><a name="[4d]"></a>CM4_SEV_IRQHandler</STRONG> (Thumb, 0 bytes, Stack size 0 bytes, startup_stm32h745xx.o(.text))
<BR>[Address Reference Count : 1]<UL><LI> startup_stm32h745xx.o(RESET)
</UL>
<P><STRONG><a name="[4c]"></a>CM7_SEV_IRQHandler</STRONG> (Thumb, 0 bytes, Stack size 0 bytes, startup_stm32h745xx.o(.text))
<BR>[Address Reference Count : 1]<UL><LI> startup_stm32h745xx.o(RESET)
</UL>
<P><STRONG><a name="[91]"></a>COMP1_IRQHandler</STRONG> (Thumb, 0 bytes, Stack size 0 bytes, startup_stm32h745xx.o(.text))
<BR>[Address Reference Count : 1]<UL><LI> startup_stm32h745xx.o(RESET)
</UL>
<P><STRONG><a name="[98]"></a>CRS_IRQHandler</STRONG> (Thumb, 0 bytes, Stack size 0 bytes, startup_stm32h745xx.o(.text))
<BR>[Address Reference Count : 1]<UL><LI> startup_stm32h745xx.o(RESET)
</UL>
<P><STRONG><a name="[58]"></a>DCMI_IRQHandler</STRONG> (Thumb, 0 bytes, Stack size 0 bytes, startup_stm32h745xx.o(.text))
<BR>[Address Reference Count : 1]<UL><LI> startup_stm32h745xx.o(RESET)
</UL>
<P><STRONG><a name="[77]"></a>DFSDM1_FLT0_IRQHandler</STRONG> (Thumb, 0 bytes, Stack size 0 bytes, startup_stm32h745xx.o(.text))
<BR>[Address Reference Count : 1]<UL><LI> startup_stm32h745xx.o(RESET)
</UL>
<P><STRONG><a name="[78]"></a>DFSDM1_FLT1_IRQHandler</STRONG> (Thumb, 0 bytes, Stack size 0 bytes, startup_stm32h745xx.o(.text))
<BR>[Address Reference Count : 1]<UL><LI> startup_stm32h745xx.o(RESET)
</UL>
<P><STRONG><a name="[79]"></a>DFSDM1_FLT2_IRQHandler</STRONG> (Thumb, 0 bytes, Stack size 0 bytes, startup_stm32h745xx.o(.text))
<BR>[Address Reference Count : 1]<UL><LI> startup_stm32h745xx.o(RESET)
</UL>
<P><STRONG><a name="[7a]"></a>DFSDM1_FLT3_IRQHandler</STRONG> (Thumb, 0 bytes, Stack size 0 bytes, startup_stm32h745xx.o(.text))
<BR>[Address Reference Count : 1]<UL><LI> startup_stm32h745xx.o(RESET)
</UL>
<P><STRONG><a name="[1a]"></a>DMA1_Stream2_IRQHandler</STRONG> (Thumb, 0 bytes, Stack size 0 bytes, startup_stm32h745xx.o(.text))
<BR>[Address Reference Count : 1]<UL><LI> startup_stm32h745xx.o(RESET)
</UL>
<P><STRONG><a name="[1b]"></a>DMA1_Stream3_IRQHandler</STRONG> (Thumb, 0 bytes, Stack size 0 bytes, startup_stm32h745xx.o(.text))
<BR>[Address Reference Count : 1]<UL><LI> startup_stm32h745xx.o(RESET)
</UL>
<P><STRONG><a name="[1c]"></a>DMA1_Stream4_IRQHandler</STRONG> (Thumb, 0 bytes, Stack size 0 bytes, startup_stm32h745xx.o(.text))
<BR>[Address Reference Count : 1]<UL><LI> startup_stm32h745xx.o(RESET)
</UL>
<P><STRONG><a name="[1d]"></a>DMA1_Stream5_IRQHandler</STRONG> (Thumb, 0 bytes, Stack size 0 bytes, startup_stm32h745xx.o(.text))
<BR>[Address Reference Count : 1]<UL><LI> startup_stm32h745xx.o(RESET)
</UL>
<P><STRONG><a name="[1e]"></a>DMA1_Stream6_IRQHandler</STRONG> (Thumb, 0 bytes, Stack size 0 bytes, startup_stm32h745xx.o(.text))
<BR>[Address Reference Count : 1]<UL><LI> startup_stm32h745xx.o(RESET)
</UL>
<P><STRONG><a name="[3b]"></a>DMA1_Stream7_IRQHandler</STRONG> (Thumb, 0 bytes, Stack size 0 bytes, startup_stm32h745xx.o(.text))
<BR>[Address Reference Count : 1]<UL><LI> startup_stm32h745xx.o(RESET)
</UL>
<P><STRONG><a name="[63]"></a>DMA2D_IRQHandler</STRONG> (Thumb, 0 bytes, Stack size 0 bytes, startup_stm32h745xx.o(.text))
<BR>[Address Reference Count : 1]<UL><LI> startup_stm32h745xx.o(RESET)
</UL>
<P><STRONG><a name="[44]"></a>DMA2_Stream0_IRQHandler</STRONG> (Thumb, 0 bytes, Stack size 0 bytes, startup_stm32h745xx.o(.text))
<BR>[Address Reference Count : 1]<UL><LI> startup_stm32h745xx.o(RESET)
</UL>
<P><STRONG><a name="[45]"></a>DMA2_Stream1_IRQHandler</STRONG> (Thumb, 0 bytes, Stack size 0 bytes, startup_stm32h745xx.o(.text))
<BR>[Address Reference Count : 1]<UL><LI> startup_stm32h745xx.o(RESET)
</UL>
<P><STRONG><a name="[46]"></a>DMA2_Stream2_IRQHandler</STRONG> (Thumb, 0 bytes, Stack size 0 bytes, startup_stm32h745xx.o(.text))
<BR>[Address Reference Count : 1]<UL><LI> startup_stm32h745xx.o(RESET)
</UL>
<P><STRONG><a name="[47]"></a>DMA2_Stream3_IRQHandler</STRONG> (Thumb, 0 bytes, Stack size 0 bytes, startup_stm32h745xx.o(.text))
<BR>[Address Reference Count : 1]<UL><LI> startup_stm32h745xx.o(RESET)
</UL>
<P><STRONG><a name="[48]"></a>DMA2_Stream4_IRQHandler</STRONG> (Thumb, 0 bytes, Stack size 0 bytes, startup_stm32h745xx.o(.text))
<BR>[Address Reference Count : 1]<UL><LI> startup_stm32h745xx.o(RESET)
</UL>
<P><STRONG><a name="[4e]"></a>DMA2_Stream5_IRQHandler</STRONG> (Thumb, 0 bytes, Stack size 0 bytes, startup_stm32h745xx.o(.text))
<BR>[Address Reference Count : 1]<UL><LI> startup_stm32h745xx.o(RESET)
</UL>
<P><STRONG><a name="[4f]"></a>DMA2_Stream6_IRQHandler</STRONG> (Thumb, 0 bytes, Stack size 0 bytes, startup_stm32h745xx.o(.text))
<BR>[Address Reference Count : 1]<UL><LI> startup_stm32h745xx.o(RESET)
</UL>
<P><STRONG><a name="[50]"></a>DMA2_Stream7_IRQHandler</STRONG> (Thumb, 0 bytes, Stack size 0 bytes, startup_stm32h745xx.o(.text))
<BR>[Address Reference Count : 1]<UL><LI> startup_stm32h745xx.o(RESET)
</UL>
<P><STRONG><a name="[6f]"></a>DMAMUX1_OVR_IRQHandler</STRONG> (Thumb, 0 bytes, Stack size 0 bytes, startup_stm32h745xx.o(.text))
<BR>[Address Reference Count : 1]<UL><LI> startup_stm32h745xx.o(RESET)
</UL>
<P><STRONG><a name="[88]"></a>DMAMUX2_OVR_IRQHandler</STRONG> (Thumb, 0 bytes, Stack size 0 bytes, startup_stm32h745xx.o(.text))
<BR>[Address Reference Count : 1]<UL><LI> startup_stm32h745xx.o(RESET)
</UL>
<P><STRONG><a name="[99]"></a>ECC_IRQHandler</STRONG> (Thumb, 0 bytes, Stack size 0 bytes, startup_stm32h745xx.o(.text))
<BR>[Address Reference Count : 1]<UL><LI> startup_stm32h745xx.o(RESET)
</UL>
<P><STRONG><a name="[49]"></a>ETH_IRQHandler</STRONG> (Thumb, 0 bytes, Stack size 0 bytes, startup_stm32h745xx.o(.text))
<BR>[Address Reference Count : 1]<UL><LI> startup_stm32h745xx.o(RESET)
</UL>
<P><STRONG><a name="[4a]"></a>ETH_WKUP_IRQHandler</STRONG> (Thumb, 0 bytes, Stack size 0 bytes, startup_stm32h745xx.o(.text))
<BR>[Address Reference Count : 1]<UL><LI> startup_stm32h745xx.o(RESET)
</UL>
<P><STRONG><a name="[13]"></a>EXTI0_IRQHandler</STRONG> (Thumb, 0 bytes, Stack size 0 bytes, startup_stm32h745xx.o(.text))
<BR>[Address Reference Count : 1]<UL><LI> startup_stm32h745xx.o(RESET)
</UL>
<P><STRONG><a name="[35]"></a>EXTI15_10_IRQHandler</STRONG> (Thumb, 0 bytes, Stack size 0 bytes, startup_stm32h745xx.o(.text))
<BR>[Address Reference Count : 1]<UL><LI> startup_stm32h745xx.o(RESET)
</UL>
<P><STRONG><a name="[14]"></a>EXTI1_IRQHandler</STRONG> (Thumb, 0 bytes, Stack size 0 bytes, startup_stm32h745xx.o(.text))
<BR>[Address Reference Count : 1]<UL><LI> startup_stm32h745xx.o(RESET)
</UL>
<P><STRONG><a name="[15]"></a>EXTI2_IRQHandler</STRONG> (Thumb, 0 bytes, Stack size 0 bytes, startup_stm32h745xx.o(.text))
<BR>[Address Reference Count : 1]<UL><LI> startup_stm32h745xx.o(RESET)
</UL>
<P><STRONG><a name="[16]"></a>EXTI3_IRQHandler</STRONG> (Thumb, 0 bytes, Stack size 0 bytes, startup_stm32h745xx.o(.text))
<BR>[Address Reference Count : 1]<UL><LI> startup_stm32h745xx.o(RESET)
</UL>
<P><STRONG><a name="[17]"></a>EXTI4_IRQHandler</STRONG> (Thumb, 0 bytes, Stack size 0 bytes, startup_stm32h745xx.o(.text))
<BR>[Address Reference Count : 1]<UL><LI> startup_stm32h745xx.o(RESET)
</UL>
<P><STRONG><a name="[24]"></a>EXTI9_5_IRQHandler</STRONG> (Thumb, 0 bytes, Stack size 0 bytes, startup_stm32h745xx.o(.text))
<BR>[Address Reference Count : 1]<UL><LI> startup_stm32h745xx.o(RESET)
</UL>
<P><STRONG><a name="[21]"></a>FDCAN2_IT0_IRQHandler</STRONG> (Thumb, 0 bytes, Stack size 0 bytes, startup_stm32h745xx.o(.text))
<BR>[Address Reference Count : 1]<UL><LI> startup_stm32h745xx.o(RESET)
</UL>
<P><STRONG><a name="[23]"></a>FDCAN2_IT1_IRQHandler</STRONG> (Thumb, 0 bytes, Stack size 0 bytes, startup_stm32h745xx.o(.text))
<BR>[Address Reference Count : 1]<UL><LI> startup_stm32h745xx.o(RESET)
</UL>
<P><STRONG><a name="[4b]"></a>FDCAN_CAL_IRQHandler</STRONG> (Thumb, 0 bytes, Stack size 0 bytes, startup_stm32h745xx.o(.text))
<BR>[Address Reference Count : 1]<UL><LI> startup_stm32h745xx.o(RESET)
</UL>
<P><STRONG><a name="[11]"></a>FLASH_IRQHandler</STRONG> (Thumb, 0 bytes, Stack size 0 bytes, startup_stm32h745xx.o(.text))
<BR>[Address Reference Count : 1]<UL><LI> startup_stm32h745xx.o(RESET)
</UL>
<P><STRONG><a name="[3c]"></a>FMC_IRQHandler</STRONG> (Thumb, 0 bytes, Stack size 0 bytes, startup_stm32h745xx.o(.text))
<BR>[Address Reference Count : 1]<UL><LI> startup_stm32h745xx.o(RESET)
</UL>
<P><STRONG><a name="[5a]"></a>FPU_IRQHandler</STRONG> (Thumb, 0 bytes, Stack size 0 bytes, startup_stm32h745xx.o(.text))
<BR>[Address Reference Count : 1]<UL><LI> startup_stm32h745xx.o(RESET)
</UL>
<P><STRONG><a name="[9b]"></a>HOLD_CORE_IRQHandler</STRONG> (Thumb, 0 bytes, Stack size 0 bytes, startup_stm32h745xx.o(.text))
<BR>[Address Reference Count : 1]<UL><LI> startup_stm32h745xx.o(RESET)
</UL>
<P><STRONG><a name="[76]"></a>HRTIM1_FLT_IRQHandler</STRONG> (Thumb, 0 bytes, Stack size 0 bytes, startup_stm32h745xx.o(.text))
<BR>[Address Reference Count : 1]<UL><LI> startup_stm32h745xx.o(RESET)
</UL>
<P><STRONG><a name="[70]"></a>HRTIM1_Master_IRQHandler</STRONG> (Thumb, 0 bytes, Stack size 0 bytes, startup_stm32h745xx.o(.text))
<BR>[Address Reference Count : 1]<UL><LI> startup_stm32h745xx.o(RESET)
</UL>
<P><STRONG><a name="[71]"></a>HRTIM1_TIMA_IRQHandler</STRONG> (Thumb, 0 bytes, Stack size 0 bytes, startup_stm32h745xx.o(.text))
<BR>[Address Reference Count : 1]<UL><LI> startup_stm32h745xx.o(RESET)
</UL>
<P><STRONG><a name="[72]"></a>HRTIM1_TIMB_IRQHandler</STRONG> (Thumb, 0 bytes, Stack size 0 bytes, startup_stm32h745xx.o(.text))
<BR>[Address Reference Count : 1]<UL><LI> startup_stm32h745xx.o(RESET)
</UL>
<P><STRONG><a name="[73]"></a>HRTIM1_TIMC_IRQHandler</STRONG> (Thumb, 0 bytes, Stack size 0 bytes, startup_stm32h745xx.o(.text))
<BR>[Address Reference Count : 1]<UL><LI> startup_stm32h745xx.o(RESET)
</UL>
<P><STRONG><a name="[74]"></a>HRTIM1_TIMD_IRQHandler</STRONG> (Thumb, 0 bytes, Stack size 0 bytes, startup_stm32h745xx.o(.text))
<BR>[Address Reference Count : 1]<UL><LI> startup_stm32h745xx.o(RESET)
</UL>
<P><STRONG><a name="[75]"></a>HRTIM1_TIME_IRQHandler</STRONG> (Thumb, 0 bytes, Stack size 0 bytes, startup_stm32h745xx.o(.text))
<BR>[Address Reference Count : 1]<UL><LI> startup_stm32h745xx.o(RESET)
</UL>
<P><STRONG><a name="[85]"></a>HSEM1_IRQHandler</STRONG> (Thumb, 0 bytes, Stack size 0 bytes, startup_stm32h745xx.o(.text))
<BR>[Address Reference Count : 1]<UL><LI> startup_stm32h745xx.o(RESET)
</UL>
<P><STRONG><a name="[86]"></a>HSEM2_IRQHandler</STRONG> (Thumb, 0 bytes, Stack size 0 bytes, startup_stm32h745xx.o(.text))
<BR>[Address Reference Count : 1]<UL><LI> startup_stm32h745xx.o(RESET)
</UL>
<P><STRONG><a name="[2d]"></a>I2C1_ER_IRQHandler</STRONG> (Thumb, 0 bytes, Stack size 0 bytes, startup_stm32h745xx.o(.text))
<BR>[Address Reference Count : 1]<UL><LI> startup_stm32h745xx.o(RESET)
</UL>
<P><STRONG><a name="[2c]"></a>I2C1_EV_IRQHandler</STRONG> (Thumb, 0 bytes, Stack size 0 bytes, startup_stm32h745xx.o(.text))
<BR>[Address Reference Count : 1]<UL><LI> startup_stm32h745xx.o(RESET)
</UL>
<P><STRONG><a name="[2f]"></a>I2C2_ER_IRQHandler</STRONG> (Thumb, 0 bytes, Stack size 0 bytes, startup_stm32h745xx.o(.text))
<BR>[Address Reference Count : 1]<UL><LI> startup_stm32h745xx.o(RESET)
</UL>
<P><STRONG><a name="[2e]"></a>I2C2_EV_IRQHandler</STRONG> (Thumb, 0 bytes, Stack size 0 bytes, startup_stm32h745xx.o(.text))
<BR>[Address Reference Count : 1]<UL><LI> startup_stm32h745xx.o(RESET)
</UL>
<P><STRONG><a name="[53]"></a>I2C3_ER_IRQHandler</STRONG> (Thumb, 0 bytes, Stack size 0 bytes, startup_stm32h745xx.o(.text))
<BR>[Address Reference Count : 1]<UL><LI> startup_stm32h745xx.o(RESET)
</UL>
<P><STRONG><a name="[52]"></a>I2C3_EV_IRQHandler</STRONG> (Thumb, 0 bytes, Stack size 0 bytes, startup_stm32h745xx.o(.text))
<BR>[Address Reference Count : 1]<UL><LI> startup_stm32h745xx.o(RESET)
</UL>
<P><STRONG><a name="[69]"></a>I2C4_ER_IRQHandler</STRONG> (Thumb, 0 bytes, Stack size 0 bytes, startup_stm32h745xx.o(.text))
<BR>[Address Reference Count : 1]<UL><LI> startup_stm32h745xx.o(RESET)
</UL>
<P><STRONG><a name="[68]"></a>I2C4_EV_IRQHandler</STRONG> (Thumb, 0 bytes, Stack size 0 bytes, startup_stm32h745xx.o(.text))
<BR>[Address Reference Count : 1]<UL><LI> startup_stm32h745xx.o(RESET)
</UL>
<P><STRONG><a name="[82]"></a>JPEG_IRQHandler</STRONG> (Thumb, 0 bytes, Stack size 0 bytes, startup_stm32h745xx.o(.text))
<BR>[Address Reference Count : 1]<UL><LI> startup_stm32h745xx.o(RESET)
</UL>
<P><STRONG><a name="[66]"></a>LPTIM1_IRQHandler</STRONG> (Thumb, 0 bytes, Stack size 0 bytes, startup_stm32h745xx.o(.text))
<BR>[Address Reference Count : 1]<UL><LI> startup_stm32h745xx.o(RESET)
</UL>
<P><STRONG><a name="[92]"></a>LPTIM2_IRQHandler</STRONG> (Thumb, 0 bytes, Stack size 0 bytes, startup_stm32h745xx.o(.text))
<BR>[Address Reference Count : 1]<UL><LI> startup_stm32h745xx.o(RESET)
</UL>
<P><STRONG><a name="[93]"></a>LPTIM3_IRQHandler</STRONG> (Thumb, 0 bytes, Stack size 0 bytes, startup_stm32h745xx.o(.text))
<BR>[Address Reference Count : 1]<UL><LI> startup_stm32h745xx.o(RESET)
</UL>
<P><STRONG><a name="[94]"></a>LPTIM4_IRQHandler</STRONG> (Thumb, 0 bytes, Stack size 0 bytes, startup_stm32h745xx.o(.text))
<BR>[Address Reference Count : 1]<UL><LI> startup_stm32h745xx.o(RESET)
</UL>
<P><STRONG><a name="[95]"></a>LPTIM5_IRQHandler</STRONG> (Thumb, 0 bytes, Stack size 0 bytes, startup_stm32h745xx.o(.text))
<BR>[Address Reference Count : 1]<UL><LI> startup_stm32h745xx.o(RESET)
</UL>
<P><STRONG><a name="[96]"></a>LPUART1_IRQHandler</STRONG> (Thumb, 0 bytes, Stack size 0 bytes, startup_stm32h745xx.o(.text))
<BR>[Address Reference Count : 1]<UL><LI> startup_stm32h745xx.o(RESET)
</UL>
<P><STRONG><a name="[62]"></a>LTDC_ER_IRQHandler</STRONG> (Thumb, 0 bytes, Stack size 0 bytes, startup_stm32h745xx.o(.text))
<BR>[Address Reference Count : 1]<UL><LI> startup_stm32h745xx.o(RESET)
</UL>
<P><STRONG><a name="[61]"></a>LTDC_IRQHandler</STRONG> (Thumb, 0 bytes, Stack size 0 bytes, startup_stm32h745xx.o(.text))
<BR>[Address Reference Count : 1]<UL><LI> startup_stm32h745xx.o(RESET)
</UL>
<P><STRONG><a name="[81]"></a>MDIOS_IRQHandler</STRONG> (Thumb, 0 bytes, Stack size 0 bytes, startup_stm32h745xx.o(.text))
<BR>[Address Reference Count : 1]<UL><LI> startup_stm32h745xx.o(RESET)
</UL>
<P><STRONG><a name="[80]"></a>MDIOS_WKUP_IRQHandler</STRONG> (Thumb, 0 bytes, Stack size 0 bytes, startup_stm32h745xx.o(.text))
<BR>[Address Reference Count : 1]<UL><LI> startup_stm32h745xx.o(RESET)
</UL>
<P><STRONG><a name="[83]"></a>MDMA_IRQHandler</STRONG> (Thumb, 0 bytes, Stack size 0 bytes, startup_stm32h745xx.o(.text))
<BR>[Address Reference Count : 1]<UL><LI> startup_stm32h745xx.o(RESET)
</UL>
<P><STRONG><a name="[6c]"></a>OTG_FS_EP1_IN_IRQHandler</STRONG> (Thumb, 0 bytes, Stack size 0 bytes, startup_stm32h745xx.o(.text))
<BR>[Address Reference Count : 1]<UL><LI> startup_stm32h745xx.o(RESET)
</UL>
<P><STRONG><a name="[6b]"></a>OTG_FS_EP1_OUT_IRQHandler</STRONG> (Thumb, 0 bytes, Stack size 0 bytes, startup_stm32h745xx.o(.text))
<BR>[Address Reference Count : 1]<UL><LI> startup_stm32h745xx.o(RESET)
</UL>
<P><STRONG><a name="[6e]"></a>OTG_FS_IRQHandler</STRONG> (Thumb, 0 bytes, Stack size 0 bytes, startup_stm32h745xx.o(.text))
<BR>[Address Reference Count : 1]<UL><LI> startup_stm32h745xx.o(RESET)
</UL>
<P><STRONG><a name="[6d]"></a>OTG_FS_WKUP_IRQHandler</STRONG> (Thumb, 0 bytes, Stack size 0 bytes, startup_stm32h745xx.o(.text))
<BR>[Address Reference Count : 1]<UL><LI> startup_stm32h745xx.o(RESET)
</UL>
<P><STRONG><a name="[55]"></a>OTG_HS_EP1_IN_IRQHandler</STRONG> (Thumb, 0 bytes, Stack size 0 bytes, startup_stm32h745xx.o(.text))
<BR>[Address Reference Count : 1]<UL><LI> startup_stm32h745xx.o(RESET)
</UL>
<P><STRONG><a name="[54]"></a>OTG_HS_EP1_OUT_IRQHandler</STRONG> (Thumb, 0 bytes, Stack size 0 bytes, startup_stm32h745xx.o(.text))
<BR>[Address Reference Count : 1]<UL><LI> startup_stm32h745xx.o(RESET)
</UL>
<P><STRONG><a name="[57]"></a>OTG_HS_IRQHandler</STRONG> (Thumb, 0 bytes, Stack size 0 bytes, startup_stm32h745xx.o(.text))
<BR>[Address Reference Count : 1]<UL><LI> startup_stm32h745xx.o(RESET)
</UL>
<P><STRONG><a name="[56]"></a>OTG_HS_WKUP_IRQHandler</STRONG> (Thumb, 0 bytes, Stack size 0 bytes, startup_stm32h745xx.o(.text))
<BR>[Address Reference Count : 1]<UL><LI> startup_stm32h745xx.o(RESET)
</UL>
<P><STRONG><a name="[e]"></a>PVD_AVD_IRQHandler</STRONG> (Thumb, 0 bytes, Stack size 0 bytes, startup_stm32h745xx.o(.text))
<BR>[Address Reference Count : 1]<UL><LI> startup_stm32h745xx.o(RESET)
</UL>
<P><STRONG><a name="[65]"></a>QUADSPI_IRQHandler</STRONG> (Thumb, 0 bytes, Stack size 0 bytes, startup_stm32h745xx.o(.text))
<BR>[Address Reference Count : 1]<UL><LI> startup_stm32h745xx.o(RESET)
</UL>
<P><STRONG><a name="[12]"></a>RCC_IRQHandler</STRONG> (Thumb, 0 bytes, Stack size 0 bytes, startup_stm32h745xx.o(.text))
<BR>[Address Reference Count : 1]<UL><LI> startup_stm32h745xx.o(RESET)
</UL>
<P><STRONG><a name="[59]"></a>RNG_IRQHandler</STRONG> (Thumb, 0 bytes, Stack size 0 bytes, startup_stm32h745xx.o(.text))
<BR>[Address Reference Count : 1]<UL><LI> startup_stm32h745xx.o(RESET)
</UL>
<P><STRONG><a name="[36]"></a>RTC_Alarm_IRQHandler</STRONG> (Thumb, 0 bytes, Stack size 0 bytes, startup_stm32h745xx.o(.text))
<BR>[Address Reference Count : 1]<UL><LI> startup_stm32h745xx.o(RESET)
</UL>
<P><STRONG><a name="[10]"></a>RTC_WKUP_IRQHandler</STRONG> (Thumb, 0 bytes, Stack size 0 bytes, startup_stm32h745xx.o(.text))
<BR>[Address Reference Count : 1]<UL><LI> startup_stm32h745xx.o(RESET)
</UL>
<P><STRONG><a name="[60]"></a>SAI1_IRQHandler</STRONG> (Thumb, 0 bytes, Stack size 0 bytes, startup_stm32h745xx.o(.text))
<BR>[Address Reference Count : 1]<UL><LI> startup_stm32h745xx.o(RESET)
</UL>
<P><STRONG><a name="[64]"></a>SAI2_IRQHandler</STRONG> (Thumb, 0 bytes, Stack size 0 bytes, startup_stm32h745xx.o(.text))
<BR>[Address Reference Count : 1]<UL><LI> startup_stm32h745xx.o(RESET)
</UL>
<P><STRONG><a name="[7b]"></a>SAI3_IRQHandler</STRONG> (Thumb, 0 bytes, Stack size 0 bytes, startup_stm32h745xx.o(.text))
<BR>[Address Reference Count : 1]<UL><LI> startup_stm32h745xx.o(RESET)
</UL>
<P><STRONG><a name="[9a]"></a>SAI4_IRQHandler</STRONG> (Thumb, 0 bytes, Stack size 0 bytes, startup_stm32h745xx.o(.text))
<BR>[Address Reference Count : 1]<UL><LI> startup_stm32h745xx.o(RESET)
</UL>
<P><STRONG><a name="[3d]"></a>SDMMC1_IRQHandler</STRONG> (Thumb, 0 bytes, Stack size 0 bytes, startup_stm32h745xx.o(.text))
<BR>[Address Reference Count : 1]<UL><LI> startup_stm32h745xx.o(RESET)
</UL>
<P><STRONG><a name="[84]"></a>SDMMC2_IRQHandler</STRONG> (Thumb, 0 bytes, Stack size 0 bytes, startup_stm32h745xx.o(.text))
<BR>[Address Reference Count : 1]<UL><LI> startup_stm32h745xx.o(RESET)
</UL>
<P><STRONG><a name="[6a]"></a>SPDIF_RX_IRQHandler</STRONG> (Thumb, 0 bytes, Stack size 0 bytes, startup_stm32h745xx.o(.text))
<BR>[Address Reference Count : 1]<UL><LI> startup_stm32h745xx.o(RESET)
</UL>
<P><STRONG><a name="[30]"></a>SPI1_IRQHandler</STRONG> (Thumb, 0 bytes, Stack size 0 bytes, startup_stm32h745xx.o(.text))
<BR>[Address Reference Count : 1]<UL><LI> startup_stm32h745xx.o(RESET)
</UL>
<P><STRONG><a name="[31]"></a>SPI2_IRQHandler</STRONG> (Thumb, 0 bytes, Stack size 0 bytes, startup_stm32h745xx.o(.text))
<BR>[Address Reference Count : 1]<UL><LI> startup_stm32h745xx.o(RESET)
</UL>
<P><STRONG><a name="[3f]"></a>SPI3_IRQHandler</STRONG> (Thumb, 0 bytes, Stack size 0 bytes, startup_stm32h745xx.o(.text))
<BR>[Address Reference Count : 1]<UL><LI> startup_stm32h745xx.o(RESET)
</UL>
<P><STRONG><a name="[5d]"></a>SPI4_IRQHandler</STRONG> (Thumb, 0 bytes, Stack size 0 bytes, startup_stm32h745xx.o(.text))
<BR>[Address Reference Count : 1]<UL><LI> startup_stm32h745xx.o(RESET)
</UL>
<P><STRONG><a name="[5e]"></a>SPI5_IRQHandler</STRONG> (Thumb, 0 bytes, Stack size 0 bytes, startup_stm32h745xx.o(.text))
<BR>[Address Reference Count : 1]<UL><LI> startup_stm32h745xx.o(RESET)
</UL>
<P><STRONG><a name="[5f]"></a>SPI6_IRQHandler</STRONG> (Thumb, 0 bytes, Stack size 0 bytes, startup_stm32h745xx.o(.text))
<BR>[Address Reference Count : 1]<UL><LI> startup_stm32h745xx.o(RESET)
</UL>
<P><STRONG><a name="[7c]"></a>SWPMI1_IRQHandler</STRONG> (Thumb, 0 bytes, Stack size 0 bytes, startup_stm32h745xx.o(.text))
<BR>[Address Reference Count : 1]<UL><LI> startup_stm32h745xx.o(RESET)
</UL>
<P><STRONG><a name="[f]"></a>TAMP_STAMP_IRQHandler</STRONG> (Thumb, 0 bytes, Stack size 0 bytes, startup_stm32h745xx.o(.text))
<BR>[Address Reference Count : 1]<UL><LI> startup_stm32h745xx.o(RESET)
</UL>
<P><STRONG><a name="[7d]"></a>TIM15_IRQHandler</STRONG> (Thumb, 0 bytes, Stack size 0 bytes, startup_stm32h745xx.o(.text))
<BR>[Address Reference Count : 1]<UL><LI> startup_stm32h745xx.o(RESET)
</UL>
<P><STRONG><a name="[7e]"></a>TIM16_IRQHandler</STRONG> (Thumb, 0 bytes, Stack size 0 bytes, startup_stm32h745xx.o(.text))
<BR>[Address Reference Count : 1]<UL><LI> startup_stm32h745xx.o(RESET)
</UL>
<P><STRONG><a name="[7f]"></a>TIM17_IRQHandler</STRONG> (Thumb, 0 bytes, Stack size 0 bytes, startup_stm32h745xx.o(.text))
<BR>[Address Reference Count : 1]<UL><LI> startup_stm32h745xx.o(RESET)
</UL>
<P><STRONG><a name="[25]"></a>TIM1_BRK_IRQHandler</STRONG> (Thumb, 0 bytes, Stack size 0 bytes, startup_stm32h745xx.o(.text))
<BR>[Address Reference Count : 1]<UL><LI> startup_stm32h745xx.o(RESET)
</UL>
<P><STRONG><a name="[28]"></a>TIM1_CC_IRQHandler</STRONG> (Thumb, 0 bytes, Stack size 0 bytes, startup_stm32h745xx.o(.text))
<BR>[Address Reference Count : 1]<UL><LI> startup_stm32h745xx.o(RESET)
</UL>
<P><STRONG><a name="[27]"></a>TIM1_TRG_COM_IRQHandler</STRONG> (Thumb, 0 bytes, Stack size 0 bytes, startup_stm32h745xx.o(.text))
<BR>[Address Reference Count : 1]<UL><LI> startup_stm32h745xx.o(RESET)
</UL>
<P><STRONG><a name="[26]"></a>TIM1_UP_IRQHandler</STRONG> (Thumb, 0 bytes, Stack size 0 bytes, startup_stm32h745xx.o(.text))
<BR>[Address Reference Count : 1]<UL><LI> startup_stm32h745xx.o(RESET)
</UL>
<P><STRONG><a name="[29]"></a>TIM2_IRQHandler</STRONG> (Thumb, 0 bytes, Stack size 0 bytes, startup_stm32h745xx.o(.text))
<BR>[Address Reference Count : 1]<UL><LI> startup_stm32h745xx.o(RESET)
</UL>
<P><STRONG><a name="[2a]"></a>TIM3_IRQHandler</STRONG> (Thumb, 0 bytes, Stack size 0 bytes, startup_stm32h745xx.o(.text))
<BR>[Address Reference Count : 1]<UL><LI> startup_stm32h745xx.o(RESET)
</UL>
<P><STRONG><a name="[2b]"></a>TIM4_IRQHandler</STRONG> (Thumb, 0 bytes, Stack size 0 bytes, startup_stm32h745xx.o(.text))
<BR>[Address Reference Count : 1]<UL><LI> startup_stm32h745xx.o(RESET)
</UL>
<P><STRONG><a name="[3e]"></a>TIM5_IRQHandler</STRONG> (Thumb, 0 bytes, Stack size 0 bytes, startup_stm32h745xx.o(.text))
<BR>[Address Reference Count : 1]<UL><LI> startup_stm32h745xx.o(RESET)
</UL>
<P><STRONG><a name="[37]"></a>TIM8_BRK_TIM12_IRQHandler</STRONG> (Thumb, 0 bytes, Stack size 0 bytes, startup_stm32h745xx.o(.text))
<BR>[Address Reference Count : 1]<UL><LI> startup_stm32h745xx.o(RESET)
</UL>
<P><STRONG><a name="[3a]"></a>TIM8_CC_IRQHandler</STRONG> (Thumb, 0 bytes, Stack size 0 bytes, startup_stm32h745xx.o(.text))
<BR>[Address Reference Count : 1]<UL><LI> startup_stm32h745xx.o(RESET)
</UL>
<P><STRONG><a name="[39]"></a>TIM8_TRG_COM_TIM14_IRQHandler</STRONG> (Thumb, 0 bytes, Stack size 0 bytes, startup_stm32h745xx.o(.text))
<BR>[Address Reference Count : 1]<UL><LI> startup_stm32h745xx.o(RESET)
</UL>
<P><STRONG><a name="[40]"></a>UART4_IRQHandler</STRONG> (Thumb, 0 bytes, Stack size 0 bytes, startup_stm32h745xx.o(.text))
<BR>[Address Reference Count : 1]<UL><LI> startup_stm32h745xx.o(RESET)
</UL>
<P><STRONG><a name="[41]"></a>UART5_IRQHandler</STRONG> (Thumb, 0 bytes, Stack size 0 bytes, startup_stm32h745xx.o(.text))
<BR>[Address Reference Count : 1]<UL><LI> startup_stm32h745xx.o(RESET)
</UL>
<P><STRONG><a name="[5b]"></a>UART7_IRQHandler</STRONG> (Thumb, 0 bytes, Stack size 0 bytes, startup_stm32h745xx.o(.text))
<BR>[Address Reference Count : 1]<UL><LI> startup_stm32h745xx.o(RESET)
</UL>
<P><STRONG><a name="[5c]"></a>UART8_IRQHandler</STRONG> (Thumb, 0 bytes, Stack size 0 bytes, startup_stm32h745xx.o(.text))
<BR>[Address Reference Count : 1]<UL><LI> startup_stm32h745xx.o(RESET)
</UL>
<P><STRONG><a name="[32]"></a>USART1_IRQHandler</STRONG> (Thumb, 0 bytes, Stack size 0 bytes, startup_stm32h745xx.o(.text))
<BR>[Address Reference Count : 1]<UL><LI> startup_stm32h745xx.o(RESET)
</UL>
<P><STRONG><a name="[51]"></a>USART6_IRQHandler</STRONG> (Thumb, 0 bytes, Stack size 0 bytes, startup_stm32h745xx.o(.text))
<BR>[Address Reference Count : 1]<UL><LI> startup_stm32h745xx.o(RESET)
</UL>
<P><STRONG><a name="[9c]"></a>WAKEUP_PIN_IRQHandler</STRONG> (Thumb, 0 bytes, Stack size 0 bytes, startup_stm32h745xx.o(.text))
<BR>[Address Reference Count : 1]<UL><LI> startup_stm32h745xx.o(RESET)
</UL>
<P><STRONG><a name="[d]"></a>WWDG_IRQHandler</STRONG> (Thumb, 0 bytes, Stack size 0 bytes, startup_stm32h745xx.o(.text))
<BR>[Address Reference Count : 1]<UL><LI> startup_stm32h745xx.o(RESET)
</UL>
<P><STRONG><a name="[97]"></a>WWDG_RST_IRQHandler</STRONG> (Thumb, 0 bytes, Stack size 0 bytes, startup_stm32h745xx.o(.text))
<BR>[Address Reference Count : 1]<UL><LI> startup_stm32h745xx.o(RESET)
</UL>
<P><STRONG><a name="[b9]"></a>__user_initial_stackheap</STRONG> (Thumb, 0 bytes, Stack size unknown bytes, startup_stm32h745xx.o(.text))
<BR><BR>[Called By]<UL><LI><a href="#[ab]">&gt;&gt;</a>&nbsp;&nbsp;&nbsp;__user_setup_stackheap
</UL>

<P><STRONG><a name="[10d]"></a>__aeabi_memcpy4</STRONG> (Thumb, 0 bytes, Stack size 8 bytes, rt_memcpy_w.o(.text))
<BR><BR>[Stack]<UL><LI>Max Depth = 8<LI>Call Chain = __aeabi_memcpy4
</UL>
<BR>[Called By]<UL><LI><a href="#[11b]">&gt;&gt;</a>&nbsp;&nbsp;&nbsp;Mat4xMat4 (via Veneer)
<LI><a href="#[11a]">&gt;&gt;</a>&nbsp;&nbsp;&nbsp;Mat4ToMat3 (via Veneer)
<LI><a href="#[119]">&gt;&gt;</a>&nbsp;&nbsp;&nbsp;Mat4Ones (via Veneer)
<LI><a href="#[118]">&gt;&gt;</a>&nbsp;&nbsp;&nbsp;Mat3xMat3 (via Veneer)
<LI><a href="#[117]">&gt;&gt;</a>&nbsp;&nbsp;&nbsp;Mat3Transpose (via Veneer)
<LI><a href="#[116]">&gt;&gt;</a>&nbsp;&nbsp;&nbsp;Mat3Ones (via Veneer)
<LI><a href="#[112]">&gt;&gt;</a>&nbsp;&nbsp;&nbsp;HT (via Veneer)
<LI><a href="#[111]">&gt;&gt;</a>&nbsp;&nbsp;&nbsp;HRZ (via Veneer)
<LI><a href="#[110]">&gt;&gt;</a>&nbsp;&nbsp;&nbsp;HRY (via Veneer)
<LI><a href="#[10f]">&gt;&gt;</a>&nbsp;&nbsp;&nbsp;HRX (via Veneer)
<LI><a href="#[115]">&gt;&gt;</a>&nbsp;&nbsp;&nbsp;Joints_SetDefaultFrictionTable (via Veneer)
<LI><a href="#[102]">&gt;&gt;</a>&nbsp;&nbsp;&nbsp;RNEA_CalcTorques (via Veneer)
<LI><a href="#[105]">&gt;&gt;</a>&nbsp;&nbsp;&nbsp;Control_TrajInterpolate (via Veneer)
<LI><a href="#[c1]">&gt;&gt;</a>&nbsp;&nbsp;&nbsp;RNEA_Conf (via Veneer)
</UL>

<P><STRONG><a name="[148]"></a>__aeabi_memcpy8</STRONG> (Thumb, 0 bytes, Stack size 8 bytes, rt_memcpy_w.o(.text), UNUSED)

<P><STRONG><a name="[149]"></a>__rt_memcpy_w</STRONG> (Thumb, 100 bytes, Stack size 8 bytes, rt_memcpy_w.o(.text), UNUSED)

<P><STRONG><a name="[14a]"></a>_memcpy_lastbytes_aligned</STRONG> (Thumb, 0 bytes, Stack size unknown bytes, rt_memcpy_w.o(.text), UNUSED)

<P><STRONG><a name="[14b]"></a>__use_two_region_memory</STRONG> (Thumb, 2 bytes, Stack size 0 bytes, heapauxi.o(.text), UNUSED)

<P><STRONG><a name="[14c]"></a>__rt_heap_escrow$2region</STRONG> (Thumb, 2 bytes, Stack size 0 bytes, heapauxi.o(.text), UNUSED)

<P><STRONG><a name="[14d]"></a>__rt_heap_expand$2region</STRONG> (Thumb, 2 bytes, Stack size 0 bytes, heapauxi.o(.text), UNUSED)

<P><STRONG><a name="[b5]"></a>__read_errno</STRONG> (Thumb, 10 bytes, Stack size 8 bytes, _rserrno.o(.text), UNUSED)
<BR><BR>[Calls]<UL><LI><a href="#[b6]">&gt;&gt;</a>&nbsp;&nbsp;&nbsp;__aeabi_errno_addr
</UL>

<P><STRONG><a name="[b7]"></a>__set_errno</STRONG> (Thumb, 12 bytes, Stack size 8 bytes, _rserrno.o(.text))
<BR><BR>[Stack]<UL><LI>Max Depth = 8<LI>Call Chain = __set_errno
</UL>
<BR>[Calls]<UL><LI><a href="#[b6]">&gt;&gt;</a>&nbsp;&nbsp;&nbsp;__aeabi_errno_addr
</UL>
<BR>[Called By]<UL><LI><a href="#[d7]">&gt;&gt;</a>&nbsp;&nbsp;&nbsp;__hardfp_sin
<LI><a href="#[d2]">&gt;&gt;</a>&nbsp;&nbsp;&nbsp;__hardfp_cos
</UL>

<P><STRONG><a name="[b6]"></a>__aeabi_errno_addr</STRONG> (Thumb, 8 bytes, Stack size 0 bytes, rt_errno_addr_intlibspace.o(.text))
<BR><BR>[Called By]<UL><LI><a href="#[b7]">&gt;&gt;</a>&nbsp;&nbsp;&nbsp;__set_errno
<LI><a href="#[b5]">&gt;&gt;</a>&nbsp;&nbsp;&nbsp;__read_errno
</UL>

<P><STRONG><a name="[14e]"></a>__errno$intlibspace</STRONG> (Thumb, 0 bytes, Stack size 0 bytes, rt_errno_addr_intlibspace.o(.text), UNUSED)

<P><STRONG><a name="[14f]"></a>__rt_errno_addr$intlibspace</STRONG> (Thumb, 0 bytes, Stack size 0 bytes, rt_errno_addr_intlibspace.o(.text), UNUSED)

<P><STRONG><a name="[150]"></a>__user_libspace</STRONG> (Thumb, 8 bytes, Stack size 0 bytes, libspace.o(.text), UNUSED)

<P><STRONG><a name="[b8]"></a>__user_perproc_libspace</STRONG> (Thumb, 0 bytes, Stack size 0 bytes, libspace.o(.text))
<BR><BR>[Called By]<UL><LI><a href="#[ab]">&gt;&gt;</a>&nbsp;&nbsp;&nbsp;__user_setup_stackheap
</UL>

<P><STRONG><a name="[151]"></a>__user_perthread_libspace</STRONG> (Thumb, 0 bytes, Stack size 0 bytes, libspace.o(.text), UNUSED)

<P><STRONG><a name="[ab]"></a>__user_setup_stackheap</STRONG> (Thumb, 74 bytes, Stack size 8 bytes, sys_stackheap_outer.o(.text))
<BR><BR>[Stack]<UL><LI>Max Depth = 8 + Unknown Stack Size
<LI>Call Chain = __user_setup_stackheap
</UL>
<BR>[Calls]<UL><LI><a href="#[b8]">&gt;&gt;</a>&nbsp;&nbsp;&nbsp;__user_perproc_libspace
[...]
</UL>
<BR>[Called By]<UL><LI><a href="#[f0]">&gt;&gt;</a>&nbsp;&nbsp;&nbsp;Control_JtcAct
</UL>

<P><STRONG><a name="[ef]"></a>Control_ClearErrorFlags</STRONG> (Thumb, 116 bytes, Stack size 8 bytes, control.o(i.Control_ClearErrorFlags))
<BR><BR>[Stack]<UL><LI>Max Depth = 8<LI>Call Chain = Control_ClearErrorFlags
</UL>
<BR>[Called By]<UL><LI><a href="#[cb]">&gt;&gt;</a>&nbsp;&nbsp;&nbsp;Control_ClearOccuredErrors
<LI><a href="#[ca]">&gt;&gt;</a>&nbsp;&nbsp;&nbsp;Control_ClearCurrentErrors
</UL>

<P><STRONG><a name="[ee]"></a>Control_ClearErrorSourceVariables</STRONG> (Thumb, 50 bytes, Stack size 8 bytes, control.o(i.Control_ClearErrorSourceVariables))
<BR><BR>[Stack]<UL><LI>Max Depth = 8<LI>Call Chain = Control_ClearErrorSourceVariables
</UL>
<BR>[Called By]<UL><LI><a href="#[cb]">&gt;&gt;</a>&nbsp;&nbsp;&nbsp;Control_ClearOccuredErrors
<LI><a href="#[ca]">&gt;&gt;</a>&nbsp;&nbsp;&nbsp;Control_ClearCurrentErrors
</UL>

<P><STRONG><a name="[109]"></a>Control_ClockConf</STRONG> (Thumb, 212 bytes, Stack size 36 bytes, control.o(i.Control_ClockConf))
<BR><BR>[Stack]<UL><LI>Max Depth = 36<LI>Call Chain = Control_ClockConf
</UL>
<BR>[Called By]<UL><LI><a href="#[dc]">&gt;&gt;</a>&nbsp;&nbsp;&nbsp;Control_SystemConf
</UL>

<P><STRONG><a name="[f0]"></a>Control_JtcAct</STRONG> (Thumb, 174 bytes, Stack size 16 bytes, control.o(i.Control_JtcAct))
<BR><BR>[Stack]<UL><LI>Max Depth = 2776<LI>Call Chain = Control_JtcAct &rArr; Control_JtcInit &rArr; RNEA_CalcTorques &rArr; HRZ &rArr; __hardfp_sin &rArr; __ieee754_rem_pio2 &rArr; fabs
</UL>
<BR>[Calls]<UL><LI><a href="#[f8]">&gt;&gt;</a>&nbsp;&nbsp;&nbsp;Control_SetNewTorqueValues
<LI><a href="#[f4]">&gt;&gt;</a>&nbsp;&nbsp;&nbsp;Control_JtcTeaching
<LI><a href="#[f6]">&gt;&gt;</a>&nbsp;&nbsp;&nbsp;Control_JtcOperate
<LI><a href="#[f3]">&gt;&gt;</a>&nbsp;&nbsp;&nbsp;Control_JtcInit
<LI><a href="#[f5]">&gt;&gt;</a>&nbsp;&nbsp;&nbsp;Control_JtcHoldPos
<LI><a href="#[f2]">&gt;&gt;</a>&nbsp;&nbsp;&nbsp;Control_JtcError
<LI><a href="#[f1]">&gt;&gt;</a>&nbsp;&nbsp;&nbsp;Control_JtcCheckState
<LI><a href="#[f7]">&gt;&gt;</a>&nbsp;&nbsp;&nbsp;Control_CheckLimits
<LI><a href="#[eb]">&gt;&gt;</a>&nbsp;&nbsp;&nbsp;Control_CheckErrorFlags
<LI><a href="#[e9]">&gt;&gt;</a>&nbsp;&nbsp;&nbsp;Can_SendDataToJoints
</UL>
<BR>[Called By]<UL><LI><a href="#[43]">&gt;&gt;</a>&nbsp;&nbsp;&nbsp;TIM7_IRQHandler
</UL>

<P><STRONG><a name="[f1]"></a>Control_JtcCheckState</STRONG> (Thumb, 262 bytes, Stack size 32 bytes, control.o(i.Control_JtcCheckState))
<BR><BR>[Stack]<UL><LI>Max Depth = 48<LI>Call Chain = Control_JtcCheckState &rArr; Control_TrajCheckState
</UL>
<BR>[Calls]<UL><LI><a href="#[fb]">&gt;&gt;</a>&nbsp;&nbsp;&nbsp;Joints_SetDefaultVariables
<LI><a href="#[fa]">&gt;&gt;</a>&nbsp;&nbsp;&nbsp;Control_TrajCheckState
<LI><a href="#[f9]">&gt;&gt;</a>&nbsp;&nbsp;&nbsp;Control_JtcCheckStateInit
</UL>
<BR>[Called By]<UL><LI><a href="#[f0]">&gt;&gt;</a>&nbsp;&nbsp;&nbsp;Control_JtcAct
</UL>

<P><STRONG><a name="[f9]"></a>Control_JtcCheckStateInit</STRONG> (Thumb, 146 bytes, Stack size 12 bytes, control.o(i.Control_JtcCheckStateInit))
<BR><BR>[Stack]<UL><LI>Max Depth = 12<LI>Call Chain = Control_JtcCheckStateInit
</UL>
<BR>[Called By]<UL><LI><a href="#[f1]">&gt;&gt;</a>&nbsp;&nbsp;&nbsp;Control_JtcCheckState
</UL>

<P><STRONG><a name="[f2]"></a>Control_JtcError</STRONG> (Thumb, 134 bytes, Stack size 16 bytes, control.o(i.Control_JtcError))
<BR><BR>[Stack]<UL><LI>Max Depth = 28<LI>Call Chain = Control_JtcError &rArr; Joints_SetDefaultVariables
</UL>
<BR>[Calls]<UL><LI><a href="#[fb]">&gt;&gt;</a>&nbsp;&nbsp;&nbsp;Joints_SetDefaultVariables
<LI><a href="#[fd]">&gt;&gt;</a>&nbsp;&nbsp;&nbsp;Joints_ClearCanValues
<LI><a href="#[fc]">&gt;&gt;</a>&nbsp;&nbsp;&nbsp;Control_JtcSetJointToReadyToOperate
<LI><a href="#[fe]">&gt;&gt;</a>&nbsp;&nbsp;&nbsp;Control_JtcSetJointToInit
<LI><a href="#[c7]">&gt;&gt;</a>&nbsp;&nbsp;&nbsp;Control_TrajClear
</UL>
<BR>[Called By]<UL><LI><a href="#[f0]">&gt;&gt;</a>&nbsp;&nbsp;&nbsp;Control_JtcAct
</UL>

<P><STRONG><a name="[f5]"></a>Control_JtcHoldPos</STRONG> (Thumb, 154 bytes, Stack size 8 bytes, control.o(i.Control_JtcHoldPos))
<BR><BR>[Stack]<UL><LI>Max Depth = 2736<LI>Call Chain = Control_JtcHoldPos &rArr; RNEA_CalcTorques &rArr; HRZ &rArr; __hardfp_sin &rArr; __ieee754_rem_pio2 &rArr; fabs
</UL>
<BR>[Calls]<UL><LI><a href="#[102]">&gt;&gt;</a>&nbsp;&nbsp;&nbsp;RNEA_CalcTorques
<LI><a href="#[103]">&gt;&gt;</a>&nbsp;&nbsp;&nbsp;Joints_CalcPIDs
<LI><a href="#[100]">&gt;&gt;</a>&nbsp;&nbsp;&nbsp;Control_TrajClearPointDouble
<LI><a href="#[ff]">&gt;&gt;</a>&nbsp;&nbsp;&nbsp;Control_JtcSetJointToEnable
<LI><a href="#[101]">&gt;&gt;</a>&nbsp;&nbsp;&nbsp;Control_JtcPrepareSetedValuesForHoldPos
</UL>
<BR>[Called By]<UL><LI><a href="#[f0]">&gt;&gt;</a>&nbsp;&nbsp;&nbsp;Control_JtcAct
</UL>

<P><STRONG><a name="[f3]"></a>Control_JtcInit</STRONG> (Thumb, 476 bytes, Stack size 32 bytes, control.o(i.Control_JtcInit))
<BR><BR>[Stack]<UL><LI>Max Depth = 2760<LI>Call Chain = Control_JtcInit &rArr; RNEA_CalcTorques &rArr; HRZ &rArr; __hardfp_sin &rArr; __ieee754_rem_pio2 &rArr; fabs
</UL>
<BR>[Calls]<UL><LI><a href="#[102]">&gt;&gt;</a>&nbsp;&nbsp;&nbsp;RNEA_CalcTorques
<LI><a href="#[fb]">&gt;&gt;</a>&nbsp;&nbsp;&nbsp;Joints_SetDefaultVariables
<LI><a href="#[104]">&gt;&gt;</a>&nbsp;&nbsp;&nbsp;Joints_CalcInitRegsTorque
<LI><a href="#[fc]">&gt;&gt;</a>&nbsp;&nbsp;&nbsp;Control_JtcSetJointToReadyToOperate
<LI><a href="#[fe]">&gt;&gt;</a>&nbsp;&nbsp;&nbsp;Control_JtcSetJointToInit
<LI><a href="#[ff]">&gt;&gt;</a>&nbsp;&nbsp;&nbsp;Control_JtcSetJointToEnable
<LI><a href="#[c7]">&gt;&gt;</a>&nbsp;&nbsp;&nbsp;Control_TrajClear
</UL>
<BR>[Called By]<UL><LI><a href="#[f0]">&gt;&gt;</a>&nbsp;&nbsp;&nbsp;Control_JtcAct
</UL>

<P><STRONG><a name="[f6]"></a>Control_JtcOperate</STRONG> (Thumb, 118 bytes, Stack size 8 bytes, control.o(i.Control_JtcOperate))
<BR><BR>[Stack]<UL><LI>Max Depth = 2736<LI>Call Chain = Control_JtcOperate &rArr; RNEA_CalcTorques &rArr; HRZ &rArr; __hardfp_sin &rArr; __ieee754_rem_pio2 &rArr; fabs
</UL>
<BR>[Calls]<UL><LI><a href="#[102]">&gt;&gt;</a>&nbsp;&nbsp;&nbsp;RNEA_CalcTorques
<LI><a href="#[103]">&gt;&gt;</a>&nbsp;&nbsp;&nbsp;Joints_CalcPIDs
<LI><a href="#[107]">&gt;&gt;</a>&nbsp;&nbsp;&nbsp;Joints_CalcFrictionCompensate
<LI><a href="#[105]">&gt;&gt;</a>&nbsp;&nbsp;&nbsp;Control_TrajInterpolate
<LI><a href="#[ff]">&gt;&gt;</a>&nbsp;&nbsp;&nbsp;Control_JtcSetJointToEnable
<LI><a href="#[106]">&gt;&gt;</a>&nbsp;&nbsp;&nbsp;Control_JtcPrepareSetedValuesForOperate
</UL>
<BR>[Called By]<UL><LI><a href="#[f0]">&gt;&gt;</a>&nbsp;&nbsp;&nbsp;Control_JtcAct
</UL>

<P><STRONG><a name="[101]"></a>Control_JtcPrepareSetedValuesForHoldPos</STRONG> (Thumb, 78 bytes, Stack size 0 bytes, control.o(i.Control_JtcPrepareSetedValuesForHoldPos))
<BR><BR>[Called By]<UL><LI><a href="#[f5]">&gt;&gt;</a>&nbsp;&nbsp;&nbsp;Control_JtcHoldPos
</UL>

<P><STRONG><a name="[106]"></a>Control_JtcPrepareSetedValuesForOperate</STRONG> (Thumb, 118 bytes, Stack size 12 bytes, control.o(i.Control_JtcPrepareSetedValuesForOperate))
<BR><BR>[Stack]<UL><LI>Max Depth = 12<LI>Call Chain = Control_JtcPrepareSetedValuesForOperate
</UL>
<BR>[Called By]<UL><LI><a href="#[f6]">&gt;&gt;</a>&nbsp;&nbsp;&nbsp;Control_JtcOperate
</UL>

<P><STRONG><a name="[ff]"></a>Control_JtcSetJointToEnable</STRONG> (Thumb, 34 bytes, Stack size 0 bytes, control.o(i.Control_JtcSetJointToEnable))
<BR><BR>[Called By]<UL><LI><a href="#[f4]">&gt;&gt;</a>&nbsp;&nbsp;&nbsp;Control_JtcTeaching
<LI><a href="#[f6]">&gt;&gt;</a>&nbsp;&nbsp;&nbsp;Control_JtcOperate
<LI><a href="#[f3]">&gt;&gt;</a>&nbsp;&nbsp;&nbsp;Control_JtcInit
<LI><a href="#[f5]">&gt;&gt;</a>&nbsp;&nbsp;&nbsp;Control_JtcHoldPos
</UL>

<P><STRONG><a name="[fe]"></a>Control_JtcSetJointToInit</STRONG> (Thumb, 40 bytes, Stack size 0 bytes, control.o(i.Control_JtcSetJointToInit))
<BR><BR>[Called By]<UL><LI><a href="#[f3]">&gt;&gt;</a>&nbsp;&nbsp;&nbsp;Control_JtcInit
<LI><a href="#[f2]">&gt;&gt;</a>&nbsp;&nbsp;&nbsp;Control_JtcError
</UL>

<P><STRONG><a name="[fc]"></a>Control_JtcSetJointToReadyToOperate</STRONG> (Thumb, 44 bytes, Stack size 8 bytes, control.o(i.Control_JtcSetJointToReadyToOperate))
<BR><BR>[Stack]<UL><LI>Max Depth = 8<LI>Call Chain = Control_JtcSetJointToReadyToOperate
</UL>
<BR>[Called By]<UL><LI><a href="#[f3]">&gt;&gt;</a>&nbsp;&nbsp;&nbsp;Control_JtcInit
<LI><a href="#[f2]">&gt;&gt;</a>&nbsp;&nbsp;&nbsp;Control_JtcError
</UL>

<P><STRONG><a name="[f4]"></a>Control_JtcTeaching</STRONG> (Thumb, 106 bytes, Stack size 8 bytes, control.o(i.Control_JtcTeaching))
<BR><BR>[Stack]<UL><LI>Max Depth = 2736<LI>Call Chain = Control_JtcTeaching &rArr; RNEA_CalcTorques &rArr; HRZ &rArr; __hardfp_sin &rArr; __ieee754_rem_pio2 &rArr; fabs
</UL>
<BR>[Calls]<UL><LI><a href="#[102]">&gt;&gt;</a>&nbsp;&nbsp;&nbsp;RNEA_CalcTorques
<LI><a href="#[ff]">&gt;&gt;</a>&nbsp;&nbsp;&nbsp;Control_JtcSetJointToEnable
<LI><a href="#[c7]">&gt;&gt;</a>&nbsp;&nbsp;&nbsp;Control_TrajClear
</UL>
<BR>[Called By]<UL><LI><a href="#[f0]">&gt;&gt;</a>&nbsp;&nbsp;&nbsp;Control_JtcAct
</UL>

<P><STRONG><a name="[10a]"></a>Control_JtcVariableConf</STRONG> (Thumb, 118 bytes, Stack size 12 bytes, control.o(i.Control_JtcVariableConf))
<BR><BR>[Stack]<UL><LI>Max Depth = 12<LI>Call Chain = Control_JtcVariableConf
</UL>
<BR>[Called By]<UL><LI><a href="#[dc]">&gt;&gt;</a>&nbsp;&nbsp;&nbsp;Control_SystemConf
</UL>

<P><STRONG><a name="[ed]"></a>Control_SafetyOutOff</STRONG> (Thumb, 20 bytes, Stack size 0 bytes, control.o(i.Control_SafetyOutOff))
<BR><BR>[Called By]<UL><LI><a href="#[dc]">&gt;&gt;</a>&nbsp;&nbsp;&nbsp;Control_SystemConf
<LI><a href="#[eb]">&gt;&gt;</a>&nbsp;&nbsp;&nbsp;Control_CheckErrorFlags
</UL>

<P><STRONG><a name="[f8]"></a>Control_SetNewTorqueValues</STRONG> (Thumb, 72 bytes, Stack size 0 bytes, control.o(i.Control_SetNewTorqueValues))
<BR><BR>[Called By]<UL><LI><a href="#[f0]">&gt;&gt;</a>&nbsp;&nbsp;&nbsp;Control_JtcAct
</UL>

<P><STRONG><a name="[108]"></a>Control_SetTable</STRONG> (Thumb, 6 bytes, Stack size 0 bytes, control.o(i.Control_SetTable))
<BR><BR>[Called By]<UL><LI><a href="#[cd]">&gt;&gt;</a>&nbsp;&nbsp;&nbsp;Control_SetDefualtArmModel
</UL>

<P><STRONG><a name="[10c]"></a>Control_TimerConf</STRONG> (Thumb, 100 bytes, Stack size 20 bytes, control.o(i.Control_TimerConf))
<BR><BR>[Stack]<UL><LI>Max Depth = 20<LI>Call Chain = Control_TimerConf
</UL>
<BR>[Called By]<UL><LI><a href="#[dc]">&gt;&gt;</a>&nbsp;&nbsp;&nbsp;Control_SystemConf
</UL>

<P><STRONG><a name="[fa]"></a>Control_TrajCheckState</STRONG> (Thumb, 130 bytes, Stack size 16 bytes, control.o(i.Control_TrajCheckState))
<BR><BR>[Stack]<UL><LI>Max Depth = 16<LI>Call Chain = Control_TrajCheckState
</UL>
<BR>[Called By]<UL><LI><a href="#[f1]">&gt;&gt;</a>&nbsp;&nbsp;&nbsp;Control_JtcCheckState
</UL>

<P><STRONG><a name="[100]"></a>Control_TrajClearPointDouble</STRONG> (Thumb, 32 bytes, Stack size 0 bytes, control.o(i.Control_TrajClearPointDouble))
<BR><BR>[Called By]<UL><LI><a href="#[f5]">&gt;&gt;</a>&nbsp;&nbsp;&nbsp;Control_JtcHoldPos
<LI><a href="#[c7]">&gt;&gt;</a>&nbsp;&nbsp;&nbsp;Control_TrajClear
</UL>

<P><STRONG><a name="[105]"></a>Control_TrajInterpolate</STRONG> (Thumb, 460 bytes, Stack size 104 bytes, control.o(i.Control_TrajInterpolate))
<BR><BR>[Stack]<UL><LI>Max Depth = 112<LI>Call Chain = Control_TrajInterpolate &rArr; __aeabi_memcpy4
</UL>
<BR>[Calls]<UL><LI><a href="#[10d]">&gt;&gt;</a>&nbsp;&nbsp;&nbsp;__aeabi_memcpy4 (via Veneer)
</UL>
<BR>[Called By]<UL><LI><a href="#[f6]">&gt;&gt;</a>&nbsp;&nbsp;&nbsp;Control_JtcOperate
</UL>

<P><STRONG><a name="[114]"></a>Joints_CalcFrictionCompensatePolynomial</STRONG> (Thumb, 110 bytes, Stack size 0 bytes, joints.o(i.Joints_CalcFrictionCompensatePolynomial))
<BR><BR>[Called By]<UL><LI><a href="#[107]">&gt;&gt;</a>&nbsp;&nbsp;&nbsp;Joints_CalcFrictionCompensate
</UL>

<P><STRONG><a name="[113]"></a>Joints_CalcFrictionCompensateTable</STRONG> (Thumb, 396 bytes, Stack size 52 bytes, joints.o(i.Joints_CalcFrictionCompensateTable))
<BR><BR>[Stack]<UL><LI>Max Depth = 52<LI>Call Chain = Joints_CalcFrictionCompensateTable
</UL>
<BR>[Called By]<UL><LI><a href="#[107]">&gt;&gt;</a>&nbsp;&nbsp;&nbsp;Joints_CalcFrictionCompensate
</UL>

<P><STRONG><a name="[115]"></a>Joints_SetDefaultFrictionTable</STRONG> (Thumb, 164 bytes, Stack size 48 bytes, joints.o(i.Joints_SetDefaultFrictionTable))
<BR><BR>[Stack]<UL><LI>Max Depth = 56<LI>Call Chain = Joints_SetDefaultFrictionTable &rArr; Joints_FindMinMaxVelTempInFrictionTabeIdx
</UL>
<BR>[Calls]<UL><LI><a href="#[c4]">&gt;&gt;</a>&nbsp;&nbsp;&nbsp;Joints_FindMinMaxVelTempInFrictionTabeIdx
<LI><a href="#[10d]">&gt;&gt;</a>&nbsp;&nbsp;&nbsp;__aeabi_memcpy4 (via Veneer)
</UL>
<BR>[Called By]<UL><LI><a href="#[ce]">&gt;&gt;</a>&nbsp;&nbsp;&nbsp;Joints_SetDefaultFriction
</UL>

<P><STRONG><a name="[10f]"></a>HRX</STRONG> (Thumb, 138 bytes, Stack size 152 bytes, rnea.o(i.HRX))
<BR><BR>[Stack]<UL><LI>Max Depth = 336<LI>Call Chain = HRX &rArr; __hardfp_sin &rArr; __ieee754_rem_pio2 &rArr; fabs
</UL>
<BR>[Calls]<UL><LI><a href="#[d7]">&gt;&gt;</a>&nbsp;&nbsp;&nbsp;__hardfp_sin (via Veneer)
<LI><a href="#[d2]">&gt;&gt;</a>&nbsp;&nbsp;&nbsp;__hardfp_cos (via Veneer)
<LI><a href="#[10d]">&gt;&gt;</a>&nbsp;&nbsp;&nbsp;__aeabi_memcpy4 (via Veneer)
</UL>
<BR>[Called By]<UL><LI><a href="#[c1]">&gt;&gt;</a>&nbsp;&nbsp;&nbsp;RNEA_Conf
</UL>

<P><STRONG><a name="[110]"></a>HRY</STRONG> (Thumb, 138 bytes, Stack size 152 bytes, rnea.o(i.HRY))
<BR><BR>[Stack]<UL><LI>Max Depth = 336<LI>Call Chain = HRY &rArr; __hardfp_sin &rArr; __ieee754_rem_pio2 &rArr; fabs
</UL>
<BR>[Calls]<UL><LI><a href="#[d7]">&gt;&gt;</a>&nbsp;&nbsp;&nbsp;__hardfp_sin (via Veneer)
<LI><a href="#[d2]">&gt;&gt;</a>&nbsp;&nbsp;&nbsp;__hardfp_cos (via Veneer)
<LI><a href="#[10d]">&gt;&gt;</a>&nbsp;&nbsp;&nbsp;__aeabi_memcpy4 (via Veneer)
</UL>
<BR>[Called By]<UL><LI><a href="#[c1]">&gt;&gt;</a>&nbsp;&nbsp;&nbsp;RNEA_Conf
</UL>

<P><STRONG><a name="[111]"></a>HRZ</STRONG> (Thumb, 138 bytes, Stack size 152 bytes, rnea.o(i.HRZ))
<BR><BR>[Stack]<UL><LI>Max Depth = 336<LI>Call Chain = HRZ &rArr; __hardfp_sin &rArr; __ieee754_rem_pio2 &rArr; fabs
</UL>
<BR>[Calls]<UL><LI><a href="#[d7]">&gt;&gt;</a>&nbsp;&nbsp;&nbsp;__hardfp_sin (via Veneer)
<LI><a href="#[d2]">&gt;&gt;</a>&nbsp;&nbsp;&nbsp;__hardfp_cos (via Veneer)
<LI><a href="#[10d]">&gt;&gt;</a>&nbsp;&nbsp;&nbsp;__aeabi_memcpy4 (via Veneer)
</UL>
<BR>[Called By]<UL><LI><a href="#[102]">&gt;&gt;</a>&nbsp;&nbsp;&nbsp;RNEA_CalcTorques
<LI><a href="#[c1]">&gt;&gt;</a>&nbsp;&nbsp;&nbsp;RNEA_Conf
</UL>

<P><STRONG><a name="[112]"></a>HT</STRONG> (Thumb, 80 bytes, Stack size 144 bytes, rnea.o(i.HT))
<BR><BR>[Stack]<UL><LI>Max Depth = 152<LI>Call Chain = HT &rArr; __aeabi_memcpy4
</UL>
<BR>[Calls]<UL><LI><a href="#[10d]">&gt;&gt;</a>&nbsp;&nbsp;&nbsp;__aeabi_memcpy4 (via Veneer)
</UL>
<BR>[Called By]<UL><LI><a href="#[c1]">&gt;&gt;</a>&nbsp;&nbsp;&nbsp;RNEA_Conf
</UL>

<P><STRONG><a name="[116]"></a>Mat3Ones</STRONG> (Thumb, 72 bytes, Stack size 88 bytes, rnea.o(i.Mat3Ones))
<BR><BR>[Stack]<UL><LI>Max Depth = 96<LI>Call Chain = Mat3Ones &rArr; __aeabi_memcpy4
</UL>
<BR>[Calls]<UL><LI><a href="#[10d]">&gt;&gt;</a>&nbsp;&nbsp;&nbsp;__aeabi_memcpy4 (via Veneer)
</UL>
<BR>[Called By]<UL><LI><a href="#[102]">&gt;&gt;</a>&nbsp;&nbsp;&nbsp;RNEA_CalcTorques
<LI><a href="#[c1]">&gt;&gt;</a>&nbsp;&nbsp;&nbsp;RNEA_Conf
</UL>

<P><STRONG><a name="[117]"></a>Mat3Transpose</STRONG> (Thumb, 76 bytes, Stack size 112 bytes, rnea.o(i.Mat3Transpose))
<BR><BR>[Stack]<UL><LI>Max Depth = 120<LI>Call Chain = Mat3Transpose &rArr; __aeabi_memcpy4
</UL>
<BR>[Calls]<UL><LI><a href="#[10d]">&gt;&gt;</a>&nbsp;&nbsp;&nbsp;__aeabi_memcpy4 (via Veneer)
</UL>
<BR>[Called By]<UL><LI><a href="#[102]">&gt;&gt;</a>&nbsp;&nbsp;&nbsp;RNEA_CalcTorques
<LI><a href="#[c1]">&gt;&gt;</a>&nbsp;&nbsp;&nbsp;RNEA_Conf
</UL>

<P><STRONG><a name="[118]"></a>Mat3xMat3</STRONG> (Thumb, 126 bytes, Stack size 120 bytes, rnea.o(i.Mat3xMat3))
<BR><BR>[Stack]<UL><LI>Max Depth = 128<LI>Call Chain = Mat3xMat3 &rArr; __aeabi_memcpy4
</UL>
<BR>[Calls]<UL><LI><a href="#[10d]">&gt;&gt;</a>&nbsp;&nbsp;&nbsp;__aeabi_memcpy4 (via Veneer)
</UL>
<BR>[Called By]<UL><LI><a href="#[102]">&gt;&gt;</a>&nbsp;&nbsp;&nbsp;RNEA_CalcTorques
</UL>

<P><STRONG><a name="[11c]"></a>Mat3xVec3</STRONG> (Thumb, 96 bytes, Stack size 88 bytes, rnea.o(i.Mat3xVec3))
<BR><BR>[Stack]<UL><LI>Max Depth = 88<LI>Call Chain = Mat3xVec3
</UL>
<BR>[Called By]<UL><LI><a href="#[102]">&gt;&gt;</a>&nbsp;&nbsp;&nbsp;RNEA_CalcTorques
</UL>

<P><STRONG><a name="[119]"></a>Mat4Ones</STRONG> (Thumb, 68 bytes, Stack size 144 bytes, rnea.o(i.Mat4Ones))
<BR><BR>[Stack]<UL><LI>Max Depth = 152<LI>Call Chain = Mat4Ones &rArr; __aeabi_memcpy4
</UL>
<BR>[Calls]<UL><LI><a href="#[10d]">&gt;&gt;</a>&nbsp;&nbsp;&nbsp;__aeabi_memcpy4 (via Veneer)
</UL>
<BR>[Called By]<UL><LI><a href="#[c1]">&gt;&gt;</a>&nbsp;&nbsp;&nbsp;RNEA_Conf
</UL>

<P><STRONG><a name="[11a]"></a>Mat4ToMat3</STRONG> (Thumb, 72 bytes, Stack size 112 bytes, rnea.o(i.Mat4ToMat3))
<BR><BR>[Stack]<UL><LI>Max Depth = 120<LI>Call Chain = Mat4ToMat3 &rArr; __aeabi_memcpy4
</UL>
<BR>[Calls]<UL><LI><a href="#[10d]">&gt;&gt;</a>&nbsp;&nbsp;&nbsp;__aeabi_memcpy4 (via Veneer)
</UL>
<BR>[Called By]<UL><LI><a href="#[102]">&gt;&gt;</a>&nbsp;&nbsp;&nbsp;RNEA_CalcTorques
<LI><a href="#[c1]">&gt;&gt;</a>&nbsp;&nbsp;&nbsp;RNEA_Conf
</UL>

<P><STRONG><a name="[122]"></a>Mat4ToVec3</STRONG> (Thumb, 46 bytes, Stack size 48 bytes, rnea.o(i.Mat4ToVec3))
<BR><BR>[Stack]<UL><LI>Max Depth = 48<LI>Call Chain = Mat4ToVec3
</UL>
<BR>[Called By]<UL><LI><a href="#[c1]">&gt;&gt;</a>&nbsp;&nbsp;&nbsp;RNEA_Conf
</UL>

<P><STRONG><a name="[11b]"></a>Mat4xMat4</STRONG> (Thumb, 118 bytes, Stack size 176 bytes, rnea.o(i.Mat4xMat4))
<BR><BR>[Stack]<UL><LI>Max Depth = 184<LI>Call Chain = Mat4xMat4 &rArr; __aeabi_memcpy4
</UL>
<BR>[Calls]<UL><LI><a href="#[10d]">&gt;&gt;</a>&nbsp;&nbsp;&nbsp;__aeabi_memcpy4 (via Veneer)
</UL>
<BR>[Called By]<UL><LI><a href="#[102]">&gt;&gt;</a>&nbsp;&nbsp;&nbsp;RNEA_CalcTorques
<LI><a href="#[c1]">&gt;&gt;</a>&nbsp;&nbsp;&nbsp;RNEA_Conf
</UL>

<P><STRONG><a name="[11e]"></a>Vec3AddVec3</STRONG> (Thumb, 58 bytes, Stack size 88 bytes, rnea.o(i.Vec3AddVec3))
<BR><BR>[Stack]<UL><LI>Max Depth = 88<LI>Call Chain = Vec3AddVec3
</UL>
<BR>[Called By]<UL><LI><a href="#[102]">&gt;&gt;</a>&nbsp;&nbsp;&nbsp;RNEA_CalcTorques
</UL>

<P><STRONG><a name="[11f]"></a>Vec3Cross</STRONG> (Thumb, 50 bytes, Stack size 16 bytes, rnea.o(i.Vec3Cross))
<BR><BR>[Stack]<UL><LI>Max Depth = 16<LI>Call Chain = Vec3Cross
</UL>
<BR>[Called By]<UL><LI><a href="#[102]">&gt;&gt;</a>&nbsp;&nbsp;&nbsp;RNEA_CalcTorques
</UL>

<P><STRONG><a name="[121]"></a>Vec3SubVec3</STRONG> (Thumb, 58 bytes, Stack size 88 bytes, rnea.o(i.Vec3SubVec3))
<BR><BR>[Stack]<UL><LI>Max Depth = 88<LI>Call Chain = Vec3SubVec3
</UL>
<BR>[Called By]<UL><LI><a href="#[102]">&gt;&gt;</a>&nbsp;&nbsp;&nbsp;RNEA_CalcTorques
<LI><a href="#[c1]">&gt;&gt;</a>&nbsp;&nbsp;&nbsp;RNEA_Conf
</UL>

<P><STRONG><a name="[120]"></a>Vec3Zeros</STRONG> (Thumb, 34 bytes, Stack size 24 bytes, rnea.o(i.Vec3Zeros))
<BR><BR>[Stack]<UL><LI>Max Depth = 24<LI>Call Chain = Vec3Zeros
</UL>
<BR>[Called By]<UL><LI><a href="#[102]">&gt;&gt;</a>&nbsp;&nbsp;&nbsp;RNEA_CalcTorques
</UL>

<P><STRONG><a name="[11d]"></a>Vec3xScalar</STRONG> (Thumb, 50 bytes, Stack size 64 bytes, rnea.o(i.Vec3xScalar))
<BR><BR>[Stack]<UL><LI>Max Depth = 64<LI>Call Chain = Vec3xScalar
</UL>
<BR>[Called By]<UL><LI><a href="#[102]">&gt;&gt;</a>&nbsp;&nbsp;&nbsp;RNEA_CalcTorques
</UL>
<P>
<H3>
Undefined Global Symbols
</H3><HR></body></html>
