<html>
<body>
<pre>
<h1>µVision Build Log</h1>
<h2>Tool Versions:</h2>
IDE-Version: µVision V5.36.0.0
Copyright (C) 2021 ARM Ltd and ARM Germany GmbH. All rights reserved.
License Information: Dawid Pietrala, Kielce University of Technology, LIC=6XJFT-AYDM9-4EBLA-Z8CIF-21WVS-ZCPY5
 
Tool Versions:
Toolchain:       MDK-ARM Professional  Version: 5.36.0.0
Toolchain Path:  C:\Keil_v5\ARM\ARMCC\Bin
C Compiler:      Armcc.exe V5.06 update 7 (build 960)
Assembler:       Armasm.exe V5.06 update 7 (build 960)
Linker/Locator:  ArmLink.exe V5.06 update 7 (build 960)
Library Manager: ArmAr.exe V5.06 update 7 (build 960)
Hex Converter:   FromElf.exe V5.06 update 7 (build 960)
CPU DLL:         SARMCM3.DLL V5.36.0.0
Dialog DLL:      DCM.DLL V1.17.3.0
Target DLL:      STLink\ST-LINKIII-KEIL_SWO.dll V3.0.9.0
Dialog DLL:      TCM.DLL V1.53.0.0
 
<h2>Project:</h2>
C:\Users\Dawid\Moj dysk\Avena Technologie\AT_Repo\jtc\AT_H745_JTC_1\AT_H7M7_JTC_1\AT_H7M7_JTC_1.uvprojx
Project File Date:  06/13/2022

<h2>Output:</h2>
*** Using Compiler 'V5.06 update 7 (build 960)', folder: 'C:\Keil_v5\ARM\ARMCC\Bin'
Rebuild Project 'AT_H7M7_JTC_1' - Target 'Target 1'
compiling Com.c...
compiling Gripper.c...
compiling Control.c...
C:\Users\Dawid\Moj dysk\Avena Technologie\AT_Repo\jtc\AT_H745_JTC_1\AT_H7M7_JTC_1\Control.c(259): warning:  #177-D: function "Control_SafetyInRead"  was declared but never referenced
  static bool Control_SafetyInRead(void)
C:\Users\Dawid\Moj dysk\Avena Technologie\AT_Repo\jtc\AT_H745_JTC_1\AT_H7M7_JTC_1\Control.c(334): warning:  #177-D: function "Control_JtcSetJointToCurrentMode"  was declared but never referenced
  static void Control_JtcSetJointToCurrentMode(uint8_t num)
Control.c: 2 warnings, 0 errors
compiling Joints.c...
compiling main.c...
assembling startup_stm32h745xx.s...
compiling TrajGen.c...
compiling Debug.c...
C:\Users\Dawid\Moj dysk\Avena Technologie\AT_Repo\jtc\AT_H745_JTC_1\AT_H7M7_JTC_1\Debug.c(207): warning:  #177-D: variable "crc2"  was declared but never referenced
  	uint16_t crc2 = ((uint16_t)buf[2]<<8) + ((uint16_t)buf[3]<<0);
Debug.c: 1 warning, 0 errors
compiling MB_RTU_Slave.c...
compiling InputsOutputs.c...
compiling Can.c...
compiling RNEA.c...
C:\Users\Dawid\Moj dysk\Avena Technologie\AT_Repo\jtc\AT_H745_JTC_1\AT_H7M7_JTC_1\RNEA.c(232): warning:  #177-D: function "InvMat3"  was declared but never referenced
  static sMatrix3 InvMat3(sMatrix3 m)
RNEA.c: 1 warning, 0 errors
compiling system_stm32h7xx_dualcore_boot_cm4_cm7.c...
compiling MatlabSim.c...
linking...
Program Size: Code=59540 RO-data=22568 RW-data=541704 ZI-data=108192  
FromELF: creating hex file...
".\Objects\AT_H7M7_JTC_1.axf" - 0 Error(s), 4 Warning(s).

<h2>Software Packages used:</h2>

Package Vendor: ARM
                http://www.keil.com/pack/ARM.CMSIS.5.8.0.pack
                ARM.CMSIS.5.8.0
                CMSIS (Common Microcontroller Software Interface Standard)
   * Component: CORE Version: 5.5.0

Package Vendor: Keil
                http://www.keil.com/pack/Keil.STM32H7xx_DFP.3.0.0.pack
                Keil.STM32H7xx_DFP.3.0.0
                STMicroelectronics STM32H7 Series Device Support and Examples
   * Component: Startup Version: 1.9.0

<h2>Collection of Component include folders:</h2>
  .\RTE\_Target_1
  C:\Users\Dawid\AppData\Local\Arm\Packs\ARM\CMSIS\5.8.0\CMSIS\Core\Include
  C:\Users\Dawid\AppData\Local\Arm\Packs\Keil\STM32H7xx_DFP\3.0.0\Drivers\CMSIS\Device\ST\STM32H7xx\Include

<h2>Collection of Component Files used:</h2>

   * Component: ARM::CMSIS:CORE:5.5.0

   * Component: Keil::Device:Startup:1.9.0
      Include file:  Drivers\CMSIS\Device\ST\STM32H7xx\Include\stm32h7xx.h
      Source file:   Drivers\CMSIS\Device\ST\STM32H7xx\Source\Templates\arm\startup_stm32h745xx.s
      Source file:   Drivers\CMSIS\Device\ST\STM32H7xx\Source\Templates\system_stm32h7xx_dualcore_boot_cm4_cm7.c
Build Time Elapsed:  00:00:18
</pre>
</body>
</html>
