<!doctype html public "-//w3c//dtd html 4.0 transitional//en">
<html><head>
<title>Static Call Graph - [.\Objects\AT_H7M7_JTC_1.axf]</title></head>
<body><HR>
<H1>Static Call Graph for image .\Objects\AT_H7M7_JTC_1.axf</H1><HR>
<BR><P>#&#060CALLGRAPH&#062# ARM Linker, 5060960: Last Updated: Tue Jun 14 15:42:08 2022
<BR><P>
<H3>Maximum Stack Usage =      22256 bytes + Unknown(Functions without stacksize, Cycles, Untraceable Function Pointers)</H3><H3>
Call chain for Maximum Stack Depth:</H3>
__rt_entry_main &rArr; main &rArr; TG_TrajGen &rArr; TG_SLP_FindTraj &rArr; TG_SLP_q2 &rArr; __hardfp_pow &rArr; sqrt &rArr; __set_errno
<P>
<H3>
Functions with no stack information
</H3><UL>
 <LI><a href="#[c2]">__user_initial_stackheap</a>
</UL>
</UL>
<P>
<H3>
Mutually Recursive functions
</H3> <LI><a href="#[4]">NMI_Handler</a>&nbsp;&nbsp;&nbsp;&rArr;&nbsp;&nbsp;&nbsp;<a href="#[4]">NMI_Handler</a><BR>
 <LI><a href="#[5]">HardFault_Handler</a>&nbsp;&nbsp;&nbsp;&rArr;&nbsp;&nbsp;&nbsp;<a href="#[5]">HardFault_Handler</a><BR>
 <LI><a href="#[6]">MemManage_Handler</a>&nbsp;&nbsp;&nbsp;&rArr;&nbsp;&nbsp;&nbsp;<a href="#[6]">MemManage_Handler</a><BR>
 <LI><a href="#[7]">BusFault_Handler</a>&nbsp;&nbsp;&nbsp;&rArr;&nbsp;&nbsp;&nbsp;<a href="#[7]">BusFault_Handler</a><BR>
 <LI><a href="#[8]">UsageFault_Handler</a>&nbsp;&nbsp;&nbsp;&rArr;&nbsp;&nbsp;&nbsp;<a href="#[8]">UsageFault_Handler</a><BR>
 <LI><a href="#[9]">SVC_Handler</a>&nbsp;&nbsp;&nbsp;&rArr;&nbsp;&nbsp;&nbsp;<a href="#[9]">SVC_Handler</a><BR>
 <LI><a href="#[a]">DebugMon_Handler</a>&nbsp;&nbsp;&nbsp;&rArr;&nbsp;&nbsp;&nbsp;<a href="#[a]">DebugMon_Handler</a><BR>
 <LI><a href="#[b]">PendSV_Handler</a>&nbsp;&nbsp;&nbsp;&rArr;&nbsp;&nbsp;&nbsp;<a href="#[b]">PendSV_Handler</a><BR>
 <LI><a href="#[87]">ADC3_IRQHandler</a>&nbsp;&nbsp;&nbsp;&rArr;&nbsp;&nbsp;&nbsp;<a href="#[87]">ADC3_IRQHandler</a><BR>
</UL>
<P>
<H3>
Function Pointers
</H3><UL>
 <LI><a href="#[87]">ADC3_IRQHandler</a> from startup_stm32h745xx.o(.text) referenced from startup_stm32h745xx.o(RESET)
 <LI><a href="#[1f]">ADC_IRQHandler</a> from startup_stm32h745xx.o(.text) referenced from startup_stm32h745xx.o(RESET)
 <LI><a href="#[89]">BDMA_Channel0_IRQHandler</a> from startup_stm32h745xx.o(.text) referenced from startup_stm32h745xx.o(RESET)
 <LI><a href="#[8a]">BDMA_Channel1_IRQHandler</a> from startup_stm32h745xx.o(.text) referenced from startup_stm32h745xx.o(RESET)
 <LI><a href="#[8b]">BDMA_Channel2_IRQHandler</a> from startup_stm32h745xx.o(.text) referenced from startup_stm32h745xx.o(RESET)
 <LI><a href="#[8c]">BDMA_Channel3_IRQHandler</a> from startup_stm32h745xx.o(.text) referenced from startup_stm32h745xx.o(RESET)
 <LI><a href="#[8d]">BDMA_Channel4_IRQHandler</a> from startup_stm32h745xx.o(.text) referenced from startup_stm32h745xx.o(RESET)
 <LI><a href="#[8e]">BDMA_Channel5_IRQHandler</a> from startup_stm32h745xx.o(.text) referenced from startup_stm32h745xx.o(RESET)
 <LI><a href="#[8f]">BDMA_Channel6_IRQHandler</a> from startup_stm32h745xx.o(.text) referenced from startup_stm32h745xx.o(RESET)
 <LI><a href="#[90]">BDMA_Channel7_IRQHandler</a> from startup_stm32h745xx.o(.text) referenced from startup_stm32h745xx.o(RESET)
 <LI><a href="#[7]">BusFault_Handler</a> from startup_stm32h745xx.o(.text) referenced from startup_stm32h745xx.o(RESET)
 <LI><a href="#[67]">CEC_IRQHandler</a> from startup_stm32h745xx.o(.text) referenced from startup_stm32h745xx.o(RESET)
 <LI><a href="#[4d]">CM4_SEV_IRQHandler</a> from startup_stm32h745xx.o(.text) referenced from startup_stm32h745xx.o(RESET)
 <LI><a href="#[4c]">CM7_SEV_IRQHandler</a> from startup_stm32h745xx.o(.text) referenced from startup_stm32h745xx.o(RESET)
 <LI><a href="#[91]">COMP1_IRQHandler</a> from startup_stm32h745xx.o(.text) referenced from startup_stm32h745xx.o(RESET)
 <LI><a href="#[98]">CRS_IRQHandler</a> from startup_stm32h745xx.o(.text) referenced from startup_stm32h745xx.o(RESET)
 <LI><a href="#[a0]">Can_SendFrameChangeFsm</a> from can.o(i.Can_SendFrameChangeFsm) referenced from can.o(i.Can_TxBufferConf)
 <LI><a href="#[a1]">Can_SendFrameChangeMode</a> from can.o(i.Can_SendFrameChangeMode) referenced from can.o(i.Can_TxBufferConf)
 <LI><a href="#[9f]">Can_SendFrameMove</a> from can.o(i.Can_SendFrameMove) referenced from can.o(i.Can_TxBufferConf)
 <LI><a href="#[a2]">Can_SendFrameResetAllDevices</a> from can.o(i.Can_SendFrameResetAllDevices) referenced from can.o(i.Can_TxBufferConf)
 <LI><a href="#[a9]">Can_SendFrameResetGripper</a> from can.o(i.Can_SendFrameResetGripper) referenced from can.o(i.Can_TxBufferConf)
 <LI><a href="#[a3]">Can_SendFrameResetJoint0</a> from can.o(i.Can_SendFrameResetJoint0) referenced from can.o(i.Can_TxBufferConf)
 <LI><a href="#[a4]">Can_SendFrameResetJoint1</a> from can.o(i.Can_SendFrameResetJoint1) referenced from can.o(i.Can_TxBufferConf)
 <LI><a href="#[a5]">Can_SendFrameResetJoint2</a> from can.o(i.Can_SendFrameResetJoint2) referenced from can.o(i.Can_TxBufferConf)
 <LI><a href="#[a6]">Can_SendFrameResetJoint3</a> from can.o(i.Can_SendFrameResetJoint3) referenced from can.o(i.Can_TxBufferConf)
 <LI><a href="#[a7]">Can_SendFrameResetJoint4</a> from can.o(i.Can_SendFrameResetJoint4) referenced from can.o(i.Can_TxBufferConf)
 <LI><a href="#[a8]">Can_SendFrameResetJoint5</a> from can.o(i.Can_SendFrameResetJoint5) referenced from can.o(i.Can_TxBufferConf)
 <LI><a href="#[58]">DCMI_IRQHandler</a> from startup_stm32h745xx.o(.text) referenced from startup_stm32h745xx.o(RESET)
 <LI><a href="#[77]">DFSDM1_FLT0_IRQHandler</a> from startup_stm32h745xx.o(.text) referenced from startup_stm32h745xx.o(RESET)
 <LI><a href="#[78]">DFSDM1_FLT1_IRQHandler</a> from startup_stm32h745xx.o(.text) referenced from startup_stm32h745xx.o(RESET)
 <LI><a href="#[79]">DFSDM1_FLT2_IRQHandler</a> from startup_stm32h745xx.o(.text) referenced from startup_stm32h745xx.o(RESET)
 <LI><a href="#[7a]">DFSDM1_FLT3_IRQHandler</a> from startup_stm32h745xx.o(.text) referenced from startup_stm32h745xx.o(RESET)
 <LI><a href="#[18]">DMA1_Stream0_IRQHandler</a> from mb_rtu_slave.o(i.DMA1_Stream0_IRQHandler) referenced from startup_stm32h745xx.o(RESET)
 <LI><a href="#[19]">DMA1_Stream1_IRQHandler</a> from mb_rtu_slave.o(i.DMA1_Stream1_IRQHandler) referenced from startup_stm32h745xx.o(RESET)
 <LI><a href="#[1a]">DMA1_Stream2_IRQHandler</a> from startup_stm32h745xx.o(.text) referenced from startup_stm32h745xx.o(RESET)
 <LI><a href="#[1b]">DMA1_Stream3_IRQHandler</a> from debug.o(i.DMA1_Stream3_IRQHandler) referenced from startup_stm32h745xx.o(RESET)
 <LI><a href="#[1c]">DMA1_Stream4_IRQHandler</a> from startup_stm32h745xx.o(.text) referenced from startup_stm32h745xx.o(RESET)
 <LI><a href="#[1d]">DMA1_Stream5_IRQHandler</a> from startup_stm32h745xx.o(.text) referenced from startup_stm32h745xx.o(RESET)
 <LI><a href="#[1e]">DMA1_Stream6_IRQHandler</a> from startup_stm32h745xx.o(.text) referenced from startup_stm32h745xx.o(RESET)
 <LI><a href="#[3b]">DMA1_Stream7_IRQHandler</a> from startup_stm32h745xx.o(.text) referenced from startup_stm32h745xx.o(RESET)
 <LI><a href="#[63]">DMA2D_IRQHandler</a> from startup_stm32h745xx.o(.text) referenced from startup_stm32h745xx.o(RESET)
 <LI><a href="#[44]">DMA2_Stream0_IRQHandler</a> from startup_stm32h745xx.o(.text) referenced from startup_stm32h745xx.o(RESET)
 <LI><a href="#[45]">DMA2_Stream1_IRQHandler</a> from startup_stm32h745xx.o(.text) referenced from startup_stm32h745xx.o(RESET)
 <LI><a href="#[46]">DMA2_Stream2_IRQHandler</a> from startup_stm32h745xx.o(.text) referenced from startup_stm32h745xx.o(RESET)
 <LI><a href="#[47]">DMA2_Stream3_IRQHandler</a> from startup_stm32h745xx.o(.text) referenced from startup_stm32h745xx.o(RESET)
 <LI><a href="#[48]">DMA2_Stream4_IRQHandler</a> from startup_stm32h745xx.o(.text) referenced from startup_stm32h745xx.o(RESET)
 <LI><a href="#[4e]">DMA2_Stream5_IRQHandler</a> from startup_stm32h745xx.o(.text) referenced from startup_stm32h745xx.o(RESET)
 <LI><a href="#[4f]">DMA2_Stream6_IRQHandler</a> from startup_stm32h745xx.o(.text) referenced from startup_stm32h745xx.o(RESET)
 <LI><a href="#[50]">DMA2_Stream7_IRQHandler</a> from startup_stm32h745xx.o(.text) referenced from startup_stm32h745xx.o(RESET)
 <LI><a href="#[6f]">DMAMUX1_OVR_IRQHandler</a> from startup_stm32h745xx.o(.text) referenced from startup_stm32h745xx.o(RESET)
 <LI><a href="#[88]">DMAMUX2_OVR_IRQHandler</a> from startup_stm32h745xx.o(.text) referenced from startup_stm32h745xx.o(RESET)
 <LI><a href="#[a]">DebugMon_Handler</a> from startup_stm32h745xx.o(.text) referenced from startup_stm32h745xx.o(RESET)
 <LI><a href="#[99]">ECC_IRQHandler</a> from startup_stm32h745xx.o(.text) referenced from startup_stm32h745xx.o(RESET)
 <LI><a href="#[49]">ETH_IRQHandler</a> from startup_stm32h745xx.o(.text) referenced from startup_stm32h745xx.o(RESET)
 <LI><a href="#[4a]">ETH_WKUP_IRQHandler</a> from startup_stm32h745xx.o(.text) referenced from startup_stm32h745xx.o(RESET)
 <LI><a href="#[13]">EXTI0_IRQHandler</a> from startup_stm32h745xx.o(.text) referenced from startup_stm32h745xx.o(RESET)
 <LI><a href="#[35]">EXTI15_10_IRQHandler</a> from startup_stm32h745xx.o(.text) referenced from startup_stm32h745xx.o(RESET)
 <LI><a href="#[14]">EXTI1_IRQHandler</a> from startup_stm32h745xx.o(.text) referenced from startup_stm32h745xx.o(RESET)
 <LI><a href="#[15]">EXTI2_IRQHandler</a> from startup_stm32h745xx.o(.text) referenced from startup_stm32h745xx.o(RESET)
 <LI><a href="#[16]">EXTI3_IRQHandler</a> from startup_stm32h745xx.o(.text) referenced from startup_stm32h745xx.o(RESET)
 <LI><a href="#[17]">EXTI4_IRQHandler</a> from startup_stm32h745xx.o(.text) referenced from startup_stm32h745xx.o(RESET)
 <LI><a href="#[24]">EXTI9_5_IRQHandler</a> from startup_stm32h745xx.o(.text) referenced from startup_stm32h745xx.o(RESET)
 <LI><a href="#[20]">FDCAN1_IT0_IRQHandler</a> from can.o(i.FDCAN1_IT0_IRQHandler) referenced from startup_stm32h745xx.o(RESET)
 <LI><a href="#[22]">FDCAN1_IT1_IRQHandler</a> from can.o(i.FDCAN1_IT1_IRQHandler) referenced from startup_stm32h745xx.o(RESET)
 <LI><a href="#[21]">FDCAN2_IT0_IRQHandler</a> from startup_stm32h745xx.o(.text) referenced from startup_stm32h745xx.o(RESET)
 <LI><a href="#[23]">FDCAN2_IT1_IRQHandler</a> from startup_stm32h745xx.o(.text) referenced from startup_stm32h745xx.o(RESET)
 <LI><a href="#[4b]">FDCAN_CAL_IRQHandler</a> from startup_stm32h745xx.o(.text) referenced from startup_stm32h745xx.o(RESET)
 <LI><a href="#[11]">FLASH_IRQHandler</a> from startup_stm32h745xx.o(.text) referenced from startup_stm32h745xx.o(RESET)
 <LI><a href="#[3c]">FMC_IRQHandler</a> from startup_stm32h745xx.o(.text) referenced from startup_stm32h745xx.o(RESET)
 <LI><a href="#[5a]">FPU_IRQHandler</a> from startup_stm32h745xx.o(.text) referenced from startup_stm32h745xx.o(RESET)
 <LI><a href="#[9b]">HOLD_CORE_IRQHandler</a> from startup_stm32h745xx.o(.text) referenced from startup_stm32h745xx.o(RESET)
 <LI><a href="#[76]">HRTIM1_FLT_IRQHandler</a> from startup_stm32h745xx.o(.text) referenced from startup_stm32h745xx.o(RESET)
 <LI><a href="#[70]">HRTIM1_Master_IRQHandler</a> from startup_stm32h745xx.o(.text) referenced from startup_stm32h745xx.o(RESET)
 <LI><a href="#[71]">HRTIM1_TIMA_IRQHandler</a> from startup_stm32h745xx.o(.text) referenced from startup_stm32h745xx.o(RESET)
 <LI><a href="#[72]">HRTIM1_TIMB_IRQHandler</a> from startup_stm32h745xx.o(.text) referenced from startup_stm32h745xx.o(RESET)
 <LI><a href="#[73]">HRTIM1_TIMC_IRQHandler</a> from startup_stm32h745xx.o(.text) referenced from startup_stm32h745xx.o(RESET)
 <LI><a href="#[74]">HRTIM1_TIMD_IRQHandler</a> from startup_stm32h745xx.o(.text) referenced from startup_stm32h745xx.o(RESET)
 <LI><a href="#[75]">HRTIM1_TIME_IRQHandler</a> from startup_stm32h745xx.o(.text) referenced from startup_stm32h745xx.o(RESET)
 <LI><a href="#[85]">HSEM1_IRQHandler</a> from startup_stm32h745xx.o(.text) referenced from startup_stm32h745xx.o(RESET)
 <LI><a href="#[86]">HSEM2_IRQHandler</a> from startup_stm32h745xx.o(.text) referenced from startup_stm32h745xx.o(RESET)
 <LI><a href="#[5]">HardFault_Handler</a> from startup_stm32h745xx.o(.text) referenced from startup_stm32h745xx.o(RESET)
 <LI><a href="#[2d]">I2C1_ER_IRQHandler</a> from startup_stm32h745xx.o(.text) referenced from startup_stm32h745xx.o(RESET)
 <LI><a href="#[2c]">I2C1_EV_IRQHandler</a> from startup_stm32h745xx.o(.text) referenced from startup_stm32h745xx.o(RESET)
 <LI><a href="#[2f]">I2C2_ER_IRQHandler</a> from startup_stm32h745xx.o(.text) referenced from startup_stm32h745xx.o(RESET)
 <LI><a href="#[2e]">I2C2_EV_IRQHandler</a> from startup_stm32h745xx.o(.text) referenced from startup_stm32h745xx.o(RESET)
 <LI><a href="#[53]">I2C3_ER_IRQHandler</a> from startup_stm32h745xx.o(.text) referenced from startup_stm32h745xx.o(RESET)
 <LI><a href="#[52]">I2C3_EV_IRQHandler</a> from startup_stm32h745xx.o(.text) referenced from startup_stm32h745xx.o(RESET)
 <LI><a href="#[69]">I2C4_ER_IRQHandler</a> from startup_stm32h745xx.o(.text) referenced from startup_stm32h745xx.o(RESET)
 <LI><a href="#[68]">I2C4_EV_IRQHandler</a> from startup_stm32h745xx.o(.text) referenced from startup_stm32h745xx.o(RESET)
 <LI><a href="#[82]">JPEG_IRQHandler</a> from startup_stm32h745xx.o(.text) referenced from startup_stm32h745xx.o(RESET)
 <LI><a href="#[66]">LPTIM1_IRQHandler</a> from startup_stm32h745xx.o(.text) referenced from startup_stm32h745xx.o(RESET)
 <LI><a href="#[92]">LPTIM2_IRQHandler</a> from startup_stm32h745xx.o(.text) referenced from startup_stm32h745xx.o(RESET)
 <LI><a href="#[93]">LPTIM3_IRQHandler</a> from startup_stm32h745xx.o(.text) referenced from startup_stm32h745xx.o(RESET)
 <LI><a href="#[94]">LPTIM4_IRQHandler</a> from startup_stm32h745xx.o(.text) referenced from startup_stm32h745xx.o(RESET)
 <LI><a href="#[95]">LPTIM5_IRQHandler</a> from startup_stm32h745xx.o(.text) referenced from startup_stm32h745xx.o(RESET)
 <LI><a href="#[96]">LPUART1_IRQHandler</a> from startup_stm32h745xx.o(.text) referenced from startup_stm32h745xx.o(RESET)
 <LI><a href="#[62]">LTDC_ER_IRQHandler</a> from startup_stm32h745xx.o(.text) referenced from startup_stm32h745xx.o(RESET)
 <LI><a href="#[61]">LTDC_IRQHandler</a> from startup_stm32h745xx.o(.text) referenced from startup_stm32h745xx.o(RESET)
 <LI><a href="#[81]">MDIOS_IRQHandler</a> from startup_stm32h745xx.o(.text) referenced from startup_stm32h745xx.o(RESET)
 <LI><a href="#[80]">MDIOS_WKUP_IRQHandler</a> from startup_stm32h745xx.o(.text) referenced from startup_stm32h745xx.o(RESET)
 <LI><a href="#[83]">MDMA_IRQHandler</a> from startup_stm32h745xx.o(.text) referenced from startup_stm32h745xx.o(RESET)
 <LI><a href="#[6]">MemManage_Handler</a> from startup_stm32h745xx.o(.text) referenced from startup_stm32h745xx.o(RESET)
 <LI><a href="#[4]">NMI_Handler</a> from startup_stm32h745xx.o(.text) referenced from startup_stm32h745xx.o(RESET)
 <LI><a href="#[6c]">OTG_FS_EP1_IN_IRQHandler</a> from startup_stm32h745xx.o(.text) referenced from startup_stm32h745xx.o(RESET)
 <LI><a href="#[6b]">OTG_FS_EP1_OUT_IRQHandler</a> from startup_stm32h745xx.o(.text) referenced from startup_stm32h745xx.o(RESET)
 <LI><a href="#[6e]">OTG_FS_IRQHandler</a> from startup_stm32h745xx.o(.text) referenced from startup_stm32h745xx.o(RESET)
 <LI><a href="#[6d]">OTG_FS_WKUP_IRQHandler</a> from startup_stm32h745xx.o(.text) referenced from startup_stm32h745xx.o(RESET)
 <LI><a href="#[55]">OTG_HS_EP1_IN_IRQHandler</a> from startup_stm32h745xx.o(.text) referenced from startup_stm32h745xx.o(RESET)
 <LI><a href="#[54]">OTG_HS_EP1_OUT_IRQHandler</a> from startup_stm32h745xx.o(.text) referenced from startup_stm32h745xx.o(RESET)
 <LI><a href="#[57]">OTG_HS_IRQHandler</a> from startup_stm32h745xx.o(.text) referenced from startup_stm32h745xx.o(RESET)
 <LI><a href="#[56]">OTG_HS_WKUP_IRQHandler</a> from startup_stm32h745xx.o(.text) referenced from startup_stm32h745xx.o(RESET)
 <LI><a href="#[e]">PVD_AVD_IRQHandler</a> from startup_stm32h745xx.o(.text) referenced from startup_stm32h745xx.o(RESET)
 <LI><a href="#[b]">PendSV_Handler</a> from startup_stm32h745xx.o(.text) referenced from startup_stm32h745xx.o(RESET)
 <LI><a href="#[65]">QUADSPI_IRQHandler</a> from startup_stm32h745xx.o(.text) referenced from startup_stm32h745xx.o(RESET)
 <LI><a href="#[12]">RCC_IRQHandler</a> from startup_stm32h745xx.o(.text) referenced from startup_stm32h745xx.o(RESET)
 <LI><a href="#[59]">RNG_IRQHandler</a> from startup_stm32h745xx.o(.text) referenced from startup_stm32h745xx.o(RESET)
 <LI><a href="#[36]">RTC_Alarm_IRQHandler</a> from startup_stm32h745xx.o(.text) referenced from startup_stm32h745xx.o(RESET)
 <LI><a href="#[10]">RTC_WKUP_IRQHandler</a> from startup_stm32h745xx.o(.text) referenced from startup_stm32h745xx.o(RESET)
 <LI><a href="#[3]">Reset_Handler</a> from startup_stm32h745xx.o(.text) referenced from startup_stm32h745xx.o(RESET)
 <LI><a href="#[60]">SAI1_IRQHandler</a> from startup_stm32h745xx.o(.text) referenced from startup_stm32h745xx.o(RESET)
 <LI><a href="#[64]">SAI2_IRQHandler</a> from startup_stm32h745xx.o(.text) referenced from startup_stm32h745xx.o(RESET)
 <LI><a href="#[7b]">SAI3_IRQHandler</a> from startup_stm32h745xx.o(.text) referenced from startup_stm32h745xx.o(RESET)
 <LI><a href="#[9a]">SAI4_IRQHandler</a> from startup_stm32h745xx.o(.text) referenced from startup_stm32h745xx.o(RESET)
 <LI><a href="#[3d]">SDMMC1_IRQHandler</a> from startup_stm32h745xx.o(.text) referenced from startup_stm32h745xx.o(RESET)
 <LI><a href="#[84]">SDMMC2_IRQHandler</a> from startup_stm32h745xx.o(.text) referenced from startup_stm32h745xx.o(RESET)
 <LI><a href="#[6a]">SPDIF_RX_IRQHandler</a> from startup_stm32h745xx.o(.text) referenced from startup_stm32h745xx.o(RESET)
 <LI><a href="#[30]">SPI1_IRQHandler</a> from startup_stm32h745xx.o(.text) referenced from startup_stm32h745xx.o(RESET)
 <LI><a href="#[31]">SPI2_IRQHandler</a> from startup_stm32h745xx.o(.text) referenced from startup_stm32h745xx.o(RESET)
 <LI><a href="#[3f]">SPI3_IRQHandler</a> from startup_stm32h745xx.o(.text) referenced from startup_stm32h745xx.o(RESET)
 <LI><a href="#[5d]">SPI4_IRQHandler</a> from startup_stm32h745xx.o(.text) referenced from startup_stm32h745xx.o(RESET)
 <LI><a href="#[5e]">SPI5_IRQHandler</a> from startup_stm32h745xx.o(.text) referenced from startup_stm32h745xx.o(RESET)
 <LI><a href="#[5f]">SPI6_IRQHandler</a> from startup_stm32h745xx.o(.text) referenced from startup_stm32h745xx.o(RESET)
 <LI><a href="#[9]">SVC_Handler</a> from startup_stm32h745xx.o(.text) referenced from startup_stm32h745xx.o(RESET)
 <LI><a href="#[7c]">SWPMI1_IRQHandler</a> from startup_stm32h745xx.o(.text) referenced from startup_stm32h745xx.o(RESET)
 <LI><a href="#[c]">SysTick_Handler</a> from control.o(i.SysTick_Handler) referenced from startup_stm32h745xx.o(RESET)
 <LI><a href="#[9d]">SystemInit</a> from system_stm32h7xx_dualcore_boot_cm4_cm7.o(i.SystemInit) referenced from startup_stm32h745xx.o(.text)
 <LI><a href="#[f]">TAMP_STAMP_IRQHandler</a> from startup_stm32h745xx.o(.text) referenced from startup_stm32h745xx.o(RESET)
 <LI><a href="#[7d]">TIM15_IRQHandler</a> from startup_stm32h745xx.o(.text) referenced from startup_stm32h745xx.o(RESET)
 <LI><a href="#[7e]">TIM16_IRQHandler</a> from startup_stm32h745xx.o(.text) referenced from startup_stm32h745xx.o(RESET)
 <LI><a href="#[7f]">TIM17_IRQHandler</a> from startup_stm32h745xx.o(.text) referenced from startup_stm32h745xx.o(RESET)
 <LI><a href="#[25]">TIM1_BRK_IRQHandler</a> from startup_stm32h745xx.o(.text) referenced from startup_stm32h745xx.o(RESET)
 <LI><a href="#[28]">TIM1_CC_IRQHandler</a> from startup_stm32h745xx.o(.text) referenced from startup_stm32h745xx.o(RESET)
 <LI><a href="#[27]">TIM1_TRG_COM_IRQHandler</a> from startup_stm32h745xx.o(.text) referenced from startup_stm32h745xx.o(RESET)
 <LI><a href="#[26]">TIM1_UP_IRQHandler</a> from startup_stm32h745xx.o(.text) referenced from startup_stm32h745xx.o(RESET)
 <LI><a href="#[29]">TIM2_IRQHandler</a> from startup_stm32h745xx.o(.text) referenced from startup_stm32h745xx.o(RESET)
 <LI><a href="#[2a]">TIM3_IRQHandler</a> from startup_stm32h745xx.o(.text) referenced from startup_stm32h745xx.o(RESET)
 <LI><a href="#[2b]">TIM4_IRQHandler</a> from startup_stm32h745xx.o(.text) referenced from startup_stm32h745xx.o(RESET)
 <LI><a href="#[3e]">TIM5_IRQHandler</a> from mb_rtu_slave.o(i.TIM5_IRQHandler) referenced from startup_stm32h745xx.o(RESET)
 <LI><a href="#[42]">TIM6_DAC_IRQHandler</a> from startup_stm32h745xx.o(.text) referenced from startup_stm32h745xx.o(RESET)
 <LI><a href="#[43]">TIM7_IRQHandler</a> from control.o(i.TIM7_IRQHandler) referenced from startup_stm32h745xx.o(RESET)
 <LI><a href="#[37]">TIM8_BRK_TIM12_IRQHandler</a> from startup_stm32h745xx.o(.text) referenced from startup_stm32h745xx.o(RESET)
 <LI><a href="#[3a]">TIM8_CC_IRQHandler</a> from startup_stm32h745xx.o(.text) referenced from startup_stm32h745xx.o(RESET)
 <LI><a href="#[39]">TIM8_TRG_COM_TIM14_IRQHandler</a> from startup_stm32h745xx.o(.text) referenced from startup_stm32h745xx.o(RESET)
 <LI><a href="#[38]">TIM8_UP_TIM13_IRQHandler</a> from startup_stm32h745xx.o(.text) referenced from startup_stm32h745xx.o(RESET)
 <LI><a href="#[40]">UART4_IRQHandler</a> from startup_stm32h745xx.o(.text) referenced from startup_stm32h745xx.o(RESET)
 <LI><a href="#[41]">UART5_IRQHandler</a> from startup_stm32h745xx.o(.text) referenced from startup_stm32h745xx.o(RESET)
 <LI><a href="#[5b]">UART7_IRQHandler</a> from startup_stm32h745xx.o(.text) referenced from startup_stm32h745xx.o(RESET)
 <LI><a href="#[5c]">UART8_IRQHandler</a> from startup_stm32h745xx.o(.text) referenced from startup_stm32h745xx.o(RESET)
 <LI><a href="#[32]">USART1_IRQHandler</a> from startup_stm32h745xx.o(.text) referenced from startup_stm32h745xx.o(RESET)
 <LI><a href="#[33]">USART2_IRQHandler</a> from mb_rtu_slave.o(i.USART2_IRQHandler) referenced from startup_stm32h745xx.o(RESET)
 <LI><a href="#[34]">USART3_IRQHandler</a> from debug.o(i.USART3_IRQHandler) referenced from startup_stm32h745xx.o(RESET)
 <LI><a href="#[51]">USART6_IRQHandler</a> from startup_stm32h745xx.o(.text) referenced from startup_stm32h745xx.o(RESET)
 <LI><a href="#[8]">UsageFault_Handler</a> from startup_stm32h745xx.o(.text) referenced from startup_stm32h745xx.o(RESET)
 <LI><a href="#[9c]">WAKEUP_PIN_IRQHandler</a> from startup_stm32h745xx.o(.text) referenced from startup_stm32h745xx.o(RESET)
 <LI><a href="#[d]">WWDG_IRQHandler</a> from startup_stm32h745xx.o(.text) referenced from startup_stm32h745xx.o(RESET)
 <LI><a href="#[97]">WWDG_RST_IRQHandler</a> from startup_stm32h745xx.o(.text) referenced from startup_stm32h745xx.o(RESET)
 <LI><a href="#[aa]">__main</a> from __main.o(!!!main) referenced from startup_stm32h745xx.o(.text)
</UL>
<P>
<H3>
Global Symbols
</H3>
<P><STRONG><a name="[10c]"></a>Can_Conf</STRONG> (Thumb, 30 bytes, Stack size 8 bytes, can.o(i.Can_Conf))
<BR><BR>[Stack]<UL><LI>Max Depth = 36<LI>Call Chain = Can_Conf &rArr; Can_FiltersConf
</UL>
<BR>[Calls]<UL><LI><a href="#[10f]">&gt;&gt;</a>&nbsp;&nbsp;&nbsp;Can_TxBufferConf
<LI><a href="#[10d]">&gt;&gt;</a>&nbsp;&nbsp;&nbsp;Can_StructConf
<LI><a href="#[10e]">&gt;&gt;</a>&nbsp;&nbsp;&nbsp;Can_FiltersConf
<LI><a href="#[110]">&gt;&gt;</a>&nbsp;&nbsp;&nbsp;Can_FdcanConf
</UL>
<BR>[Called By]<UL><LI><a href="#[104]">&gt;&gt;</a>&nbsp;&nbsp;&nbsp;Control_SystemConf
</UL>

<P><STRONG><a name="[116]"></a>Can_SendDataToJoints</STRONG> (Thumb, 92 bytes, Stack size 8 bytes, can.o(i.Can_SendDataToJoints))
<BR><BR>[Stack]<UL><LI>Max Depth = 40<LI>Call Chain = Can_SendDataToJoints &rArr; Can_CheckStatus &rArr; Can_CheckCanStatus
</UL>
<BR>[Calls]<UL><LI><a href="#[117]">&gt;&gt;</a>&nbsp;&nbsp;&nbsp;Can_SendFrameToDevices
<LI><a href="#[10a]">&gt;&gt;</a>&nbsp;&nbsp;&nbsp;Can_CheckStatus
</UL>
<BR>[Called By]<UL><LI><a href="#[120]">&gt;&gt;</a>&nbsp;&nbsp;&nbsp;Control_JtcAct
</UL>

<P><STRONG><a name="[105]"></a>ControlJtcJogKinCalc</STRONG> (Thumb, 74 bytes, Stack size 1368 bytes, control.o(i.ControlJtcJogKinCalc))
<BR><BR>[Stack]<UL><LI>Max Depth = 6864<LI>Call Chain = ControlJtcJogKinCalc &rArr; Kin_IKCalcFromRotMat &rArr; Kin_IKRaw &rArr; InvMat4 &rArr; Mat4Ones &rArr; __aeabi_memcpy4
</UL>
<BR>[Calls]<UL><LI><a href="#[118]">&gt;&gt;</a>&nbsp;&nbsp;&nbsp;Kin_IKCalcFromRotMat
<LI><a href="#[bd]">&gt;&gt;</a>&nbsp;&nbsp;&nbsp;__aeabi_memcpy4 (via Veneer)
</UL>
<BR>[Called By]<UL><LI><a href="#[b6]">&gt;&gt;</a>&nbsp;&nbsp;&nbsp;main (via Veneer)
</UL>

<P><STRONG><a name="[e0]"></a>Control_ClearExternallErrorsViaCan</STRONG> (Thumb, 82 bytes, Stack size 0 bytes, control.o(i.Control_ClearExternallErrorsViaCan))
<BR><BR>[Called By]<UL><LI><a href="#[d8]">&gt;&gt;</a>&nbsp;&nbsp;&nbsp;MBS_ActControlWords (via Veneer)
</UL>

<P><STRONG><a name="[df]"></a>Control_ClearInternallErrorsInJtc</STRONG> (Thumb, 216 bytes, Stack size 8 bytes, control.o(i.Control_ClearInternallErrorsInJtc))
<BR><BR>[Stack]<UL><LI>Max Depth = 48<LI>Call Chain = Control_ClearInternallErrorsInJtc &rArr; Control_CheckErrorFlags &rArr; Control_CheckParkBrakeTimeout
</UL>
<BR>[Calls]<UL><LI><a href="#[119]">&gt;&gt;</a>&nbsp;&nbsp;&nbsp;Control_CheckErrorFlags
</UL>
<BR>[Called By]<UL><LI><a href="#[d8]">&gt;&gt;</a>&nbsp;&nbsp;&nbsp;MBS_ActControlWords (via Veneer)
</UL>

<P><STRONG><a name="[e1]"></a>Control_ResetDevicesViaCan</STRONG> (Thumb, 108 bytes, Stack size 24 bytes, control.o(i.Control_ResetDevicesViaCan))
<BR><BR>[Stack]<UL><LI>Max Depth = 40<LI>Call Chain = Control_ResetDevicesViaCan &rArr; Joints_SetResetValuesVariables
</UL>
<BR>[Calls]<UL><LI><a href="#[14f]">&gt;&gt;</a>&nbsp;&nbsp;&nbsp;Joints_SetResetValuesVariables (via Veneer)
<LI><a href="#[150]">&gt;&gt;</a>&nbsp;&nbsp;&nbsp;Gripper_SetResetValuesVariables (via Veneer)
</UL>
<BR>[Called By]<UL><LI><a href="#[d8]">&gt;&gt;</a>&nbsp;&nbsp;&nbsp;MBS_ActControlWords (via Veneer)
</UL>

<P><STRONG><a name="[dc]"></a>Control_SetDefualtArmModel</STRONG> (Thumb, 872 bytes, Stack size 48 bytes, control.o(i.Control_SetDefualtArmModel))
<BR><BR>[Stack]<UL><LI>Max Depth = 48<LI>Call Chain = Control_SetDefualtArmModel
</UL>
<BR>[Calls]<UL><LI><a href="#[153]">&gt;&gt;</a>&nbsp;&nbsp;&nbsp;Control_SetTable
</UL>
<BR>[Called By]<UL><LI><a href="#[104]">&gt;&gt;</a>&nbsp;&nbsp;&nbsp;Control_SystemConf
<LI><a href="#[d8]">&gt;&gt;</a>&nbsp;&nbsp;&nbsp;MBS_ActControlWords (via Veneer)
</UL>

<P><STRONG><a name="[104]"></a>Control_SystemConf</STRONG> (Thumb, 402 bytes, Stack size 24 bytes, control.o(i.Control_SystemConf))
<BR><BR>[Stack]<UL><LI>Max Depth = 1408<LI>Call Chain = Control_SystemConf &rArr; RNEA_Conf &rArr; HRZ &rArr; __hardfp_sin &rArr; __ieee754_rem_pio2 &rArr; fabs
</UL>
<BR>[Calls]<UL><LI><a href="#[158]">&gt;&gt;</a>&nbsp;&nbsp;&nbsp;TG_Conf
<LI><a href="#[dd]">&gt;&gt;</a>&nbsp;&nbsp;&nbsp;RNEA_Conf
<LI><a href="#[e4]">&gt;&gt;</a>&nbsp;&nbsp;&nbsp;MBS_Conf (via Veneer)
<LI><a href="#[159]">&gt;&gt;</a>&nbsp;&nbsp;&nbsp;Kin_Conf
<LI><a href="#[156]">&gt;&gt;</a>&nbsp;&nbsp;&nbsp;Joints_SetStartValuesVariables (via Veneer)
<LI><a href="#[da]">&gt;&gt;</a>&nbsp;&nbsp;&nbsp;Joints_SetDefaultPidParam (via Veneer)
<LI><a href="#[d2]">&gt;&gt;</a>&nbsp;&nbsp;&nbsp;Joints_SetDefaultFriction (via Veneer)
<LI><a href="#[15a]">&gt;&gt;</a>&nbsp;&nbsp;&nbsp;IO_Conf (via Veneer)
<LI><a href="#[157]">&gt;&gt;</a>&nbsp;&nbsp;&nbsp;Gripper_SetStartValuesVariables (via Veneer)
<LI><a href="#[c7]">&gt;&gt;</a>&nbsp;&nbsp;&nbsp;Debug_Conf (via Veneer)
<LI><a href="#[124]">&gt;&gt;</a>&nbsp;&nbsp;&nbsp;Control_TrajClear
<LI><a href="#[dc]">&gt;&gt;</a>&nbsp;&nbsp;&nbsp;Control_SetDefualtArmModel
<LI><a href="#[11b]">&gt;&gt;</a>&nbsp;&nbsp;&nbsp;Control_SafetyOutOff
<LI><a href="#[151]">&gt;&gt;</a>&nbsp;&nbsp;&nbsp;Control_RobToolVariableConf
<LI><a href="#[155]">&gt;&gt;</a>&nbsp;&nbsp;&nbsp;Control_JtcVariableConf
<LI><a href="#[11d]">&gt;&gt;</a>&nbsp;&nbsp;&nbsp;Control_JogVariableConf
<LI><a href="#[154]">&gt;&gt;</a>&nbsp;&nbsp;&nbsp;Control_ClockConf
<LI><a href="#[10c]">&gt;&gt;</a>&nbsp;&nbsp;&nbsp;Can_Conf
</UL>
<BR>[Called By]<UL><LI><a href="#[b6]">&gt;&gt;</a>&nbsp;&nbsp;&nbsp;main (via Veneer)
</UL>

<P><STRONG><a name="[124]"></a>Control_TrajClear</STRONG> (Thumb, 124 bytes, Stack size 16 bytes, control.o(i.Control_TrajClear))
<BR><BR>[Stack]<UL><LI>Max Depth = 16<LI>Call Chain = Control_TrajClear
</UL>
<BR>[Calls]<UL><LI><a href="#[136]">&gt;&gt;</a>&nbsp;&nbsp;&nbsp;Control_TrajClearPointDouble
</UL>
<BR>[Called By]<UL><LI><a href="#[106]">&gt;&gt;</a>&nbsp;&nbsp;&nbsp;TG_TrajGen
<LI><a href="#[104]">&gt;&gt;</a>&nbsp;&nbsp;&nbsp;Control_SystemConf
<LI><a href="#[129]">&gt;&gt;</a>&nbsp;&nbsp;&nbsp;Control_JtcTeaching
<LI><a href="#[128]">&gt;&gt;</a>&nbsp;&nbsp;&nbsp;Control_JtcInit
<LI><a href="#[120]">&gt;&gt;</a>&nbsp;&nbsp;&nbsp;Control_JtcAct
</UL>

<P><STRONG><a name="[20]"></a>FDCAN1_IT0_IRQHandler</STRONG> (Thumb, 36 bytes, Stack size 8 bytes, can.o(i.FDCAN1_IT0_IRQHandler))
<BR><BR>[Stack]<UL><LI>Max Depth = 56<LI>Call Chain = FDCAN1_IT0_IRQHandler &rArr; Can_ReadFramesFromBuffer &rArr; Can_ReadFrameMoveResponse
</UL>
<BR>[Calls]<UL><LI><a href="#[15c]">&gt;&gt;</a>&nbsp;&nbsp;&nbsp;Can_SendFrameOccurred
<LI><a href="#[112]">&gt;&gt;</a>&nbsp;&nbsp;&nbsp;Can_ReadFramesFromBuffer
</UL>
<BR>[Address Reference Count : 1]<UL><LI> startup_stm32h745xx.o(RESET)
</UL>
<P><STRONG><a name="[22]"></a>FDCAN1_IT1_IRQHandler</STRONG> (Thumb, 102 bytes, Stack size 0 bytes, can.o(i.FDCAN1_IT1_IRQHandler))
<BR>[Address Reference Count : 1]<UL><LI> startup_stm32h745xx.o(RESET)
</UL>
<P><STRONG><a name="[147]"></a>HRX</STRONG> (Thumb, 138 bytes, Stack size 152 bytes, rnea.o(i.HRX))
<BR><BR>[Stack]<UL><LI>Max Depth = 336<LI>Call Chain = HRX &rArr; __hardfp_sin &rArr; __ieee754_rem_pio2 &rArr; fabs
</UL>
<BR>[Calls]<UL><LI><a href="#[bd]">&gt;&gt;</a>&nbsp;&nbsp;&nbsp;__aeabi_memcpy4 (via Veneer)
<LI><a href="#[102]">&gt;&gt;</a>&nbsp;&nbsp;&nbsp;__hardfp_sin (via Veneer)
<LI><a href="#[fb]">&gt;&gt;</a>&nbsp;&nbsp;&nbsp;__hardfp_cos (via Veneer)
</UL>
<BR>[Called By]<UL><LI><a href="#[162]">&gt;&gt;</a>&nbsp;&nbsp;&nbsp;Kin_IKRaw
<LI><a href="#[dd]">&gt;&gt;</a>&nbsp;&nbsp;&nbsp;RNEA_Conf
<LI><a href="#[151]">&gt;&gt;</a>&nbsp;&nbsp;&nbsp;Control_RobToolVariableConf
<LI><a href="#[13a]">&gt;&gt;</a>&nbsp;&nbsp;&nbsp;Control_JtcJogActJRSTool
<LI><a href="#[139]">&gt;&gt;</a>&nbsp;&nbsp;&nbsp;Control_JtcJogActJRSBase
</UL>

<P><STRONG><a name="[146]"></a>HRY</STRONG> (Thumb, 138 bytes, Stack size 152 bytes, rnea.o(i.HRY))
<BR><BR>[Stack]<UL><LI>Max Depth = 336<LI>Call Chain = HRY &rArr; __hardfp_sin &rArr; __ieee754_rem_pio2 &rArr; fabs
</UL>
<BR>[Calls]<UL><LI><a href="#[bd]">&gt;&gt;</a>&nbsp;&nbsp;&nbsp;__aeabi_memcpy4 (via Veneer)
<LI><a href="#[102]">&gt;&gt;</a>&nbsp;&nbsp;&nbsp;__hardfp_sin (via Veneer)
<LI><a href="#[fb]">&gt;&gt;</a>&nbsp;&nbsp;&nbsp;__hardfp_cos (via Veneer)
</UL>
<BR>[Called By]<UL><LI><a href="#[dd]">&gt;&gt;</a>&nbsp;&nbsp;&nbsp;RNEA_Conf
<LI><a href="#[151]">&gt;&gt;</a>&nbsp;&nbsp;&nbsp;Control_RobToolVariableConf
<LI><a href="#[13a]">&gt;&gt;</a>&nbsp;&nbsp;&nbsp;Control_JtcJogActJRSTool
<LI><a href="#[139]">&gt;&gt;</a>&nbsp;&nbsp;&nbsp;Control_JtcJogActJRSBase
</UL>

<P><STRONG><a name="[144]"></a>HRZ</STRONG> (Thumb, 138 bytes, Stack size 152 bytes, rnea.o(i.HRZ))
<BR><BR>[Stack]<UL><LI>Max Depth = 336<LI>Call Chain = HRZ &rArr; __hardfp_sin &rArr; __ieee754_rem_pio2 &rArr; fabs
</UL>
<BR>[Calls]<UL><LI><a href="#[bd]">&gt;&gt;</a>&nbsp;&nbsp;&nbsp;__aeabi_memcpy4 (via Veneer)
<LI><a href="#[102]">&gt;&gt;</a>&nbsp;&nbsp;&nbsp;__hardfp_sin (via Veneer)
<LI><a href="#[fb]">&gt;&gt;</a>&nbsp;&nbsp;&nbsp;__hardfp_cos (via Veneer)
</UL>
<BR>[Called By]<UL><LI><a href="#[162]">&gt;&gt;</a>&nbsp;&nbsp;&nbsp;Kin_IKRaw
<LI><a href="#[dd]">&gt;&gt;</a>&nbsp;&nbsp;&nbsp;RNEA_Conf
<LI><a href="#[13b]">&gt;&gt;</a>&nbsp;&nbsp;&nbsp;RNEA_CalcTorques
<LI><a href="#[151]">&gt;&gt;</a>&nbsp;&nbsp;&nbsp;Control_RobToolVariableConf
<LI><a href="#[13a]">&gt;&gt;</a>&nbsp;&nbsp;&nbsp;Control_JtcJogActJRSTool
<LI><a href="#[139]">&gt;&gt;</a>&nbsp;&nbsp;&nbsp;Control_JtcJogActJRSBase
</UL>

<P><STRONG><a name="[14c]"></a>HT</STRONG> (Thumb, 80 bytes, Stack size 144 bytes, rnea.o(i.HT))
<BR><BR>[Stack]<UL><LI>Max Depth = 152<LI>Call Chain = HT &rArr; __aeabi_memcpy4
</UL>
<BR>[Calls]<UL><LI><a href="#[bd]">&gt;&gt;</a>&nbsp;&nbsp;&nbsp;__aeabi_memcpy4 (via Veneer)
</UL>
<BR>[Called By]<UL><LI><a href="#[162]">&gt;&gt;</a>&nbsp;&nbsp;&nbsp;Kin_IKRaw
<LI><a href="#[dd]">&gt;&gt;</a>&nbsp;&nbsp;&nbsp;RNEA_Conf
<LI><a href="#[151]">&gt;&gt;</a>&nbsp;&nbsp;&nbsp;Control_RobToolVariableConf
<LI><a href="#[13a]">&gt;&gt;</a>&nbsp;&nbsp;&nbsp;Control_JtcJogActJRSTool
</UL>

<P><STRONG><a name="[152]"></a>InvMat4</STRONG> (Thumb, 690 bytes, Stack size 376 bytes, rnea.o(i.InvMat4))
<BR><BR>[Stack]<UL><LI>Max Depth = 528<LI>Call Chain = InvMat4 &rArr; Mat4Ones &rArr; __aeabi_memcpy4
</UL>
<BR>[Calls]<UL><LI><a href="#[143]">&gt;&gt;</a>&nbsp;&nbsp;&nbsp;Mat4Ones
<LI><a href="#[bd]">&gt;&gt;</a>&nbsp;&nbsp;&nbsp;__aeabi_memcpy4 (via Veneer)
</UL>
<BR>[Called By]<UL><LI><a href="#[162]">&gt;&gt;</a>&nbsp;&nbsp;&nbsp;Kin_IKRaw
<LI><a href="#[151]">&gt;&gt;</a>&nbsp;&nbsp;&nbsp;Control_RobToolVariableConf
</UL>

<P><STRONG><a name="[159]"></a>Kin_Conf</STRONG> (Thumb, 204 bytes, Stack size 56 bytes, rnea.o(i.Kin_Conf))
<BR><BR>[Stack]<UL><LI>Max Depth = 120<LI>Call Chain = Kin_Conf &rArr; Vec6SetValues &rArr; __aeabi_memcpy4
</UL>
<BR>[Calls]<UL><LI><a href="#[11f]">&gt;&gt;</a>&nbsp;&nbsp;&nbsp;Vec6SetValues
<LI><a href="#[bd]">&gt;&gt;</a>&nbsp;&nbsp;&nbsp;__aeabi_memcpy4 (via Veneer)
</UL>
<BR>[Called By]<UL><LI><a href="#[104]">&gt;&gt;</a>&nbsp;&nbsp;&nbsp;Control_SystemConf
</UL>

<P><STRONG><a name="[15d]"></a>Kin_FKCalc</STRONG> (Thumb, 196 bytes, Stack size 1096 bytes, rnea.o(i.Kin_FKCalc))
<BR><BR>[Stack]<UL><LI>Max Depth = 1528<LI>Call Chain = Kin_FKCalc &rArr; Kin_FKRaw &rArr; __hardfp_sin &rArr; __ieee754_rem_pio2 &rArr; fabs
</UL>
<BR>[Calls]<UL><LI><a href="#[15e]">&gt;&gt;</a>&nbsp;&nbsp;&nbsp;Kin_FKRaw
<LI><a href="#[145]">&gt;&gt;</a>&nbsp;&nbsp;&nbsp;Mat4xMat4
<LI><a href="#[148]">&gt;&gt;</a>&nbsp;&nbsp;&nbsp;Mat4ToMat3
<LI><a href="#[bd]">&gt;&gt;</a>&nbsp;&nbsp;&nbsp;__aeabi_memcpy4 (via Veneer)
<LI><a href="#[15f]">&gt;&gt;</a>&nbsp;&nbsp;&nbsp;Kin_RotmatToQuat
</UL>
<BR>[Called By]<UL><LI><a href="#[123]">&gt;&gt;</a>&nbsp;&nbsp;&nbsp;Kin_RobPosAct
</UL>

<P><STRONG><a name="[160]"></a>Kin_IKCalcFromQuat</STRONG> (Thumb, 244 bytes, Stack size 1504 bytes, rnea.o(i.Kin_IKCalcFromQuat))
<BR><BR>[Stack]<UL><LI>Max Depth = 5496<LI>Call Chain = Kin_IKCalcFromQuat &rArr; Kin_IKRaw &rArr; InvMat4 &rArr; Mat4Ones &rArr; __aeabi_memcpy4
</UL>
<BR>[Calls]<UL><LI><a href="#[162]">&gt;&gt;</a>&nbsp;&nbsp;&nbsp;Kin_IKRaw
<LI><a href="#[163]">&gt;&gt;</a>&nbsp;&nbsp;&nbsp;Kin_CheckNoRealSolutionError
<LI><a href="#[145]">&gt;&gt;</a>&nbsp;&nbsp;&nbsp;Mat4xMat4
<LI><a href="#[14a]">&gt;&gt;</a>&nbsp;&nbsp;&nbsp;Mat3ToMat4
<LI><a href="#[bd]">&gt;&gt;</a>&nbsp;&nbsp;&nbsp;__aeabi_memcpy4 (via Veneer)
<LI><a href="#[161]">&gt;&gt;</a>&nbsp;&nbsp;&nbsp;Kin_QuatToRotmat
</UL>
<BR>[Called By]<UL><LI><a href="#[171]">&gt;&gt;</a>&nbsp;&nbsp;&nbsp;TG_GetSeqPointKartesianSpace
</UL>

<P><STRONG><a name="[118]"></a>Kin_IKCalcFromRotMat</STRONG> (Thumb, 188 bytes, Stack size 1504 bytes, rnea.o(i.Kin_IKCalcFromRotMat))
<BR><BR>[Stack]<UL><LI>Max Depth = 5496<LI>Call Chain = Kin_IKCalcFromRotMat &rArr; Kin_IKRaw &rArr; InvMat4 &rArr; Mat4Ones &rArr; __aeabi_memcpy4
</UL>
<BR>[Calls]<UL><LI><a href="#[162]">&gt;&gt;</a>&nbsp;&nbsp;&nbsp;Kin_IKRaw
<LI><a href="#[163]">&gt;&gt;</a>&nbsp;&nbsp;&nbsp;Kin_CheckNoRealSolutionError
<LI><a href="#[145]">&gt;&gt;</a>&nbsp;&nbsp;&nbsp;Mat4xMat4
<LI><a href="#[bd]">&gt;&gt;</a>&nbsp;&nbsp;&nbsp;__aeabi_memcpy4 (via Veneer)
</UL>
<BR>[Called By]<UL><LI><a href="#[105]">&gt;&gt;</a>&nbsp;&nbsp;&nbsp;ControlJtcJogKinCalc
</UL>

<P><STRONG><a name="[161]"></a>Kin_QuatToRotmat</STRONG> (Thumb, 182 bytes, Stack size 144 bytes, rnea.o(i.Kin_QuatToRotmat))
<BR><BR>[Stack]<UL><LI>Max Depth = 240<LI>Call Chain = Kin_QuatToRotmat &rArr; Mat3Ones &rArr; __aeabi_memcpy4
</UL>
<BR>[Calls]<UL><LI><a href="#[bd]">&gt;&gt;</a>&nbsp;&nbsp;&nbsp;__aeabi_memcpy4 (via Veneer)
<LI><a href="#[165]">&gt;&gt;</a>&nbsp;&nbsp;&nbsp;Mat3Ones
</UL>
<BR>[Called By]<UL><LI><a href="#[160]">&gt;&gt;</a>&nbsp;&nbsp;&nbsp;Kin_IKCalcFromQuat
</UL>

<P><STRONG><a name="[123]"></a>Kin_RobPosAct</STRONG> (Thumb, 90 bytes, Stack size 1368 bytes, rnea.o(i.Kin_RobPosAct))
<BR><BR>[Stack]<UL><LI>Max Depth = 2896<LI>Call Chain = Kin_RobPosAct &rArr; Kin_FKCalc &rArr; Kin_FKRaw &rArr; __hardfp_sin &rArr; __ieee754_rem_pio2 &rArr; fabs
</UL>
<BR>[Calls]<UL><LI><a href="#[bd]">&gt;&gt;</a>&nbsp;&nbsp;&nbsp;__aeabi_memcpy4 (via Veneer)
<LI><a href="#[15d]">&gt;&gt;</a>&nbsp;&nbsp;&nbsp;Kin_FKCalc
</UL>
<BR>[Called By]<UL><LI><a href="#[120]">&gt;&gt;</a>&nbsp;&nbsp;&nbsp;Control_JtcAct
</UL>

<P><STRONG><a name="[15f]"></a>Kin_RotmatToQuat</STRONG> (Thumb, 320 bytes, Stack size 80 bytes, rnea.o(i.Kin_RotmatToQuat))
<BR><BR>[Stack]<UL><LI>Max Depth = 112<LI>Call Chain = Kin_RotmatToQuat &rArr; __hardfp_sqrt &rArr; __set_errno
</UL>
<BR>[Calls]<UL><LI><a href="#[103]">&gt;&gt;</a>&nbsp;&nbsp;&nbsp;__hardfp_sqrt (via Veneer)
</UL>
<BR>[Called By]<UL><LI><a href="#[15d]">&gt;&gt;</a>&nbsp;&nbsp;&nbsp;Kin_FKCalc
</UL>

<P><STRONG><a name="[165]"></a>Mat3Ones</STRONG> (Thumb, 72 bytes, Stack size 88 bytes, rnea.o(i.Mat3Ones))
<BR><BR>[Stack]<UL><LI>Max Depth = 96<LI>Call Chain = Mat3Ones &rArr; __aeabi_memcpy4
</UL>
<BR>[Calls]<UL><LI><a href="#[bd]">&gt;&gt;</a>&nbsp;&nbsp;&nbsp;__aeabi_memcpy4 (via Veneer)
</UL>
<BR>[Called By]<UL><LI><a href="#[dd]">&gt;&gt;</a>&nbsp;&nbsp;&nbsp;RNEA_Conf
<LI><a href="#[13b]">&gt;&gt;</a>&nbsp;&nbsp;&nbsp;RNEA_CalcTorques
<LI><a href="#[161]">&gt;&gt;</a>&nbsp;&nbsp;&nbsp;Kin_QuatToRotmat
</UL>

<P><STRONG><a name="[14a]"></a>Mat3ToMat4</STRONG> (Thumb, 86 bytes, Stack size 168 bytes, rnea.o(i.Mat3ToMat4))
<BR><BR>[Stack]<UL><LI>Max Depth = 176<LI>Call Chain = Mat3ToMat4 &rArr; __aeabi_memcpy4
</UL>
<BR>[Calls]<UL><LI><a href="#[bd]">&gt;&gt;</a>&nbsp;&nbsp;&nbsp;__aeabi_memcpy4 (via Veneer)
</UL>
<BR>[Called By]<UL><LI><a href="#[139]">&gt;&gt;</a>&nbsp;&nbsp;&nbsp;Control_JtcJogActJRSBase
<LI><a href="#[160]">&gt;&gt;</a>&nbsp;&nbsp;&nbsp;Kin_IKCalcFromQuat
</UL>

<P><STRONG><a name="[149]"></a>Mat3xMat3</STRONG> (Thumb, 126 bytes, Stack size 120 bytes, rnea.o(i.Mat3xMat3))
<BR><BR>[Stack]<UL><LI>Max Depth = 128<LI>Call Chain = Mat3xMat3 &rArr; __aeabi_memcpy4
</UL>
<BR>[Calls]<UL><LI><a href="#[bd]">&gt;&gt;</a>&nbsp;&nbsp;&nbsp;__aeabi_memcpy4 (via Veneer)
</UL>
<BR>[Called By]<UL><LI><a href="#[13b]">&gt;&gt;</a>&nbsp;&nbsp;&nbsp;RNEA_CalcTorques
<LI><a href="#[139]">&gt;&gt;</a>&nbsp;&nbsp;&nbsp;Control_JtcJogActJRSBase
</UL>

<P><STRONG><a name="[143]"></a>Mat4Ones</STRONG> (Thumb, 68 bytes, Stack size 144 bytes, rnea.o(i.Mat4Ones))
<BR><BR>[Stack]<UL><LI>Max Depth = 152<LI>Call Chain = Mat4Ones &rArr; __aeabi_memcpy4
</UL>
<BR>[Calls]<UL><LI><a href="#[bd]">&gt;&gt;</a>&nbsp;&nbsp;&nbsp;__aeabi_memcpy4 (via Veneer)
</UL>
<BR>[Called By]<UL><LI><a href="#[15e]">&gt;&gt;</a>&nbsp;&nbsp;&nbsp;Kin_FKRaw
<LI><a href="#[dd]">&gt;&gt;</a>&nbsp;&nbsp;&nbsp;RNEA_Conf
<LI><a href="#[152]">&gt;&gt;</a>&nbsp;&nbsp;&nbsp;InvMat4
<LI><a href="#[151]">&gt;&gt;</a>&nbsp;&nbsp;&nbsp;Control_RobToolVariableConf
<LI><a href="#[13a]">&gt;&gt;</a>&nbsp;&nbsp;&nbsp;Control_JtcJogActJRSTool
<LI><a href="#[139]">&gt;&gt;</a>&nbsp;&nbsp;&nbsp;Control_JtcJogActJRSBase
<LI><a href="#[16e]">&gt;&gt;</a>&nbsp;&nbsp;&nbsp;TG_SetDefaultVariables
<LI><a href="#[171]">&gt;&gt;</a>&nbsp;&nbsp;&nbsp;TG_GetSeqPointKartesianSpace
</UL>

<P><STRONG><a name="[148]"></a>Mat4ToMat3</STRONG> (Thumb, 72 bytes, Stack size 112 bytes, rnea.o(i.Mat4ToMat3))
<BR><BR>[Stack]<UL><LI>Max Depth = 120<LI>Call Chain = Mat4ToMat3 &rArr; __aeabi_memcpy4
</UL>
<BR>[Calls]<UL><LI><a href="#[bd]">&gt;&gt;</a>&nbsp;&nbsp;&nbsp;__aeabi_memcpy4 (via Veneer)
</UL>
<BR>[Called By]<UL><LI><a href="#[dd]">&gt;&gt;</a>&nbsp;&nbsp;&nbsp;RNEA_Conf
<LI><a href="#[13b]">&gt;&gt;</a>&nbsp;&nbsp;&nbsp;RNEA_CalcTorques
<LI><a href="#[139]">&gt;&gt;</a>&nbsp;&nbsp;&nbsp;Control_JtcJogActJRSBase
<LI><a href="#[15d]">&gt;&gt;</a>&nbsp;&nbsp;&nbsp;Kin_FKCalc
</UL>

<P><STRONG><a name="[145]"></a>Mat4xMat4</STRONG> (Thumb, 118 bytes, Stack size 176 bytes, rnea.o(i.Mat4xMat4))
<BR><BR>[Stack]<UL><LI>Max Depth = 184<LI>Call Chain = Mat4xMat4 &rArr; __aeabi_memcpy4
</UL>
<BR>[Calls]<UL><LI><a href="#[bd]">&gt;&gt;</a>&nbsp;&nbsp;&nbsp;__aeabi_memcpy4 (via Veneer)
</UL>
<BR>[Called By]<UL><LI><a href="#[162]">&gt;&gt;</a>&nbsp;&nbsp;&nbsp;Kin_IKRaw
<LI><a href="#[dd]">&gt;&gt;</a>&nbsp;&nbsp;&nbsp;RNEA_Conf
<LI><a href="#[13b]">&gt;&gt;</a>&nbsp;&nbsp;&nbsp;RNEA_CalcTorques
<LI><a href="#[118]">&gt;&gt;</a>&nbsp;&nbsp;&nbsp;Kin_IKCalcFromRotMat
<LI><a href="#[151]">&gt;&gt;</a>&nbsp;&nbsp;&nbsp;Control_RobToolVariableConf
<LI><a href="#[13a]">&gt;&gt;</a>&nbsp;&nbsp;&nbsp;Control_JtcJogActJRSTool
<LI><a href="#[139]">&gt;&gt;</a>&nbsp;&nbsp;&nbsp;Control_JtcJogActJRSBase
<LI><a href="#[160]">&gt;&gt;</a>&nbsp;&nbsp;&nbsp;Kin_IKCalcFromQuat
<LI><a href="#[15d]">&gt;&gt;</a>&nbsp;&nbsp;&nbsp;Kin_FKCalc
</UL>

<P><STRONG><a name="[13b]"></a>RNEA_CalcTorques</STRONG> (Thumb, 5296 bytes, Stack size 2392 bytes, rnea.o(i.RNEA_CalcTorques))
<BR><BR>[Stack]<UL><LI>Max Depth = 2728<LI>Call Chain = RNEA_CalcTorques &rArr; HRZ &rArr; __hardfp_sin &rArr; __ieee754_rem_pio2 &rArr; fabs
</UL>
<BR>[Calls]<UL><LI><a href="#[168]">&gt;&gt;</a>&nbsp;&nbsp;&nbsp;Vec3xScalar
<LI><a href="#[16c]">&gt;&gt;</a>&nbsp;&nbsp;&nbsp;Vec3SubVec3
<LI><a href="#[16a]">&gt;&gt;</a>&nbsp;&nbsp;&nbsp;Vec3Cross
<LI><a href="#[169]">&gt;&gt;</a>&nbsp;&nbsp;&nbsp;Vec3AddVec3
<LI><a href="#[167]">&gt;&gt;</a>&nbsp;&nbsp;&nbsp;Mat3xVec3
<LI><a href="#[166]">&gt;&gt;</a>&nbsp;&nbsp;&nbsp;Mat3Transpose
<LI><a href="#[145]">&gt;&gt;</a>&nbsp;&nbsp;&nbsp;Mat4xMat4
<LI><a href="#[148]">&gt;&gt;</a>&nbsp;&nbsp;&nbsp;Mat4ToMat3
<LI><a href="#[149]">&gt;&gt;</a>&nbsp;&nbsp;&nbsp;Mat3xMat3
<LI><a href="#[144]">&gt;&gt;</a>&nbsp;&nbsp;&nbsp;HRZ
<LI><a href="#[bd]">&gt;&gt;</a>&nbsp;&nbsp;&nbsp;__aeabi_memcpy4 (via Veneer)
<LI><a href="#[16b]">&gt;&gt;</a>&nbsp;&nbsp;&nbsp;Vec3Zeros
<LI><a href="#[165]">&gt;&gt;</a>&nbsp;&nbsp;&nbsp;Mat3Ones
</UL>
<BR>[Called By]<UL><LI><a href="#[129]">&gt;&gt;</a>&nbsp;&nbsp;&nbsp;Control_JtcTeaching
<LI><a href="#[12b]">&gt;&gt;</a>&nbsp;&nbsp;&nbsp;Control_JtcOperate
<LI><a href="#[13d]">&gt;&gt;</a>&nbsp;&nbsp;&nbsp;Control_JtcInitPosAccurateStage
<LI><a href="#[13f]">&gt;&gt;</a>&nbsp;&nbsp;&nbsp;Control_JtcInitDeparkStage
<LI><a href="#[12a]">&gt;&gt;</a>&nbsp;&nbsp;&nbsp;Control_JtcHoldPos
</UL>

<P><STRONG><a name="[dd]"></a>RNEA_Conf</STRONG> (Thumb, 3762 bytes, Stack size 1048 bytes, rnea.o(i.RNEA_Conf))
<BR><BR>[Stack]<UL><LI>Max Depth = 1384<LI>Call Chain = RNEA_Conf &rArr; HRZ &rArr; __hardfp_sin &rArr; __ieee754_rem_pio2 &rArr; fabs
</UL>
<BR>[Calls]<UL><LI><a href="#[16c]">&gt;&gt;</a>&nbsp;&nbsp;&nbsp;Vec3SubVec3
<LI><a href="#[16d]">&gt;&gt;</a>&nbsp;&nbsp;&nbsp;Mat4ToVec3
<LI><a href="#[166]">&gt;&gt;</a>&nbsp;&nbsp;&nbsp;Mat3Transpose
<LI><a href="#[145]">&gt;&gt;</a>&nbsp;&nbsp;&nbsp;Mat4xMat4
<LI><a href="#[148]">&gt;&gt;</a>&nbsp;&nbsp;&nbsp;Mat4ToMat3
<LI><a href="#[143]">&gt;&gt;</a>&nbsp;&nbsp;&nbsp;Mat4Ones
<LI><a href="#[14c]">&gt;&gt;</a>&nbsp;&nbsp;&nbsp;HT
<LI><a href="#[144]">&gt;&gt;</a>&nbsp;&nbsp;&nbsp;HRZ
<LI><a href="#[146]">&gt;&gt;</a>&nbsp;&nbsp;&nbsp;HRY
<LI><a href="#[147]">&gt;&gt;</a>&nbsp;&nbsp;&nbsp;HRX
<LI><a href="#[bd]">&gt;&gt;</a>&nbsp;&nbsp;&nbsp;__aeabi_memcpy4 (via Veneer)
<LI><a href="#[165]">&gt;&gt;</a>&nbsp;&nbsp;&nbsp;Mat3Ones
</UL>
<BR>[Called By]<UL><LI><a href="#[104]">&gt;&gt;</a>&nbsp;&nbsp;&nbsp;Control_SystemConf
<LI><a href="#[de]">&gt;&gt;</a>&nbsp;&nbsp;&nbsp;MBS_UseNewArmModel (via Veneer)
<LI><a href="#[d8]">&gt;&gt;</a>&nbsp;&nbsp;&nbsp;MBS_ActControlWords (via Veneer)
</UL>

<P><STRONG><a name="[c]"></a>SysTick_Handler</STRONG> (Thumb, 12 bytes, Stack size 0 bytes, control.o(i.SysTick_Handler))
<BR>[Address Reference Count : 1]<UL><LI> startup_stm32h745xx.o(RESET)
</UL>
<P><STRONG><a name="[125]"></a>TG_ClearTgenVariables</STRONG> (Thumb, 34 bytes, Stack size 0 bytes, trajgen.o(i.TG_ClearTgenVariables))
<BR><BR>[Called By]<UL><LI><a href="#[106]">&gt;&gt;</a>&nbsp;&nbsp;&nbsp;TG_TrajGen
<LI><a href="#[129]">&gt;&gt;</a>&nbsp;&nbsp;&nbsp;Control_JtcTeaching
<LI><a href="#[128]">&gt;&gt;</a>&nbsp;&nbsp;&nbsp;Control_JtcInit
<LI><a href="#[120]">&gt;&gt;</a>&nbsp;&nbsp;&nbsp;Control_JtcAct
</UL>

<P><STRONG><a name="[158]"></a>TG_Conf</STRONG> (Thumb, 4 bytes, Stack size 0 bytes, trajgen.o(i.TG_Conf))
<BR><BR>[Stack]<UL><LI>Max Depth = 336<LI>Call Chain = TG_Conf &rArr; TG_SetDefaultVariables &rArr; Mat4Ones &rArr; __aeabi_memcpy4
</UL>
<BR>[Calls]<UL><LI><a href="#[16e]">&gt;&gt;</a>&nbsp;&nbsp;&nbsp;TG_SetDefaultVariables
</UL>
<BR>[Called By]<UL><LI><a href="#[104]">&gt;&gt;</a>&nbsp;&nbsp;&nbsp;Control_SystemConf
</UL>

<P><STRONG><a name="[16e]"></a>TG_SetDefaultVariables</STRONG> (Thumb, 556 bytes, Stack size 184 bytes, trajgen.o(i.TG_SetDefaultVariables))
<BR><BR>[Stack]<UL><LI>Max Depth = 336<LI>Call Chain = TG_SetDefaultVariables &rArr; Mat4Ones &rArr; __aeabi_memcpy4
</UL>
<BR>[Calls]<UL><LI><a href="#[11e]">&gt;&gt;</a>&nbsp;&nbsp;&nbsp;Vec6Zeros
<LI><a href="#[143]">&gt;&gt;</a>&nbsp;&nbsp;&nbsp;Mat4Ones
<LI><a href="#[bd]">&gt;&gt;</a>&nbsp;&nbsp;&nbsp;__aeabi_memcpy4 (via Veneer)
<LI><a href="#[17a]">&gt;&gt;</a>&nbsp;&nbsp;&nbsp;Vec4Zeros
</UL>
<BR>[Called By]<UL><LI><a href="#[158]">&gt;&gt;</a>&nbsp;&nbsp;&nbsp;TG_Conf
</UL>

<P><STRONG><a name="[106]"></a>TG_TrajGen</STRONG> (Thumb, 206 bytes, Stack size 24 bytes, trajgen.o(i.TG_TrajGen))
<BR><BR>[Stack]<UL><LI>Max Depth = 22256<LI>Call Chain = TG_TrajGen &rArr; TG_SLP_FindTraj &rArr; TG_SLP_q2 &rArr; __hardfp_pow &rArr; sqrt &rArr; __set_errno
</UL>
<BR>[Calls]<UL><LI><a href="#[125]">&gt;&gt;</a>&nbsp;&nbsp;&nbsp;TG_ClearTgenVariables
<LI><a href="#[124]">&gt;&gt;</a>&nbsp;&nbsp;&nbsp;Control_TrajClear
<LI><a href="#[176]">&gt;&gt;</a>&nbsp;&nbsp;&nbsp;TG_SLP_FindTraj
<LI><a href="#[17b]">&gt;&gt;</a>&nbsp;&nbsp;&nbsp;TG_SLP_FindPath
<LI><a href="#[172]">&gt;&gt;</a>&nbsp;&nbsp;&nbsp;TG_SLP_FindAllTimeStamps
<LI><a href="#[16f]">&gt;&gt;</a>&nbsp;&nbsp;&nbsp;TG_GetSeqFromMbs
</UL>
<BR>[Called By]<UL><LI><a href="#[b6]">&gt;&gt;</a>&nbsp;&nbsp;&nbsp;main (via Veneer)
</UL>

<P><STRONG><a name="[43]"></a>TIM7_IRQHandler</STRONG> (Thumb, 24 bytes, Stack size 8 bytes, control.o(i.TIM7_IRQHandler))
<BR><BR>[Stack]<UL><LI>Max Depth = 2920<LI>Call Chain = TIM7_IRQHandler &rArr; Control_JtcAct &rArr; Kin_RobPosAct &rArr; Kin_FKCalc &rArr; Kin_FKRaw &rArr; __hardfp_sin &rArr; __ieee754_rem_pio2 &rArr; fabs
</UL>
<BR>[Calls]<UL><LI><a href="#[120]">&gt;&gt;</a>&nbsp;&nbsp;&nbsp;Control_JtcAct
</UL>
<BR>[Address Reference Count : 1]<UL><LI> startup_stm32h745xx.o(RESET)
</UL>
<P><STRONG><a name="[16b]"></a>Vec3Zeros</STRONG> (Thumb, 34 bytes, Stack size 24 bytes, rnea.o(i.Vec3Zeros))
<BR><BR>[Stack]<UL><LI>Max Depth = 24<LI>Call Chain = Vec3Zeros
</UL>
<BR>[Called By]<UL><LI><a href="#[13b]">&gt;&gt;</a>&nbsp;&nbsp;&nbsp;RNEA_CalcTorques
</UL>

<P><STRONG><a name="[17a]"></a>Vec4Zeros</STRONG> (Thumb, 34 bytes, Stack size 32 bytes, rnea.o(i.Vec4Zeros))
<BR><BR>[Stack]<UL><LI>Max Depth = 32<LI>Call Chain = Vec4Zeros
</UL>
<BR>[Called By]<UL><LI><a href="#[16e]">&gt;&gt;</a>&nbsp;&nbsp;&nbsp;TG_SetDefaultVariables
</UL>

<P><STRONG><a name="[11f]"></a>Vec6SetValues</STRONG> (Thumb, 20 bytes, Stack size 56 bytes, rnea.o(i.Vec6SetValues))
<BR><BR>[Stack]<UL><LI>Max Depth = 64<LI>Call Chain = Vec6SetValues &rArr; __aeabi_memcpy4
</UL>
<BR>[Calls]<UL><LI><a href="#[bd]">&gt;&gt;</a>&nbsp;&nbsp;&nbsp;__aeabi_memcpy4 (via Veneer)
</UL>
<BR>[Called By]<UL><LI><a href="#[159]">&gt;&gt;</a>&nbsp;&nbsp;&nbsp;Kin_Conf
<LI><a href="#[151]">&gt;&gt;</a>&nbsp;&nbsp;&nbsp;Control_RobToolVariableConf
<LI><a href="#[11d]">&gt;&gt;</a>&nbsp;&nbsp;&nbsp;Control_JogVariableConf
</UL>

<P><STRONG><a name="[11e]"></a>Vec6Zeros</STRONG> (Thumb, 38 bytes, Stack size 56 bytes, rnea.o(i.Vec6Zeros))
<BR><BR>[Stack]<UL><LI>Max Depth = 64<LI>Call Chain = Vec6Zeros &rArr; __aeabi_memcpy4
</UL>
<BR>[Calls]<UL><LI><a href="#[bd]">&gt;&gt;</a>&nbsp;&nbsp;&nbsp;__aeabi_memcpy4 (via Veneer)
</UL>
<BR>[Called By]<UL><LI><a href="#[162]">&gt;&gt;</a>&nbsp;&nbsp;&nbsp;Kin_IKRaw
<LI><a href="#[151]">&gt;&gt;</a>&nbsp;&nbsp;&nbsp;Control_RobToolVariableConf
<LI><a href="#[13a]">&gt;&gt;</a>&nbsp;&nbsp;&nbsp;Control_JtcJogActJRSTool
<LI><a href="#[139]">&gt;&gt;</a>&nbsp;&nbsp;&nbsp;Control_JtcJogActJRSBase
<LI><a href="#[11d]">&gt;&gt;</a>&nbsp;&nbsp;&nbsp;Control_JogVariableConf
<LI><a href="#[16e]">&gt;&gt;</a>&nbsp;&nbsp;&nbsp;TG_SetDefaultVariables
</UL>

<P><STRONG><a name="[aa]"></a>__main</STRONG> (Thumb, 8 bytes, Stack size 0 bytes, __main.o(!!!main))
<BR><BR>[Calls]<UL><LI><a href="#[ab]">&gt;&gt;</a>&nbsp;&nbsp;&nbsp;__scatterload
<LI><a href="#[ac]">&gt;&gt;</a>&nbsp;&nbsp;&nbsp;__rt_entry
</UL>

<P><STRONG><a name="[ab]"></a>__scatterload</STRONG> (Thumb, 0 bytes, Stack size unknown bytes, __scatter.o(!!!scatter))
<BR><BR>[Called By]<UL><LI><a href="#[aa]">&gt;&gt;</a>&nbsp;&nbsp;&nbsp;__main
</UL>

<P><STRONG><a name="[ad]"></a>__scatterload_rt2</STRONG> (Thumb, 44 bytes, Stack size unknown bytes, __scatter.o(!!!scatter), UNUSED)
<BR><BR>[Calls]<UL><LI><a href="#[ac]">&gt;&gt;</a>&nbsp;&nbsp;&nbsp;__rt_entry
</UL>

<P><STRONG><a name="[17c]"></a>__scatterload_rt2_thumb_only</STRONG> (Thumb, 0 bytes, Stack size unknown bytes, __scatter.o(!!!scatter), UNUSED)

<P><STRONG><a name="[17d]"></a>__scatterload_null</STRONG> (Thumb, 0 bytes, Stack size unknown bytes, __scatter.o(!!!scatter), UNUSED)

<P><STRONG><a name="[17e]"></a>__decompress</STRONG> (Thumb, 90 bytes, Stack size unknown bytes, __dczerorl2.o(!!dczerorl2), UNUSED)

<P><STRONG><a name="[17f]"></a>__decompress1</STRONG> (Thumb, 0 bytes, Stack size unknown bytes, __dczerorl2.o(!!dczerorl2), UNUSED)

<P><STRONG><a name="[ae]"></a>__scatterload_copy</STRONG> (Thumb, 26 bytes, Stack size unknown bytes, __scatter_copy.o(!!handler_copy), UNUSED)
<BR><BR>[Calls]<UL><LI><a href="#[ae]">&gt;&gt;</a>&nbsp;&nbsp;&nbsp;__scatterload_copy
</UL>
<BR>[Called By]<UL><LI><a href="#[ae]">&gt;&gt;</a>&nbsp;&nbsp;&nbsp;__scatterload_copy
</UL>

<P><STRONG><a name="[180]"></a>__scatterload_zeroinit</STRONG> (Thumb, 28 bytes, Stack size unknown bytes, __scatter_zi.o(!!handler_zi), UNUSED)

<P><STRONG><a name="[b4]"></a>__rt_lib_init</STRONG> (Thumb, 0 bytes, Stack size unknown bytes, libinit.o(.ARM.Collect$$libinit$$00000000))
<BR><BR>[Called By]<UL><LI><a href="#[b3]">&gt;&gt;</a>&nbsp;&nbsp;&nbsp;__rt_entry_li
</UL>

<P><STRONG><a name="[af]"></a>__rt_lib_init_fp_1</STRONG> (Thumb, 0 bytes, Stack size unknown bytes, libinit2.o(.ARM.Collect$$libinit$$00000001))
<BR><BR>[Calls]<UL><LI><a href="#[b0]">&gt;&gt;</a>&nbsp;&nbsp;&nbsp;_fp_init
</UL>

<P><STRONG><a name="[181]"></a>__rt_lib_init_alloca_1</STRONG> (Thumb, 0 bytes, Stack size unknown bytes, libinit2.o(.ARM.Collect$$libinit$$0000002E))

<P><STRONG><a name="[182]"></a>__rt_lib_init_argv_1</STRONG> (Thumb, 0 bytes, Stack size unknown bytes, libinit2.o(.ARM.Collect$$libinit$$0000002C))

<P><STRONG><a name="[183]"></a>__rt_lib_init_atexit_1</STRONG> (Thumb, 0 bytes, Stack size unknown bytes, libinit2.o(.ARM.Collect$$libinit$$0000001B))

<P><STRONG><a name="[184]"></a>__rt_lib_init_clock_1</STRONG> (Thumb, 0 bytes, Stack size unknown bytes, libinit2.o(.ARM.Collect$$libinit$$00000021))

<P><STRONG><a name="[185]"></a>__rt_lib_init_cpp_1</STRONG> (Thumb, 0 bytes, Stack size unknown bytes, libinit2.o(.ARM.Collect$$libinit$$00000032))

<P><STRONG><a name="[186]"></a>__rt_lib_init_exceptions_1</STRONG> (Thumb, 0 bytes, Stack size unknown bytes, libinit2.o(.ARM.Collect$$libinit$$00000030))

<P><STRONG><a name="[187]"></a>__rt_lib_init_fp_trap_1</STRONG> (Thumb, 0 bytes, Stack size unknown bytes, libinit2.o(.ARM.Collect$$libinit$$0000001F))

<P><STRONG><a name="[188]"></a>__rt_lib_init_getenv_1</STRONG> (Thumb, 0 bytes, Stack size unknown bytes, libinit2.o(.ARM.Collect$$libinit$$00000023))

<P><STRONG><a name="[189]"></a>__rt_lib_init_heap_1</STRONG> (Thumb, 0 bytes, Stack size unknown bytes, libinit2.o(.ARM.Collect$$libinit$$0000000A))

<P><STRONG><a name="[18a]"></a>__rt_lib_init_lc_collate_1</STRONG> (Thumb, 0 bytes, Stack size unknown bytes, libinit2.o(.ARM.Collect$$libinit$$00000011))

<P><STRONG><a name="[18b]"></a>__rt_lib_init_lc_ctype_1</STRONG> (Thumb, 0 bytes, Stack size unknown bytes, libinit2.o(.ARM.Collect$$libinit$$00000013))

<P><STRONG><a name="[18c]"></a>__rt_lib_init_lc_monetary_1</STRONG> (Thumb, 0 bytes, Stack size unknown bytes, libinit2.o(.ARM.Collect$$libinit$$00000015))

<P><STRONG><a name="[18d]"></a>__rt_lib_init_lc_numeric_1</STRONG> (Thumb, 0 bytes, Stack size unknown bytes, libinit2.o(.ARM.Collect$$libinit$$00000017))

<P><STRONG><a name="[18e]"></a>__rt_lib_init_lc_time_1</STRONG> (Thumb, 0 bytes, Stack size unknown bytes, libinit2.o(.ARM.Collect$$libinit$$00000019))

<P><STRONG><a name="[18f]"></a>__rt_lib_init_preinit_1</STRONG> (Thumb, 0 bytes, Stack size unknown bytes, libinit2.o(.ARM.Collect$$libinit$$00000004))

<P><STRONG><a name="[190]"></a>__rt_lib_init_rand_1</STRONG> (Thumb, 0 bytes, Stack size unknown bytes, libinit2.o(.ARM.Collect$$libinit$$0000000E))

<P><STRONG><a name="[191]"></a>__rt_lib_init_return</STRONG> (Thumb, 0 bytes, Stack size unknown bytes, libinit2.o(.ARM.Collect$$libinit$$00000033))

<P><STRONG><a name="[192]"></a>__rt_lib_init_signal_1</STRONG> (Thumb, 0 bytes, Stack size unknown bytes, libinit2.o(.ARM.Collect$$libinit$$0000001D))

<P><STRONG><a name="[193]"></a>__rt_lib_init_stdio_1</STRONG> (Thumb, 0 bytes, Stack size unknown bytes, libinit2.o(.ARM.Collect$$libinit$$00000025))

<P><STRONG><a name="[194]"></a>__rt_lib_init_user_alloc_1</STRONG> (Thumb, 0 bytes, Stack size unknown bytes, libinit2.o(.ARM.Collect$$libinit$$0000000C))

<P><STRONG><a name="[b9]"></a>__rt_lib_shutdown</STRONG> (Thumb, 0 bytes, Stack size unknown bytes, libshutdown.o(.ARM.Collect$$libshutdown$$00000000))
<BR><BR>[Called By]<UL><LI><a href="#[b8]">&gt;&gt;</a>&nbsp;&nbsp;&nbsp;__rt_exit_ls
</UL>

<P><STRONG><a name="[195]"></a>__rt_lib_shutdown_cpp_1</STRONG> (Thumb, 0 bytes, Stack size unknown bytes, libshutdown2.o(.ARM.Collect$$libshutdown$$00000004))

<P><STRONG><a name="[196]"></a>__rt_lib_shutdown_fini_1</STRONG> (Thumb, 0 bytes, Stack size unknown bytes, libshutdown2.o(.ARM.Collect$$libshutdown$$00000002))

<P><STRONG><a name="[197]"></a>__rt_lib_shutdown_fp_trap_1</STRONG> (Thumb, 0 bytes, Stack size unknown bytes, libshutdown2.o(.ARM.Collect$$libshutdown$$00000009))

<P><STRONG><a name="[198]"></a>__rt_lib_shutdown_heap_1</STRONG> (Thumb, 0 bytes, Stack size unknown bytes, libshutdown2.o(.ARM.Collect$$libshutdown$$00000011))

<P><STRONG><a name="[199]"></a>__rt_lib_shutdown_return</STRONG> (Thumb, 0 bytes, Stack size unknown bytes, libshutdown2.o(.ARM.Collect$$libshutdown$$00000012))

<P><STRONG><a name="[19a]"></a>__rt_lib_shutdown_signal_1</STRONG> (Thumb, 0 bytes, Stack size unknown bytes, libshutdown2.o(.ARM.Collect$$libshutdown$$0000000C))

<P><STRONG><a name="[19b]"></a>__rt_lib_shutdown_stdio_1</STRONG> (Thumb, 0 bytes, Stack size unknown bytes, libshutdown2.o(.ARM.Collect$$libshutdown$$00000006))

<P><STRONG><a name="[19c]"></a>__rt_lib_shutdown_user_alloc_1</STRONG> (Thumb, 0 bytes, Stack size unknown bytes, libshutdown2.o(.ARM.Collect$$libshutdown$$0000000E))

<P><STRONG><a name="[ac]"></a>__rt_entry</STRONG> (Thumb, 0 bytes, Stack size unknown bytes, __rtentry.o(.ARM.Collect$$rtentry$$00000000))
<BR><BR>[Called By]<UL><LI><a href="#[aa]">&gt;&gt;</a>&nbsp;&nbsp;&nbsp;__main
<LI><a href="#[ad]">&gt;&gt;</a>&nbsp;&nbsp;&nbsp;__scatterload_rt2
</UL>

<P><STRONG><a name="[19d]"></a>__rt_entry_presh_1</STRONG> (Thumb, 0 bytes, Stack size unknown bytes, __rtentry2.o(.ARM.Collect$$rtentry$$00000002))

<P><STRONG><a name="[b1]"></a>__rt_entry_sh</STRONG> (Thumb, 0 bytes, Stack size unknown bytes, __rtentry4.o(.ARM.Collect$$rtentry$$00000004))
<BR><BR>[Stack]<UL><LI>Max Depth = 8 + Unknown Stack Size
<LI>Call Chain = __rt_entry_sh &rArr; __user_setup_stackheap
</UL>
<BR>[Calls]<UL><LI><a href="#[b2]">&gt;&gt;</a>&nbsp;&nbsp;&nbsp;__user_setup_stackheap
</UL>

<P><STRONG><a name="[b3]"></a>__rt_entry_li</STRONG> (Thumb, 0 bytes, Stack size unknown bytes, __rtentry2.o(.ARM.Collect$$rtentry$$0000000A))
<BR><BR>[Calls]<UL><LI><a href="#[b4]">&gt;&gt;</a>&nbsp;&nbsp;&nbsp;__rt_lib_init
</UL>

<P><STRONG><a name="[19e]"></a>__rt_entry_postsh_1</STRONG> (Thumb, 0 bytes, Stack size unknown bytes, __rtentry2.o(.ARM.Collect$$rtentry$$00000009))

<P><STRONG><a name="[b5]"></a>__rt_entry_main</STRONG> (Thumb, 0 bytes, Stack size unknown bytes, __rtentry2.o(.ARM.Collect$$rtentry$$0000000D))
<BR><BR>[Stack]<UL><LI>Max Depth = 22256 + Unknown Stack Size
<LI>Call Chain = __rt_entry_main &rArr; main &rArr; TG_TrajGen &rArr; TG_SLP_FindTraj &rArr; TG_SLP_q2 &rArr; __hardfp_pow &rArr; sqrt &rArr; __set_errno
</UL>
<BR>[Calls]<UL><LI><a href="#[b6]">&gt;&gt;</a>&nbsp;&nbsp;&nbsp;main
<LI><a href="#[b7]">&gt;&gt;</a>&nbsp;&nbsp;&nbsp;exit
</UL>

<P><STRONG><a name="[19f]"></a>__rt_entry_postli_1</STRONG> (Thumb, 0 bytes, Stack size unknown bytes, __rtentry2.o(.ARM.Collect$$rtentry$$0000000C))

<P><STRONG><a name="[c3]"></a>__rt_exit</STRONG> (Thumb, 0 bytes, Stack size unknown bytes, rtexit.o(.ARM.Collect$$rtexit$$00000000))
<BR><BR>[Called By]<UL><LI><a href="#[b7]">&gt;&gt;</a>&nbsp;&nbsp;&nbsp;exit
</UL>

<P><STRONG><a name="[b8]"></a>__rt_exit_ls</STRONG> (Thumb, 0 bytes, Stack size unknown bytes, rtexit2.o(.ARM.Collect$$rtexit$$00000003))
<BR><BR>[Calls]<UL><LI><a href="#[b9]">&gt;&gt;</a>&nbsp;&nbsp;&nbsp;__rt_lib_shutdown
</UL>

<P><STRONG><a name="[1a0]"></a>__rt_exit_prels_1</STRONG> (Thumb, 0 bytes, Stack size unknown bytes, rtexit2.o(.ARM.Collect$$rtexit$$00000002))

<P><STRONG><a name="[ba]"></a>__rt_exit_exit</STRONG> (Thumb, 0 bytes, Stack size unknown bytes, rtexit2.o(.ARM.Collect$$rtexit$$00000004))
<BR><BR>[Calls]<UL><LI><a href="#[bb]">&gt;&gt;</a>&nbsp;&nbsp;&nbsp;_sys_exit
</UL>

<P><STRONG><a name="[3]"></a>Reset_Handler</STRONG> (Thumb, 8 bytes, Stack size 0 bytes, startup_stm32h745xx.o(.text))
<BR>[Address Reference Count : 1]<UL><LI> startup_stm32h745xx.o(RESET)
</UL>
<P><STRONG><a name="[4]"></a>NMI_Handler</STRONG> (Thumb, 2 bytes, Stack size 0 bytes, startup_stm32h745xx.o(.text))
<BR><BR>[Calls]<UL><LI><a href="#[4]">&gt;&gt;</a>&nbsp;&nbsp;&nbsp;NMI_Handler
</UL>
<BR>[Called By]<UL><LI><a href="#[4]">&gt;&gt;</a>&nbsp;&nbsp;&nbsp;NMI_Handler
</UL>
<BR>[Address Reference Count : 1]<UL><LI> startup_stm32h745xx.o(RESET)
</UL>
<P><STRONG><a name="[5]"></a>HardFault_Handler</STRONG> (Thumb, 2 bytes, Stack size 0 bytes, startup_stm32h745xx.o(.text))
<BR><BR>[Calls]<UL><LI><a href="#[5]">&gt;&gt;</a>&nbsp;&nbsp;&nbsp;HardFault_Handler
</UL>
<BR>[Called By]<UL><LI><a href="#[5]">&gt;&gt;</a>&nbsp;&nbsp;&nbsp;HardFault_Handler
</UL>
<BR>[Address Reference Count : 1]<UL><LI> startup_stm32h745xx.o(RESET)
</UL>
<P><STRONG><a name="[6]"></a>MemManage_Handler</STRONG> (Thumb, 2 bytes, Stack size 0 bytes, startup_stm32h745xx.o(.text))
<BR><BR>[Calls]<UL><LI><a href="#[6]">&gt;&gt;</a>&nbsp;&nbsp;&nbsp;MemManage_Handler
</UL>
<BR>[Called By]<UL><LI><a href="#[6]">&gt;&gt;</a>&nbsp;&nbsp;&nbsp;MemManage_Handler
</UL>
<BR>[Address Reference Count : 1]<UL><LI> startup_stm32h745xx.o(RESET)
</UL>
<P><STRONG><a name="[7]"></a>BusFault_Handler</STRONG> (Thumb, 2 bytes, Stack size 0 bytes, startup_stm32h745xx.o(.text))
<BR><BR>[Calls]<UL><LI><a href="#[7]">&gt;&gt;</a>&nbsp;&nbsp;&nbsp;BusFault_Handler
</UL>
<BR>[Called By]<UL><LI><a href="#[7]">&gt;&gt;</a>&nbsp;&nbsp;&nbsp;BusFault_Handler
</UL>
<BR>[Address Reference Count : 1]<UL><LI> startup_stm32h745xx.o(RESET)
</UL>
<P><STRONG><a name="[8]"></a>UsageFault_Handler</STRONG> (Thumb, 2 bytes, Stack size 0 bytes, startup_stm32h745xx.o(.text))
<BR><BR>[Calls]<UL><LI><a href="#[8]">&gt;&gt;</a>&nbsp;&nbsp;&nbsp;UsageFault_Handler
</UL>
<BR>[Called By]<UL><LI><a href="#[8]">&gt;&gt;</a>&nbsp;&nbsp;&nbsp;UsageFault_Handler
</UL>
<BR>[Address Reference Count : 1]<UL><LI> startup_stm32h745xx.o(RESET)
</UL>
<P><STRONG><a name="[9]"></a>SVC_Handler</STRONG> (Thumb, 2 bytes, Stack size 0 bytes, startup_stm32h745xx.o(.text))
<BR><BR>[Calls]<UL><LI><a href="#[9]">&gt;&gt;</a>&nbsp;&nbsp;&nbsp;SVC_Handler
</UL>
<BR>[Called By]<UL><LI><a href="#[9]">&gt;&gt;</a>&nbsp;&nbsp;&nbsp;SVC_Handler
</UL>
<BR>[Address Reference Count : 1]<UL><LI> startup_stm32h745xx.o(RESET)
</UL>
<P><STRONG><a name="[a]"></a>DebugMon_Handler</STRONG> (Thumb, 2 bytes, Stack size 0 bytes, startup_stm32h745xx.o(.text))
<BR><BR>[Calls]<UL><LI><a href="#[a]">&gt;&gt;</a>&nbsp;&nbsp;&nbsp;DebugMon_Handler
</UL>
<BR>[Called By]<UL><LI><a href="#[a]">&gt;&gt;</a>&nbsp;&nbsp;&nbsp;DebugMon_Handler
</UL>
<BR>[Address Reference Count : 1]<UL><LI> startup_stm32h745xx.o(RESET)
</UL>
<P><STRONG><a name="[b]"></a>PendSV_Handler</STRONG> (Thumb, 2 bytes, Stack size 0 bytes, startup_stm32h745xx.o(.text))
<BR><BR>[Calls]<UL><LI><a href="#[b]">&gt;&gt;</a>&nbsp;&nbsp;&nbsp;PendSV_Handler
</UL>
<BR>[Called By]<UL><LI><a href="#[b]">&gt;&gt;</a>&nbsp;&nbsp;&nbsp;PendSV_Handler
</UL>
<BR>[Address Reference Count : 1]<UL><LI> startup_stm32h745xx.o(RESET)
</UL>
<P><STRONG><a name="[87]"></a>ADC3_IRQHandler</STRONG> (Thumb, 0 bytes, Stack size 0 bytes, startup_stm32h745xx.o(.text))
<BR><BR>[Calls]<UL><LI><a href="#[87]">&gt;&gt;</a>&nbsp;&nbsp;&nbsp;ADC3_IRQHandler
</UL>
<BR>[Called By]<UL><LI><a href="#[87]">&gt;&gt;</a>&nbsp;&nbsp;&nbsp;ADC3_IRQHandler
</UL>
<BR>[Address Reference Count : 1]<UL><LI> startup_stm32h745xx.o(RESET)
</UL>
<P><STRONG><a name="[1f]"></a>ADC_IRQHandler</STRONG> (Thumb, 0 bytes, Stack size 0 bytes, startup_stm32h745xx.o(.text))
<BR>[Address Reference Count : 1]<UL><LI> startup_stm32h745xx.o(RESET)
</UL>
<P><STRONG><a name="[89]"></a>BDMA_Channel0_IRQHandler</STRONG> (Thumb, 0 bytes, Stack size 0 bytes, startup_stm32h745xx.o(.text))
<BR>[Address Reference Count : 1]<UL><LI> startup_stm32h745xx.o(RESET)
</UL>
<P><STRONG><a name="[8a]"></a>BDMA_Channel1_IRQHandler</STRONG> (Thumb, 0 bytes, Stack size 0 bytes, startup_stm32h745xx.o(.text))
<BR>[Address Reference Count : 1]<UL><LI> startup_stm32h745xx.o(RESET)
</UL>
<P><STRONG><a name="[8b]"></a>BDMA_Channel2_IRQHandler</STRONG> (Thumb, 0 bytes, Stack size 0 bytes, startup_stm32h745xx.o(.text))
<BR>[Address Reference Count : 1]<UL><LI> startup_stm32h745xx.o(RESET)
</UL>
<P><STRONG><a name="[8c]"></a>BDMA_Channel3_IRQHandler</STRONG> (Thumb, 0 bytes, Stack size 0 bytes, startup_stm32h745xx.o(.text))
<BR>[Address Reference Count : 1]<UL><LI> startup_stm32h745xx.o(RESET)
</UL>
<P><STRONG><a name="[8d]"></a>BDMA_Channel4_IRQHandler</STRONG> (Thumb, 0 bytes, Stack size 0 bytes, startup_stm32h745xx.o(.text))
<BR>[Address Reference Count : 1]<UL><LI> startup_stm32h745xx.o(RESET)
</UL>
<P><STRONG><a name="[8e]"></a>BDMA_Channel5_IRQHandler</STRONG> (Thumb, 0 bytes, Stack size 0 bytes, startup_stm32h745xx.o(.text))
<BR>[Address Reference Count : 1]<UL><LI> startup_stm32h745xx.o(RESET)
</UL>
<P><STRONG><a name="[8f]"></a>BDMA_Channel6_IRQHandler</STRONG> (Thumb, 0 bytes, Stack size 0 bytes, startup_stm32h745xx.o(.text))
<BR>[Address Reference Count : 1]<UL><LI> startup_stm32h745xx.o(RESET)
</UL>
<P><STRONG><a name="[90]"></a>BDMA_Channel7_IRQHandler</STRONG> (Thumb, 0 bytes, Stack size 0 bytes, startup_stm32h745xx.o(.text))
<BR>[Address Reference Count : 1]<UL><LI> startup_stm32h745xx.o(RESET)
</UL>
<P><STRONG><a name="[67]"></a>CEC_IRQHandler</STRONG> (Thumb, 0 bytes, Stack size 0 bytes, startup_stm32h745xx.o(.text))
<BR>[Address Reference Count : 1]<UL><LI> startup_stm32h745xx.o(RESET)
</UL>
<P><STRONG><a name="[4d]"></a>CM4_SEV_IRQHandler</STRONG> (Thumb, 0 bytes, Stack size 0 bytes, startup_stm32h745xx.o(.text))
<BR>[Address Reference Count : 1]<UL><LI> startup_stm32h745xx.o(RESET)
</UL>
<P><STRONG><a name="[4c]"></a>CM7_SEV_IRQHandler</STRONG> (Thumb, 0 bytes, Stack size 0 bytes, startup_stm32h745xx.o(.text))
<BR>[Address Reference Count : 1]<UL><LI> startup_stm32h745xx.o(RESET)
</UL>
<P><STRONG><a name="[91]"></a>COMP1_IRQHandler</STRONG> (Thumb, 0 bytes, Stack size 0 bytes, startup_stm32h745xx.o(.text))
<BR>[Address Reference Count : 1]<UL><LI> startup_stm32h745xx.o(RESET)
</UL>
<P><STRONG><a name="[98]"></a>CRS_IRQHandler</STRONG> (Thumb, 0 bytes, Stack size 0 bytes, startup_stm32h745xx.o(.text))
<BR>[Address Reference Count : 1]<UL><LI> startup_stm32h745xx.o(RESET)
</UL>
<P><STRONG><a name="[58]"></a>DCMI_IRQHandler</STRONG> (Thumb, 0 bytes, Stack size 0 bytes, startup_stm32h745xx.o(.text))
<BR>[Address Reference Count : 1]<UL><LI> startup_stm32h745xx.o(RESET)
</UL>
<P><STRONG><a name="[77]"></a>DFSDM1_FLT0_IRQHandler</STRONG> (Thumb, 0 bytes, Stack size 0 bytes, startup_stm32h745xx.o(.text))
<BR>[Address Reference Count : 1]<UL><LI> startup_stm32h745xx.o(RESET)
</UL>
<P><STRONG><a name="[78]"></a>DFSDM1_FLT1_IRQHandler</STRONG> (Thumb, 0 bytes, Stack size 0 bytes, startup_stm32h745xx.o(.text))
<BR>[Address Reference Count : 1]<UL><LI> startup_stm32h745xx.o(RESET)
</UL>
<P><STRONG><a name="[79]"></a>DFSDM1_FLT2_IRQHandler</STRONG> (Thumb, 0 bytes, Stack size 0 bytes, startup_stm32h745xx.o(.text))
<BR>[Address Reference Count : 1]<UL><LI> startup_stm32h745xx.o(RESET)
</UL>
<P><STRONG><a name="[7a]"></a>DFSDM1_FLT3_IRQHandler</STRONG> (Thumb, 0 bytes, Stack size 0 bytes, startup_stm32h745xx.o(.text))
<BR>[Address Reference Count : 1]<UL><LI> startup_stm32h745xx.o(RESET)
</UL>
<P><STRONG><a name="[1a]"></a>DMA1_Stream2_IRQHandler</STRONG> (Thumb, 0 bytes, Stack size 0 bytes, startup_stm32h745xx.o(.text))
<BR>[Address Reference Count : 1]<UL><LI> startup_stm32h745xx.o(RESET)
</UL>
<P><STRONG><a name="[1c]"></a>DMA1_Stream4_IRQHandler</STRONG> (Thumb, 0 bytes, Stack size 0 bytes, startup_stm32h745xx.o(.text))
<BR>[Address Reference Count : 1]<UL><LI> startup_stm32h745xx.o(RESET)
</UL>
<P><STRONG><a name="[1d]"></a>DMA1_Stream5_IRQHandler</STRONG> (Thumb, 0 bytes, Stack size 0 bytes, startup_stm32h745xx.o(.text))
<BR>[Address Reference Count : 1]<UL><LI> startup_stm32h745xx.o(RESET)
</UL>
<P><STRONG><a name="[1e]"></a>DMA1_Stream6_IRQHandler</STRONG> (Thumb, 0 bytes, Stack size 0 bytes, startup_stm32h745xx.o(.text))
<BR>[Address Reference Count : 1]<UL><LI> startup_stm32h745xx.o(RESET)
</UL>
<P><STRONG><a name="[3b]"></a>DMA1_Stream7_IRQHandler</STRONG> (Thumb, 0 bytes, Stack size 0 bytes, startup_stm32h745xx.o(.text))
<BR>[Address Reference Count : 1]<UL><LI> startup_stm32h745xx.o(RESET)
</UL>
<P><STRONG><a name="[63]"></a>DMA2D_IRQHandler</STRONG> (Thumb, 0 bytes, Stack size 0 bytes, startup_stm32h745xx.o(.text))
<BR>[Address Reference Count : 1]<UL><LI> startup_stm32h745xx.o(RESET)
</UL>
<P><STRONG><a name="[44]"></a>DMA2_Stream0_IRQHandler</STRONG> (Thumb, 0 bytes, Stack size 0 bytes, startup_stm32h745xx.o(.text))
<BR>[Address Reference Count : 1]<UL><LI> startup_stm32h745xx.o(RESET)
</UL>
<P><STRONG><a name="[45]"></a>DMA2_Stream1_IRQHandler</STRONG> (Thumb, 0 bytes, Stack size 0 bytes, startup_stm32h745xx.o(.text))
<BR>[Address Reference Count : 1]<UL><LI> startup_stm32h745xx.o(RESET)
</UL>
<P><STRONG><a name="[46]"></a>DMA2_Stream2_IRQHandler</STRONG> (Thumb, 0 bytes, Stack size 0 bytes, startup_stm32h745xx.o(.text))
<BR>[Address Reference Count : 1]<UL><LI> startup_stm32h745xx.o(RESET)
</UL>
<P><STRONG><a name="[47]"></a>DMA2_Stream3_IRQHandler</STRONG> (Thumb, 0 bytes, Stack size 0 bytes, startup_stm32h745xx.o(.text))
<BR>[Address Reference Count : 1]<UL><LI> startup_stm32h745xx.o(RESET)
</UL>
<P><STRONG><a name="[48]"></a>DMA2_Stream4_IRQHandler</STRONG> (Thumb, 0 bytes, Stack size 0 bytes, startup_stm32h745xx.o(.text))
<BR>[Address Reference Count : 1]<UL><LI> startup_stm32h745xx.o(RESET)
</UL>
<P><STRONG><a name="[4e]"></a>DMA2_Stream5_IRQHandler</STRONG> (Thumb, 0 bytes, Stack size 0 bytes, startup_stm32h745xx.o(.text))
<BR>[Address Reference Count : 1]<UL><LI> startup_stm32h745xx.o(RESET)
</UL>
<P><STRONG><a name="[4f]"></a>DMA2_Stream6_IRQHandler</STRONG> (Thumb, 0 bytes, Stack size 0 bytes, startup_stm32h745xx.o(.text))
<BR>[Address Reference Count : 1]<UL><LI> startup_stm32h745xx.o(RESET)
</UL>
<P><STRONG><a name="[50]"></a>DMA2_Stream7_IRQHandler</STRONG> (Thumb, 0 bytes, Stack size 0 bytes, startup_stm32h745xx.o(.text))
<BR>[Address Reference Count : 1]<UL><LI> startup_stm32h745xx.o(RESET)
</UL>
<P><STRONG><a name="[6f]"></a>DMAMUX1_OVR_IRQHandler</STRONG> (Thumb, 0 bytes, Stack size 0 bytes, startup_stm32h745xx.o(.text))
<BR>[Address Reference Count : 1]<UL><LI> startup_stm32h745xx.o(RESET)
</UL>
<P><STRONG><a name="[88]"></a>DMAMUX2_OVR_IRQHandler</STRONG> (Thumb, 0 bytes, Stack size 0 bytes, startup_stm32h745xx.o(.text))
<BR>[Address Reference Count : 1]<UL><LI> startup_stm32h745xx.o(RESET)
</UL>
<P><STRONG><a name="[99]"></a>ECC_IRQHandler</STRONG> (Thumb, 0 bytes, Stack size 0 bytes, startup_stm32h745xx.o(.text))
<BR>[Address Reference Count : 1]<UL><LI> startup_stm32h745xx.o(RESET)
</UL>
<P><STRONG><a name="[49]"></a>ETH_IRQHandler</STRONG> (Thumb, 0 bytes, Stack size 0 bytes, startup_stm32h745xx.o(.text))
<BR>[Address Reference Count : 1]<UL><LI> startup_stm32h745xx.o(RESET)
</UL>
<P><STRONG><a name="[4a]"></a>ETH_WKUP_IRQHandler</STRONG> (Thumb, 0 bytes, Stack size 0 bytes, startup_stm32h745xx.o(.text))
<BR>[Address Reference Count : 1]<UL><LI> startup_stm32h745xx.o(RESET)
</UL>
<P><STRONG><a name="[13]"></a>EXTI0_IRQHandler</STRONG> (Thumb, 0 bytes, Stack size 0 bytes, startup_stm32h745xx.o(.text))
<BR>[Address Reference Count : 1]<UL><LI> startup_stm32h745xx.o(RESET)
</UL>
<P><STRONG><a name="[35]"></a>EXTI15_10_IRQHandler</STRONG> (Thumb, 0 bytes, Stack size 0 bytes, startup_stm32h745xx.o(.text))
<BR>[Address Reference Count : 1]<UL><LI> startup_stm32h745xx.o(RESET)
</UL>
<P><STRONG><a name="[14]"></a>EXTI1_IRQHandler</STRONG> (Thumb, 0 bytes, Stack size 0 bytes, startup_stm32h745xx.o(.text))
<BR>[Address Reference Count : 1]<UL><LI> startup_stm32h745xx.o(RESET)
</UL>
<P><STRONG><a name="[15]"></a>EXTI2_IRQHandler</STRONG> (Thumb, 0 bytes, Stack size 0 bytes, startup_stm32h745xx.o(.text))
<BR>[Address Reference Count : 1]<UL><LI> startup_stm32h745xx.o(RESET)
</UL>
<P><STRONG><a name="[16]"></a>EXTI3_IRQHandler</STRONG> (Thumb, 0 bytes, Stack size 0 bytes, startup_stm32h745xx.o(.text))
<BR>[Address Reference Count : 1]<UL><LI> startup_stm32h745xx.o(RESET)
</UL>
<P><STRONG><a name="[17]"></a>EXTI4_IRQHandler</STRONG> (Thumb, 0 bytes, Stack size 0 bytes, startup_stm32h745xx.o(.text))
<BR>[Address Reference Count : 1]<UL><LI> startup_stm32h745xx.o(RESET)
</UL>
<P><STRONG><a name="[24]"></a>EXTI9_5_IRQHandler</STRONG> (Thumb, 0 bytes, Stack size 0 bytes, startup_stm32h745xx.o(.text))
<BR>[Address Reference Count : 1]<UL><LI> startup_stm32h745xx.o(RESET)
</UL>
<P><STRONG><a name="[21]"></a>FDCAN2_IT0_IRQHandler</STRONG> (Thumb, 0 bytes, Stack size 0 bytes, startup_stm32h745xx.o(.text))
<BR>[Address Reference Count : 1]<UL><LI> startup_stm32h745xx.o(RESET)
</UL>
<P><STRONG><a name="[23]"></a>FDCAN2_IT1_IRQHandler</STRONG> (Thumb, 0 bytes, Stack size 0 bytes, startup_stm32h745xx.o(.text))
<BR>[Address Reference Count : 1]<UL><LI> startup_stm32h745xx.o(RESET)
</UL>
<P><STRONG><a name="[4b]"></a>FDCAN_CAL_IRQHandler</STRONG> (Thumb, 0 bytes, Stack size 0 bytes, startup_stm32h745xx.o(.text))
<BR>[Address Reference Count : 1]<UL><LI> startup_stm32h745xx.o(RESET)
</UL>
<P><STRONG><a name="[11]"></a>FLASH_IRQHandler</STRONG> (Thumb, 0 bytes, Stack size 0 bytes, startup_stm32h745xx.o(.text))
<BR>[Address Reference Count : 1]<UL><LI> startup_stm32h745xx.o(RESET)
</UL>
<P><STRONG><a name="[3c]"></a>FMC_IRQHandler</STRONG> (Thumb, 0 bytes, Stack size 0 bytes, startup_stm32h745xx.o(.text))
<BR>[Address Reference Count : 1]<UL><LI> startup_stm32h745xx.o(RESET)
</UL>
<P><STRONG><a name="[5a]"></a>FPU_IRQHandler</STRONG> (Thumb, 0 bytes, Stack size 0 bytes, startup_stm32h745xx.o(.text))
<BR>[Address Reference Count : 1]<UL><LI> startup_stm32h745xx.o(RESET)
</UL>
<P><STRONG><a name="[9b]"></a>HOLD_CORE_IRQHandler</STRONG> (Thumb, 0 bytes, Stack size 0 bytes, startup_stm32h745xx.o(.text))
<BR>[Address Reference Count : 1]<UL><LI> startup_stm32h745xx.o(RESET)
</UL>
<P><STRONG><a name="[76]"></a>HRTIM1_FLT_IRQHandler</STRONG> (Thumb, 0 bytes, Stack size 0 bytes, startup_stm32h745xx.o(.text))
<BR>[Address Reference Count : 1]<UL><LI> startup_stm32h745xx.o(RESET)
</UL>
<P><STRONG><a name="[70]"></a>HRTIM1_Master_IRQHandler</STRONG> (Thumb, 0 bytes, Stack size 0 bytes, startup_stm32h745xx.o(.text))
<BR>[Address Reference Count : 1]<UL><LI> startup_stm32h745xx.o(RESET)
</UL>
<P><STRONG><a name="[71]"></a>HRTIM1_TIMA_IRQHandler</STRONG> (Thumb, 0 bytes, Stack size 0 bytes, startup_stm32h745xx.o(.text))
<BR>[Address Reference Count : 1]<UL><LI> startup_stm32h745xx.o(RESET)
</UL>
<P><STRONG><a name="[72]"></a>HRTIM1_TIMB_IRQHandler</STRONG> (Thumb, 0 bytes, Stack size 0 bytes, startup_stm32h745xx.o(.text))
<BR>[Address Reference Count : 1]<UL><LI> startup_stm32h745xx.o(RESET)
</UL>
<P><STRONG><a name="[73]"></a>HRTIM1_TIMC_IRQHandler</STRONG> (Thumb, 0 bytes, Stack size 0 bytes, startup_stm32h745xx.o(.text))
<BR>[Address Reference Count : 1]<UL><LI> startup_stm32h745xx.o(RESET)
</UL>
<P><STRONG><a name="[74]"></a>HRTIM1_TIMD_IRQHandler</STRONG> (Thumb, 0 bytes, Stack size 0 bytes, startup_stm32h745xx.o(.text))
<BR>[Address Reference Count : 1]<UL><LI> startup_stm32h745xx.o(RESET)
</UL>
<P><STRONG><a name="[75]"></a>HRTIM1_TIME_IRQHandler</STRONG> (Thumb, 0 bytes, Stack size 0 bytes, startup_stm32h745xx.o(.text))
<BR>[Address Reference Count : 1]<UL><LI> startup_stm32h745xx.o(RESET)
</UL>
<P><STRONG><a name="[85]"></a>HSEM1_IRQHandler</STRONG> (Thumb, 0 bytes, Stack size 0 bytes, startup_stm32h745xx.o(.text))
<BR>[Address Reference Count : 1]<UL><LI> startup_stm32h745xx.o(RESET)
</UL>
<P><STRONG><a name="[86]"></a>HSEM2_IRQHandler</STRONG> (Thumb, 0 bytes, Stack size 0 bytes, startup_stm32h745xx.o(.text))
<BR>[Address Reference Count : 1]<UL><LI> startup_stm32h745xx.o(RESET)
</UL>
<P><STRONG><a name="[2d]"></a>I2C1_ER_IRQHandler</STRONG> (Thumb, 0 bytes, Stack size 0 bytes, startup_stm32h745xx.o(.text))
<BR>[Address Reference Count : 1]<UL><LI> startup_stm32h745xx.o(RESET)
</UL>
<P><STRONG><a name="[2c]"></a>I2C1_EV_IRQHandler</STRONG> (Thumb, 0 bytes, Stack size 0 bytes, startup_stm32h745xx.o(.text))
<BR>[Address Reference Count : 1]<UL><LI> startup_stm32h745xx.o(RESET)
</UL>
<P><STRONG><a name="[2f]"></a>I2C2_ER_IRQHandler</STRONG> (Thumb, 0 bytes, Stack size 0 bytes, startup_stm32h745xx.o(.text))
<BR>[Address Reference Count : 1]<UL><LI> startup_stm32h745xx.o(RESET)
</UL>
<P><STRONG><a name="[2e]"></a>I2C2_EV_IRQHandler</STRONG> (Thumb, 0 bytes, Stack size 0 bytes, startup_stm32h745xx.o(.text))
<BR>[Address Reference Count : 1]<UL><LI> startup_stm32h745xx.o(RESET)
</UL>
<P><STRONG><a name="[53]"></a>I2C3_ER_IRQHandler</STRONG> (Thumb, 0 bytes, Stack size 0 bytes, startup_stm32h745xx.o(.text))
<BR>[Address Reference Count : 1]<UL><LI> startup_stm32h745xx.o(RESET)
</UL>
<P><STRONG><a name="[52]"></a>I2C3_EV_IRQHandler</STRONG> (Thumb, 0 bytes, Stack size 0 bytes, startup_stm32h745xx.o(.text))
<BR>[Address Reference Count : 1]<UL><LI> startup_stm32h745xx.o(RESET)
</UL>
<P><STRONG><a name="[69]"></a>I2C4_ER_IRQHandler</STRONG> (Thumb, 0 bytes, Stack size 0 bytes, startup_stm32h745xx.o(.text))
<BR>[Address Reference Count : 1]<UL><LI> startup_stm32h745xx.o(RESET)
</UL>
<P><STRONG><a name="[68]"></a>I2C4_EV_IRQHandler</STRONG> (Thumb, 0 bytes, Stack size 0 bytes, startup_stm32h745xx.o(.text))
<BR>[Address Reference Count : 1]<UL><LI> startup_stm32h745xx.o(RESET)
</UL>
<P><STRONG><a name="[82]"></a>JPEG_IRQHandler</STRONG> (Thumb, 0 bytes, Stack size 0 bytes, startup_stm32h745xx.o(.text))
<BR>[Address Reference Count : 1]<UL><LI> startup_stm32h745xx.o(RESET)
</UL>
<P><STRONG><a name="[66]"></a>LPTIM1_IRQHandler</STRONG> (Thumb, 0 bytes, Stack size 0 bytes, startup_stm32h745xx.o(.text))
<BR>[Address Reference Count : 1]<UL><LI> startup_stm32h745xx.o(RESET)
</UL>
<P><STRONG><a name="[92]"></a>LPTIM2_IRQHandler</STRONG> (Thumb, 0 bytes, Stack size 0 bytes, startup_stm32h745xx.o(.text))
<BR>[Address Reference Count : 1]<UL><LI> startup_stm32h745xx.o(RESET)
</UL>
<P><STRONG><a name="[93]"></a>LPTIM3_IRQHandler</STRONG> (Thumb, 0 bytes, Stack size 0 bytes, startup_stm32h745xx.o(.text))
<BR>[Address Reference Count : 1]<UL><LI> startup_stm32h745xx.o(RESET)
</UL>
<P><STRONG><a name="[94]"></a>LPTIM4_IRQHandler</STRONG> (Thumb, 0 bytes, Stack size 0 bytes, startup_stm32h745xx.o(.text))
<BR>[Address Reference Count : 1]<UL><LI> startup_stm32h745xx.o(RESET)
</UL>
<P><STRONG><a name="[95]"></a>LPTIM5_IRQHandler</STRONG> (Thumb, 0 bytes, Stack size 0 bytes, startup_stm32h745xx.o(.text))
<BR>[Address Reference Count : 1]<UL><LI> startup_stm32h745xx.o(RESET)
</UL>
<P><STRONG><a name="[96]"></a>LPUART1_IRQHandler</STRONG> (Thumb, 0 bytes, Stack size 0 bytes, startup_stm32h745xx.o(.text))
<BR>[Address Reference Count : 1]<UL><LI> startup_stm32h745xx.o(RESET)
</UL>
<P><STRONG><a name="[62]"></a>LTDC_ER_IRQHandler</STRONG> (Thumb, 0 bytes, Stack size 0 bytes, startup_stm32h745xx.o(.text))
<BR>[Address Reference Count : 1]<UL><LI> startup_stm32h745xx.o(RESET)
</UL>
<P><STRONG><a name="[61]"></a>LTDC_IRQHandler</STRONG> (Thumb, 0 bytes, Stack size 0 bytes, startup_stm32h745xx.o(.text))
<BR>[Address Reference Count : 1]<UL><LI> startup_stm32h745xx.o(RESET)
</UL>
<P><STRONG><a name="[81]"></a>MDIOS_IRQHandler</STRONG> (Thumb, 0 bytes, Stack size 0 bytes, startup_stm32h745xx.o(.text))
<BR>[Address Reference Count : 1]<UL><LI> startup_stm32h745xx.o(RESET)
</UL>
<P><STRONG><a name="[80]"></a>MDIOS_WKUP_IRQHandler</STRONG> (Thumb, 0 bytes, Stack size 0 bytes, startup_stm32h745xx.o(.text))
<BR>[Address Reference Count : 1]<UL><LI> startup_stm32h745xx.o(RESET)
</UL>
<P><STRONG><a name="[83]"></a>MDMA_IRQHandler</STRONG> (Thumb, 0 bytes, Stack size 0 bytes, startup_stm32h745xx.o(.text))
<BR>[Address Reference Count : 1]<UL><LI> startup_stm32h745xx.o(RESET)
</UL>
<P><STRONG><a name="[6c]"></a>OTG_FS_EP1_IN_IRQHandler</STRONG> (Thumb, 0 bytes, Stack size 0 bytes, startup_stm32h745xx.o(.text))
<BR>[Address Reference Count : 1]<UL><LI> startup_stm32h745xx.o(RESET)
</UL>
<P><STRONG><a name="[6b]"></a>OTG_FS_EP1_OUT_IRQHandler</STRONG> (Thumb, 0 bytes, Stack size 0 bytes, startup_stm32h745xx.o(.text))
<BR>[Address Reference Count : 1]<UL><LI> startup_stm32h745xx.o(RESET)
</UL>
[...]
</UL>
<BR>[Called By]<UL><LI><a href="#[118]">&gt;&gt;</a>&nbsp;&nbsp;&nbsp;Kin_IKCalcFromRotMat
<LI><a href="#[160]">&gt;&gt;</a>&nbsp;&nbsp;&nbsp;Kin_IKCalcFromQuat
</UL>

<P><STRONG><a name="[164]"></a>Kin_SolIsReal</STRONG> (Thumb, 66 bytes, Stack size 32 bytes, rnea.o(i.Kin_SolIsReal))
<BR><BR>[Stack]<UL><LI>Max Depth = 32<LI>Call Chain = Kin_SolIsReal
</UL>
<BR>[Called By]<UL><LI><a href="#[162]">&gt;&gt;</a>&nbsp;&nbsp;&nbsp;Kin_IKRaw
</UL>

<P><STRONG><a name="[166]"></a>Mat3Transpose</STRONG> (Thumb, 76 bytes, Stack size 112 bytes, rnea.o(i.Mat3Transpose))
<BR><BR>[Stack]<UL><LI>Max Depth = 120<LI>Call Chain = Mat3Transpose &rArr; __aeabi_memcpy4
</UL>
<BR>[Calls]<UL><LI><a href="#[bd]">&gt;&gt;</a>&nbsp;&nbsp;&nbsp;__aeabi_memcpy4 (via Veneer)
</UL>
<BR>[Called By]<UL><LI><a href="#[dd]">&gt;&gt;</a>&nbsp;&nbsp;&nbsp;RNEA_Conf
<LI><a href="#[13b]">&gt;&gt;</a>&nbsp;&nbsp;&nbsp;RNEA_CalcTorques
</UL>

<P><STRONG><a name="[167]"></a>Mat3xVec3</STRONG> (Thumb, 96 bytes, Stack size 88 bytes, rnea.o(i.Mat3xVec3))
<BR><BR>[Stack]<UL><LI>Max Depth = 88<LI>Call Chain = Mat3xVec3
</UL>
<BR>[Called By]<UL><LI><a href="#[13b]">&gt;&gt;</a>&nbsp;&nbsp;&nbsp;RNEA_CalcTorques
</UL>

<P><STRONG><a name="[16d]"></a>Mat4ToVec3</STRONG> (Thumb, 46 bytes, Stack size 48 bytes, rnea.o(i.Mat4ToVec3))
<BR><BR>[Stack]<UL><LI>Max Depth = 48<LI>Call Chain = Mat4ToVec3
</UL>
<BR>[Called By]<UL><LI><a href="#[dd]">&gt;&gt;</a>&nbsp;&nbsp;&nbsp;RNEA_Conf
</UL>

<P><STRONG><a name="[169]"></a>Vec3AddVec3</STRONG> (Thumb, 58 bytes, Stack size 88 bytes, rnea.o(i.Vec3AddVec3))
<BR><BR>[Stack]<UL><LI>Max Depth = 88<LI>Call Chain = Vec3AddVec3
</UL>
<BR>[Called By]<UL><LI><a href="#[13b]">&gt;&gt;</a>&nbsp;&nbsp;&nbsp;RNEA_CalcTorques
</UL>

<P><STRONG><a name="[16a]"></a>Vec3Cross</STRONG> (Thumb, 50 bytes, Stack size 16 bytes, rnea.o(i.Vec3Cross))
<BR><BR>[Stack]<UL><LI>Max Depth = 16<LI>Call Chain = Vec3Cross
</UL>
<BR>[Called By]<UL><LI><a href="#[13b]">&gt;&gt;</a>&nbsp;&nbsp;&nbsp;RNEA_CalcTorques
</UL>

<P><STRONG><a name="[16c]"></a>Vec3SubVec3</STRONG> (Thumb, 58 bytes, Stack size 88 bytes, rnea.o(i.Vec3SubVec3))
<BR><BR>[Stack]<UL><LI>Max Depth = 88<LI>Call Chain = Vec3SubVec3
</UL>
<BR>[Called By]<UL><LI><a href="#[dd]">&gt;&gt;</a>&nbsp;&nbsp;&nbsp;RNEA_Conf
<LI><a href="#[13b]">&gt;&gt;</a>&nbsp;&nbsp;&nbsp;RNEA_CalcTorques
</UL>

<P><STRONG><a name="[168]"></a>Vec3xScalar</STRONG> (Thumb, 50 bytes, Stack size 64 bytes, rnea.o(i.Vec3xScalar))
<BR><BR>[Stack]<UL><LI>Max Depth = 64<LI>Call Chain = Vec3xScalar
</UL>
<BR>[Called By]<UL><LI><a href="#[13b]">&gt;&gt;</a>&nbsp;&nbsp;&nbsp;RNEA_CalcTorques
</UL>

<P><STRONG><a name="[d7]"></a>MBS_ActConfigWords</STRONG> (Thumb, 166 bytes, Stack size 0 bytes, mb_rtu_slave.o(i.MBS_ActConfigWords))
<BR><BR>[Called By]<UL><LI><a href="#[d6]">&gt;&gt;</a>&nbsp;&nbsp;&nbsp;MBS_Act
</UL>

<P><STRONG><a name="[d8]"></a>MBS_ActControlWords</STRONG> (Thumb, 756 bytes, Stack size 40 bytes, mb_rtu_slave.o(i.MBS_ActControlWords))
<BR><BR>[Stack]<UL><LI>Max Depth = 1440<LI>Call Chain = MBS_ActControlWords &rArr; MBS_UseNewArmModel &rArr; RNEA_Conf &rArr; HRZ &rArr; __hardfp_sin &rArr; __ieee754_rem_pio2 &rArr; fabs
</UL>
<BR>[Calls]<UL><LI><a href="#[dd]">&gt;&gt;</a>&nbsp;&nbsp;&nbsp;RNEA_Conf (via Veneer)
<LI><a href="#[da]">&gt;&gt;</a>&nbsp;&nbsp;&nbsp;Joints_SetDefaultPidParam
<LI><a href="#[d2]">&gt;&gt;</a>&nbsp;&nbsp;&nbsp;Joints_SetDefaultFriction
<LI><a href="#[dc]">&gt;&gt;</a>&nbsp;&nbsp;&nbsp;Control_SetDefualtArmModel (via Veneer)
<LI><a href="#[e1]">&gt;&gt;</a>&nbsp;&nbsp;&nbsp;Control_ResetDevicesViaCan (via Veneer)
<LI><a href="#[df]">&gt;&gt;</a>&nbsp;&nbsp;&nbsp;Control_ClearInternallErrorsInJtc (via Veneer)
<LI><a href="#[e0]">&gt;&gt;</a>&nbsp;&nbsp;&nbsp;Control_ClearExternallErrorsViaCan (via Veneer)
<LI><a href="#[db]">&gt;&gt;</a>&nbsp;&nbsp;&nbsp;MBS_UseNewPidParam
<LI><a href="#[de]">&gt;&gt;</a>&nbsp;&nbsp;&nbsp;MBS_UseNewArmModel
</UL>
<BR>[Called By]<UL><LI><a href="#[d6]">&gt;&gt;</a>&nbsp;&nbsp;&nbsp;MBS_Act
</UL>

<P><STRONG><a name="[d9]"></a>MBS_ActTelemetry</STRONG> (Thumb, 1578 bytes, Stack size 20 bytes, mb_rtu_slave.o(i.MBS_ActTelemetry))
<BR><BR>[Stack]<UL><LI>Max Depth = 20<LI>Call Chain = MBS_ActTelemetry
</UL>
<BR>[Called By]<UL><LI><a href="#[d6]">&gt;&gt;</a>&nbsp;&nbsp;&nbsp;MBS_Act
</UL>

<P><STRONG><a name="[ee]"></a>MBS_ClrStr</STRONG> (Thumb, 16 bytes, Stack size 0 bytes, mb_rtu_slave.o(i.MBS_ClrStr))
<BR><BR>[Called By]<UL><LI><a href="#[e5]">&gt;&gt;</a>&nbsp;&nbsp;&nbsp;MBS_StructConf
<LI><a href="#[ed]">&gt;&gt;</a>&nbsp;&nbsp;&nbsp;MBS_Response_WnHR
<LI><a href="#[e9]">&gt;&gt;</a>&nbsp;&nbsp;&nbsp;MBS_Response_WnDQ
<LI><a href="#[eb]">&gt;&gt;</a>&nbsp;&nbsp;&nbsp;MBS_Response_W1HR
<LI><a href="#[ea]">&gt;&gt;</a>&nbsp;&nbsp;&nbsp;MBS_Response_RnHR
<LI><a href="#[e8]">&gt;&gt;</a>&nbsp;&nbsp;&nbsp;MBS_Response_RnDQ
<LI><a href="#[ec]">&gt;&gt;</a>&nbsp;&nbsp;&nbsp;MBS_ResponseError_IDR
</UL>

<P><STRONG><a name="[e2]"></a>MBS_ComUart2Conf</STRONG> (Thumb, 164 bytes, Stack size 16 bytes, mb_rtu_slave.o(i.MBS_ComUart2Conf))
<BR><BR>[Stack]<UL><LI>Max Depth = 16<LI>Call Chain = MBS_ComUart2Conf
</UL>
<BR>[Calls]<UL><LI><a href="#[e3]">&gt;&gt;</a>&nbsp;&nbsp;&nbsp;__NVIC_EnableIRQ
</UL>
<BR>[Called By]<UL><LI><a href="#[e4]">&gt;&gt;</a>&nbsp;&nbsp;&nbsp;MBS_Conf
</UL>

<P><STRONG><a name="[e7]"></a>MBS_Crc16</STRONG> (Thumb, 48 bytes, Stack size 16 bytes, mb_rtu_slave.o(i.MBS_Crc16))
<BR><BR>[Stack]<UL><LI>Max Depth = 16<LI>Call Chain = MBS_Crc16
</UL>
<BR>[Called By]<UL><LI><a href="#[ed]">&gt;&gt;</a>&nbsp;&nbsp;&nbsp;MBS_Response_WnHR
<LI><a href="#[e9]">&gt;&gt;</a>&nbsp;&nbsp;&nbsp;MBS_Response_WnDQ
<LI><a href="#[eb]">&gt;&gt;</a>&nbsp;&nbsp;&nbsp;MBS_Response_W1HR
<LI><a href="#[ea]">&gt;&gt;</a>&nbsp;&nbsp;&nbsp;MBS_Response_RnHR
<LI><a href="#[e8]">&gt;&gt;</a>&nbsp;&nbsp;&nbsp;MBS_Response_RnDQ
<LI><a href="#[ec]">&gt;&gt;</a>&nbsp;&nbsp;&nbsp;MBS_ResponseError_IDR
<LI><a href="#[e6]">&gt;&gt;</a>&nbsp;&nbsp;&nbsp;MBS_ReadRequest
</UL>

<P><STRONG><a name="[e6]"></a>MBS_ReadRequest</STRONG> (Thumb, 364 bytes, Stack size 24 bytes, mb_rtu_slave.o(i.MBS_ReadRequest))
<BR><BR>[Stack]<UL><LI>Max Depth = 72<LI>Call Chain = MBS_ReadRequest &rArr; MBS_Response_WnDQ &rArr; MBS_Crc16
</UL>
<BR>[Calls]<UL><LI><a href="#[ed]">&gt;&gt;</a>&nbsp;&nbsp;&nbsp;MBS_Response_WnHR
<LI><a href="#[e9]">&gt;&gt;</a>&nbsp;&nbsp;&nbsp;MBS_Response_WnDQ
<LI><a href="#[eb]">&gt;&gt;</a>&nbsp;&nbsp;&nbsp;MBS_Response_W1HR
<LI><a href="#[ea]">&gt;&gt;</a>&nbsp;&nbsp;&nbsp;MBS_Response_RnHR
<LI><a href="#[e8]">&gt;&gt;</a>&nbsp;&nbsp;&nbsp;MBS_Response_RnDQ
<LI><a href="#[ec]">&gt;&gt;</a>&nbsp;&nbsp;&nbsp;MBS_ResponseError_IDR
<LI><a href="#[c4]">&gt;&gt;</a>&nbsp;&nbsp;&nbsp;MBS_ReinitDmaReadStream
<LI><a href="#[e7]">&gt;&gt;</a>&nbsp;&nbsp;&nbsp;MBS_Crc16
</UL>
<BR>[Called By]<UL><LI><a href="#[3e]">&gt;&gt;</a>&nbsp;&nbsp;&nbsp;TIM5_IRQHandler
</UL>

<P><STRONG><a name="[c4]"></a>MBS_ReinitDmaReadStream</STRONG> (Thumb, 34 bytes, Stack size 0 bytes, mb_rtu_slave.o(i.MBS_ReinitDmaReadStream))
<BR><BR>[Called By]<UL><LI><a href="#[18]">&gt;&gt;</a>&nbsp;&nbsp;&nbsp;DMA1_Stream0_IRQHandler
<LI><a href="#[e6]">&gt;&gt;</a>&nbsp;&nbsp;&nbsp;MBS_ReadRequest
</UL>

<P><STRONG><a name="[ef]"></a>MBS_ReinitDmaWriteStream</STRONG> (Thumb, 30 bytes, Stack size 0 bytes, mb_rtu_slave.o(i.MBS_ReinitDmaWriteStream))
<BR><BR>[Called By]<UL><LI><a href="#[ed]">&gt;&gt;</a>&nbsp;&nbsp;&nbsp;MBS_Response_WnHR
<LI><a href="#[e9]">&gt;&gt;</a>&nbsp;&nbsp;&nbsp;MBS_Response_WnDQ
<LI><a href="#[eb]">&gt;&gt;</a>&nbsp;&nbsp;&nbsp;MBS_Response_W1HR
<LI><a href="#[ea]">&gt;&gt;</a>&nbsp;&nbsp;&nbsp;MBS_Response_RnHR
<LI><a href="#[e8]">&gt;&gt;</a>&nbsp;&nbsp;&nbsp;MBS_Response_RnDQ
<LI><a href="#[ec]">&gt;&gt;</a>&nbsp;&nbsp;&nbsp;MBS_ResponseError_IDR
</UL>

<P><STRONG><a name="[ec]"></a>MBS_ResponseError_IDR</STRONG> (Thumb, 68 bytes, Stack size 16 bytes, mb_rtu_slave.o(i.MBS_ResponseError_IDR))
<BR><BR>[Stack]<UL><LI>Max Depth = 32<LI>Call Chain = MBS_ResponseError_IDR &rArr; MBS_Crc16
</UL>
<BR>[Calls]<UL><LI><a href="#[ef]">&gt;&gt;</a>&nbsp;&nbsp;&nbsp;MBS_ReinitDmaWriteStream
<LI><a href="#[e7]">&gt;&gt;</a>&nbsp;&nbsp;&nbsp;MBS_Crc16
<LI><a href="#[ee]">&gt;&gt;</a>&nbsp;&nbsp;&nbsp;MBS_ClrStr
</UL>
<BR>[Called By]<UL><LI><a href="#[e6]">&gt;&gt;</a>&nbsp;&nbsp;&nbsp;MBS_ReadRequest
</UL>

<P><STRONG><a name="[e8]"></a>MBS_Response_RnDQ</STRONG> (Thumb, 132 bytes, Stack size 24 bytes, mb_rtu_slave.o(i.MBS_Response_RnDQ))
<BR><BR>[Stack]<UL><LI>Max Depth = 40<LI>Call Chain = MBS_Response_RnDQ &rArr; MBS_Crc16
</UL>
<BR>[Calls]<UL><LI><a href="#[ef]">&gt;&gt;</a>&nbsp;&nbsp;&nbsp;MBS_ReinitDmaWriteStream
<LI><a href="#[e7]">&gt;&gt;</a>&nbsp;&nbsp;&nbsp;MBS_Crc16
<LI><a href="#[ee]">&gt;&gt;</a>&nbsp;&nbsp;&nbsp;MBS_ClrStr
</UL>
<BR>[Called By]<UL><LI><a href="#[e6]">&gt;&gt;</a>&nbsp;&nbsp;&nbsp;MBS_ReadRequest
</UL>

<P><STRONG><a name="[ea]"></a>MBS_Response_RnHR</STRONG> (Thumb, 132 bytes, Stack size 24 bytes, mb_rtu_slave.o(i.MBS_Response_RnHR))
<BR><BR>[Stack]<UL><LI>Max Depth = 40<LI>Call Chain = MBS_Response_RnHR &rArr; MBS_Crc16
</UL>
<BR>[Calls]<UL><LI><a href="#[ef]">&gt;&gt;</a>&nbsp;&nbsp;&nbsp;MBS_ReinitDmaWriteStream
<LI><a href="#[e7]">&gt;&gt;</a>&nbsp;&nbsp;&nbsp;MBS_Crc16
<LI><a href="#[ee]">&gt;&gt;</a>&nbsp;&nbsp;&nbsp;MBS_ClrStr
</UL>
<BR>[Called By]<UL><LI><a href="#[e6]">&gt;&gt;</a>&nbsp;&nbsp;&nbsp;MBS_ReadRequest
</UL>

<P><STRONG><a name="[eb]"></a>MBS_Response_W1HR</STRONG> (Thumb, 96 bytes, Stack size 16 bytes, mb_rtu_slave.o(i.MBS_Response_W1HR))
<BR><BR>[Stack]<UL><LI>Max Depth = 32<LI>Call Chain = MBS_Response_W1HR &rArr; MBS_Crc16
</UL>
<BR>[Calls]<UL><LI><a href="#[ef]">&gt;&gt;</a>&nbsp;&nbsp;&nbsp;MBS_ReinitDmaWriteStream
<LI><a href="#[e7]">&gt;&gt;</a>&nbsp;&nbsp;&nbsp;MBS_Crc16
<LI><a href="#[ee]">&gt;&gt;</a>&nbsp;&nbsp;&nbsp;MBS_ClrStr
</UL>
<BR>[Called By]<UL><LI><a href="#[e6]">&gt;&gt;</a>&nbsp;&nbsp;&nbsp;MBS_ReadRequest
</UL>

<P><STRONG><a name="[e9]"></a>MBS_Response_WnDQ</STRONG> (Thumb, 166 bytes, Stack size 32 bytes, mb_rtu_slave.o(i.MBS_Response_WnDQ))
<BR><BR>[Stack]<UL><LI>Max Depth = 48<LI>Call Chain = MBS_Response_WnDQ &rArr; MBS_Crc16
</UL>
<BR>[Calls]<UL><LI><a href="#[ef]">&gt;&gt;</a>&nbsp;&nbsp;&nbsp;MBS_ReinitDmaWriteStream
<LI><a href="#[e7]">&gt;&gt;</a>&nbsp;&nbsp;&nbsp;MBS_Crc16
<LI><a href="#[ee]">&gt;&gt;</a>&nbsp;&nbsp;&nbsp;MBS_ClrStr
</UL>
<BR>[Called By]<UL><LI><a href="#[e6]">&gt;&gt;</a>&nbsp;&nbsp;&nbsp;MBS_ReadRequest
</UL>

<P><STRONG><a name="[ed]"></a>MBS_Response_WnHR</STRONG> (Thumb, 124 bytes, Stack size 24 bytes, mb_rtu_slave.o(i.MBS_Response_WnHR))
<BR><BR>[Stack]<UL><LI>Max Depth = 40<LI>Call Chain = MBS_Response_WnHR &rArr; MBS_Crc16
</UL>
<BR>[Calls]<UL><LI><a href="#[ef]">&gt;&gt;</a>&nbsp;&nbsp;&nbsp;MBS_ReinitDmaWriteStream
<LI><a href="#[e7]">&gt;&gt;</a>&nbsp;&nbsp;&nbsp;MBS_Crc16
<LI><a href="#[ee]">&gt;&gt;</a>&nbsp;&nbsp;&nbsp;MBS_ClrStr
</UL>
<BR>[Called By]<UL><LI><a href="#[e6]">&gt;&gt;</a>&nbsp;&nbsp;&nbsp;MBS_ReadRequest
</UL>

<P><STRONG><a name="[e5]"></a>MBS_StructConf</STRONG> (Thumb, 80 bytes, Stack size 16 bytes, mb_rtu_slave.o(i.MBS_StructConf))
<BR><BR>[Stack]<UL><LI>Max Depth = 16<LI>Call Chain = MBS_StructConf
</UL>
<BR>[Calls]<UL><LI><a href="#[ee]">&gt;&gt;</a>&nbsp;&nbsp;&nbsp;MBS_ClrStr
</UL>
<BR>[Called By]<UL><LI><a href="#[e4]">&gt;&gt;</a>&nbsp;&nbsp;&nbsp;MBS_Conf
</UL>

<P><STRONG><a name="[de]"></a>MBS_UseNewArmModel</STRONG> (Thumb, 288 bytes, Stack size 16 bytes, mb_rtu_slave.o(i.MBS_UseNewArmModel))
<BR><BR>[Stack]<UL><LI>Max Depth = 1400<LI>Call Chain = MBS_UseNewArmModel &rArr; RNEA_Conf &rArr; HRZ &rArr; __hardfp_sin &rArr; __ieee754_rem_pio2 &rArr; fabs
</UL>
<BR>[Calls]<UL><LI><a href="#[dd]">&gt;&gt;</a>&nbsp;&nbsp;&nbsp;RNEA_Conf (via Veneer)
</UL>
<BR>[Called By]<UL><LI><a href="#[d8]">&gt;&gt;</a>&nbsp;&nbsp;&nbsp;MBS_ActControlWords
</UL>

<P><STRONG><a name="[db]"></a>MBS_UseNewPidParam</STRONG> (Thumb, 266 bytes, Stack size 20 bytes, mb_rtu_slave.o(i.MBS_UseNewPidParam))
<BR><BR>[Stack]<UL><LI>Max Depth = 20<LI>Call Chain = MBS_UseNewPidParam
</UL>
<BR>[Called By]<UL><LI><a href="#[d8]">&gt;&gt;</a>&nbsp;&nbsp;&nbsp;MBS_ActControlWords
</UL>

<P><STRONG><a name="[e3]"></a>__NVIC_EnableIRQ</STRONG> (Thumb, 26 bytes, Stack size 0 bytes, mb_rtu_slave.o(i.__NVIC_EnableIRQ))
<BR><BR>[Called By]<UL><LI><a href="#[e4]">&gt;&gt;</a>&nbsp;&nbsp;&nbsp;MBS_Conf
<LI><a href="#[e2]">&gt;&gt;</a>&nbsp;&nbsp;&nbsp;MBS_ComUart2Conf
</UL>

<P><STRONG><a name="[16f]"></a>TG_GetSeqFromMbs</STRONG> (Thumb, 640 bytes, Stack size 728 bytes, trajgen.o(i.TG_GetSeqFromMbs))
<BR><BR>[Stack]<UL><LI>Max Depth = 8272<LI>Call Chain = TG_GetSeqFromMbs &rArr; TG_GetSeqPointKartesianSpace &rArr; Kin_IKCalcFromQuat &rArr; Kin_IKRaw &rArr; InvMat4 &rArr; Mat4Ones &rArr; __aeabi_memcpy4
</UL>
<BR>[Calls]<UL><LI><a href="#[bd]">&gt;&gt;</a>&nbsp;&nbsp;&nbsp;__aeabi_memcpy4 (via Veneer)
<LI><a href="#[171]">&gt;&gt;</a>&nbsp;&nbsp;&nbsp;TG_GetSeqPointKartesianSpace
<LI><a href="#[170]">&gt;&gt;</a>&nbsp;&nbsp;&nbsp;TG_GetSeqPointConfSpace
</UL>
<BR>[Called By]<UL><LI><a href="#[106]">&gt;&gt;</a>&nbsp;&nbsp;&nbsp;TG_TrajGen
</UL>

<P><STRONG><a name="[170]"></a>TG_GetSeqPointConfSpace</STRONG> (Thumb, 138 bytes, Stack size 704 bytes, trajgen.o(i.TG_GetSeqPointConfSpace))
<BR><BR>[Stack]<UL><LI>Max Depth = 712<LI>Call Chain = TG_GetSeqPointConfSpace &rArr; __aeabi_memcpy4
</UL>
<BR>[Calls]<UL><LI><a href="#[bd]">&gt;&gt;</a>&nbsp;&nbsp;&nbsp;__aeabi_memcpy4 (via Veneer)
</UL>
<BR>[Called By]<UL><LI><a href="#[16f]">&gt;&gt;</a>&nbsp;&nbsp;&nbsp;TG_GetSeqFromMbs
</UL>

<P><STRONG><a name="[171]"></a>TG_GetSeqPointKartesianSpace</STRONG> (Thumb, 554 bytes, Stack size 2048 bytes, trajgen.o(i.TG_GetSeqPointKartesianSpace))
<BR><BR>[Stack]<UL><LI>Max Depth = 7544<LI>Call Chain = TG_GetSeqPointKartesianSpace &rArr; Kin_IKCalcFromQuat &rArr; Kin_IKRaw &rArr; InvMat4 &rArr; Mat4Ones &rArr; __aeabi_memcpy4
</UL>
<BR>[Calls]<UL><LI><a href="#[143]">&gt;&gt;</a>&nbsp;&nbsp;&nbsp;Mat4Ones
<LI><a href="#[bd]">&gt;&gt;</a>&nbsp;&nbsp;&nbsp;__aeabi_memcpy4 (via Veneer)
<LI><a href="#[160]">&gt;&gt;</a>&nbsp;&nbsp;&nbsp;Kin_IKCalcFromQuat
</UL>
<BR>[Called By]<UL><LI><a href="#[16f]">&gt;&gt;</a>&nbsp;&nbsp;&nbsp;TG_GetSeqFromMbs
</UL>

<P><STRONG><a name="[172]"></a>TG_SLP_FindAllTimeStamps</STRONG> (Thumb, 800 bytes, Stack size 448 bytes, trajgen.o(i.TG_SLP_FindAllTimeStamps))
<BR><BR>[Stack]<UL><LI>Max Depth = 548<LI>Call Chain = TG_SLP_FindAllTimeStamps &rArr; TG_SLP_FindOneTimeStamps &rArr; TG_SLP_FindTrace
</UL>
<BR>[Calls]<UL><LI><a href="#[173]">&gt;&gt;</a>&nbsp;&nbsp;&nbsp;TG_SLP_FindOneTimeStamps
</UL>
<BR>[Called By]<UL><LI><a href="#[106]">&gt;&gt;</a>&nbsp;&nbsp;&nbsp;TG_TrajGen
</UL>

<P><STRONG><a name="[173]"></a>TG_SLP_FindOneTimeStamps</STRONG> (Thumb, 220 bytes, Stack size 72 bytes, trajgen.o(i.TG_SLP_FindOneTimeStamps))
<BR><BR>[Stack]<UL><LI>Max Depth = 100<LI>Call Chain = TG_SLP_FindOneTimeStamps &rArr; TG_SLP_FindTrace
</UL>
<BR>[Calls]<UL><LI><a href="#[175]">&gt;&gt;</a>&nbsp;&nbsp;&nbsp;TG_SLP_GetPt12
<LI><a href="#[174]">&gt;&gt;</a>&nbsp;&nbsp;&nbsp;TG_SLP_FindTrace
</UL>
<BR>[Called By]<UL><LI><a href="#[172]">&gt;&gt;</a>&nbsp;&nbsp;&nbsp;TG_SLP_FindAllTimeStamps
</UL>

<P><STRONG><a name="[17b]"></a>TG_SLP_FindPath</STRONG> (Thumb, 374 bytes, Stack size 424 bytes, trajgen.o(i.TG_SLP_FindPath))
<BR><BR>[Stack]<UL><LI>Max Depth = 424<LI>Call Chain = TG_SLP_FindPath
</UL>
<BR>[Called By]<UL><LI><a href="#[106]">&gt;&gt;</a>&nbsp;&nbsp;&nbsp;TG_TrajGen
</UL>

<P><STRONG><a name="[174]"></a>TG_SLP_FindTrace</STRONG> (Thumb, 370 bytes, Stack size 28 bytes, trajgen.o(i.TG_SLP_FindTrace))
<BR><BR>[Stack]<UL><LI>Max Depth = 28<LI>Call Chain = TG_SLP_FindTrace
</UL>
<BR>[Called By]<UL><LI><a href="#[173]">&gt;&gt;</a>&nbsp;&nbsp;&nbsp;TG_SLP_FindOneTimeStamps
</UL>

<P><STRONG><a name="[176]"></a>TG_SLP_FindTraj</STRONG> (Thumb, 1656 bytes, Stack size 21864 bytes, trajgen.o(i.TG_SLP_FindTraj))
<BR><BR>[Stack]<UL><LI>Max Depth = 22232<LI>Call Chain = TG_SLP_FindTraj &rArr; TG_SLP_q2 &rArr; __hardfp_pow &rArr; sqrt &rArr; __set_errno
</UL>
<BR>[Calls]<UL><LI><a href="#[179]">&gt;&gt;</a>&nbsp;&nbsp;&nbsp;TG_SLP_q3
<LI><a href="#[177]">&gt;&gt;</a>&nbsp;&nbsp;&nbsp;TG_SLP_q2
<LI><a href="#[178]">&gt;&gt;</a>&nbsp;&nbsp;&nbsp;TG_SLP_dq2
<LI><a href="#[175]">&gt;&gt;</a>&nbsp;&nbsp;&nbsp;TG_SLP_GetPt12
</UL>
<BR>[Called By]<UL><LI><a href="#[106]">&gt;&gt;</a>&nbsp;&nbsp;&nbsp;TG_TrajGen
</UL>

<P><STRONG><a name="[175]"></a>TG_SLP_GetPt12</STRONG> (Thumb, 70 bytes, Stack size 24 bytes, trajgen.o(i.TG_SLP_GetPt12))
<BR><BR>[Stack]<UL><LI>Max Depth = 24<LI>Call Chain = TG_SLP_GetPt12
</UL>
<BR>[Called By]<UL><LI><a href="#[176]">&gt;&gt;</a>&nbsp;&nbsp;&nbsp;TG_SLP_FindTraj
<LI><a href="#[173]">&gt;&gt;</a>&nbsp;&nbsp;&nbsp;TG_SLP_FindOneTimeStamps
</UL>

<P><STRONG><a name="[178]"></a>TG_SLP_dq2</STRONG> (Thumb, 90 bytes, Stack size 56 bytes, trajgen.o(i.TG_SLP_dq2))
<BR><BR>[Stack]<UL><LI>Max Depth = 56<LI>Call Chain = TG_SLP_dq2
</UL>
<BR>[Called By]<UL><LI><a href="#[176]">&gt;&gt;</a>&nbsp;&nbsp;&nbsp;TG_SLP_FindTraj
</UL>

<P><STRONG><a name="[177]"></a>TG_SLP_q2</STRONG> (Thumb, 330 bytes, Stack size 144 bytes, trajgen.o(i.TG_SLP_q2))
<BR><BR>[Stack]<UL><LI>Max Depth = 368<LI>Call Chain = TG_SLP_q2 &rArr; __hardfp_pow &rArr; sqrt &rArr; __set_errno
</UL>
<BR>[Calls]<UL><LI><a href="#[cf]">&gt;&gt;</a>&nbsp;&nbsp;&nbsp;__hardfp_pow (via Veneer)
</UL>
<BR>[Called By]<UL><LI><a href="#[176]">&gt;&gt;</a>&nbsp;&nbsp;&nbsp;TG_SLP_FindTraj
</UL>

<P><STRONG><a name="[179]"></a>TG_SLP_q3</STRONG> (Thumb, 26 bytes, Stack size 0 bytes, trajgen.o(i.TG_SLP_q3))
<BR><BR>[Called By]<UL><LI><a href="#[176]">&gt;&gt;</a>&nbsp;&nbsp;&nbsp;TG_SLP_FindTraj
</UL>

<P><STRONG><a name="[c5]"></a>Debug_ComUart3Conf</STRONG> (Thumb, 162 bytes, Stack size 24 bytes, debug.o(i.Debug_ComUart3Conf))
<BR><BR>[Stack]<UL><LI>Max Depth = 24<LI>Call Chain = Debug_ComUart3Conf
</UL>
<BR>[Calls]<UL><LI><a href="#[c6]">&gt;&gt;</a>&nbsp;&nbsp;&nbsp;__NVIC_EnableIRQ
</UL>
<BR>[Called By]<UL><LI><a href="#[c7]">&gt;&gt;</a>&nbsp;&nbsp;&nbsp;Debug_Conf
</UL>

<P><STRONG><a name="[cb]"></a>Debug_Crc16</STRONG> (Thumb, 58 bytes, Stack size 20 bytes, debug.o(i.Debug_Crc16))
<BR><BR>[Stack]<UL><LI>Max Depth = 20<LI>Call Chain = Debug_Crc16
</UL>
<BR>[Called By]<UL><LI><a href="#[c9]">&gt;&gt;</a>&nbsp;&nbsp;&nbsp;Debug_SendFrame
<LI><a href="#[ca]">&gt;&gt;</a>&nbsp;&nbsp;&nbsp;Debug_ReadFrame
</UL>

<P><STRONG><a name="[ca]"></a>Debug_ReadFrame</STRONG> (Thumb, 82 bytes, Stack size 8 bytes, debug.o(i.Debug_ReadFrame))
<BR><BR>[Stack]<UL><LI>Max Depth = 28<LI>Call Chain = Debug_ReadFrame &rArr; Debug_Crc16
</UL>
<BR>[Calls]<UL><LI><a href="#[cb]">&gt;&gt;</a>&nbsp;&nbsp;&nbsp;Debug_Crc16
</UL>
<BR>[Called By]<UL><LI><a href="#[34]">&gt;&gt;</a>&nbsp;&nbsp;&nbsp;USART3_IRQHandler
</UL>

<P><STRONG><a name="[c9]"></a>Debug_SendFrame</STRONG> (Thumb, 172 bytes, Stack size 16 bytes, debug.o(i.Debug_SendFrame))
<BR><BR>[Stack]<UL><LI>Max Depth = 36<LI>Call Chain = Debug_SendFrame &rArr; Debug_Crc16
</UL>
<BR>[Calls]<UL><LI><a href="#[cb]">&gt;&gt;</a>&nbsp;&nbsp;&nbsp;Debug_Crc16
</UL>
<BR>[Called By]<UL><LI><a href="#[c8]">&gt;&gt;</a>&nbsp;&nbsp;&nbsp;Debug_PrepareFrame
</UL>

<P><STRONG><a name="[c6]"></a>__NVIC_EnableIRQ</STRONG> (Thumb, 26 bytes, Stack size 0 bytes, debug.o(i.__NVIC_EnableIRQ))
<BR><BR>[Called By]<UL><LI><a href="#[c5]">&gt;&gt;</a>&nbsp;&nbsp;&nbsp;Debug_ComUart3Conf
</UL>
<P>
<H3>
Undefined Global Symbols
</H3><HR></body></html>
